U-Boot SPL 2021.01-g44a87e3ab8 (Mar 13 2022 - 04:22:58 +0000)
SYSFW ABI: 3.1 (firmware rev 0x0016 '22.1.1--v2022.01 (Terrific Llam')
SPL initial stack usage: 13440 bytes
Trying to boot from MMC2
Starting ATF on ARM64 core...

NOTICE:  BL31: v2.5(release):08.01.00.006-dirty
NOTICE:  BL31: Built : 04:09:36, Mar 13 2022

U-Boot SPL 2021.01-g44a87e3ab8 (Mar 13 2022 - 04:10:25 +0000)
SYSFW ABI: 3.1 (firmware rev 0x0016 '22.1.1--v2022.01 (Terrific Llam')
Trying to boot from MMC2


U-Boot 2021.01-g44a87e3ab8 (Mar 13 2022 - 04:10:25 +0000)

SoC:   J721S2 SR1.0
Model: Texas Instruments J721S2 EVM
ti_i2c_eeprom_am6_parse_record: Ignoring record id 17
ti_i2c_eeprom_am6_parse_record: Ignoring record id 17
Board: J721S2X-PM1-SOM rev E1
DRAM:  16 GiB
Flash: 0 Bytes
MMC:   mmc@4f80000: 0, mmc@4fb0000: 1
Loading Environment from MMC... OK
In:    serial@2880000
Out:   serial@2880000
Err:   serial@2880000
am65_cpsw_nuss ethernet@46000000: K3 CPSW: nuss_ver: 0x6BA02102 cpsw_ver: 0x6BA82102 ale_ver: 0x00293904 Ports:1 mdio_freq:1000000
Net:   eth0: ethernet@46000000port@1
Hit any key to stop autoboot:  2  1  0 
switch to partitions #0, OK
mmc1 is current device
SD/MMC found on device 1
Failed to load 'boot.scr'
484 bytes read in 6 ms (78.1 KiB/s)
Loaded env from uEnv.txt
Importing environment from mmc1 ...
Running uenvcmd ...
1 bytes read in 7 ms (0 Bytes/s)
Already setup.
## Error: "main_cpsw0_qsgmii_phyinit" not defined
k3_r5f_rproc r5f@41000000: Core 1 is already in use. No rproc commands work
k3_r5f_rproc r5f@41400000: Core 2 is already in use. No rproc commands work
912520 bytes read in 29 ms (30 MiB/s)
Load Remote Processor 2 with data@addr=0x82000000 912520 bytes: Success!
293836 bytes read in 15 ms (18.7 MiB/s)
Load Remote Processor 3 with data@addr=0x82000000 293836 bytes: Success!
Failed to load '/lib/firmware/j721s2-main-r5f1_0-fw'
Failed to load '/lib/firmware/j721s2-main-r5f1_1-fw'
14159992 bytes read in 140 ms (96.5 MiB/s)
Load Remote Processor 6 with data@addr=0x82000000 14159992 bytes: Success!
9965496 bytes read in 52 ms (182.8 MiB/s)
Load Remote Processor 7 with data@addr=0x82000000 9965496 bytes: Success!
19276288 bytes read in 418 ms (44 MiB/s)
65742 bytes read in 9 ms (7 MiB/s)
9534 bytes read in 7 ms (1.3 MiB/s)
## Flattened Device Tree blob at 88000000
   Booting using the fdt blob at 0x88000000
   Loading Device Tree to 000000008feec000, end 000000008fffffff ... OK

Starting kernel ...

[    0.000000] Booting Linux on physical CPU 0x0000000000 [0x411fd080]
[    0.000000] Linux version 5.10.100-g7a7a3af903 (oe-user@oe-host) (aarch64-none-linux-gnu-gcc (GNU Toolchain for the A-profile Architecture 9.2-2019.12 (arm-9.10)) 9.2.1 20191025, GNU ld (GNU Toolchain for the A-profile Architecture 9.2-2019.12 (arm-9.10)) 2.33.1.20191209) #1 SMP PREEMPT Sun Mar 13 04:12:37 UTC 2022
[    0.000000] Machine model: Texas Instruments J721S2 EVM
[    0.000000] earlycon: ns16550a0 at MMIO32 0x0000000002880000 (options '')
[    0.000000] printk: bootconsole [ns16550a0] enabled
[    0.000000] efi: UEFI not found.
[    0.000000] Reserved memory: created DMA memory pool at 0x00000000a0000000, size 1 MiB
[    0.000000] OF: reserved mem: initialized node vision-apps-r5f-dma-memory@a0000000, compatible id shared-dma-pool
[    0.000000] Reserved memory: created DMA memory pool at 0x00000000a0100000, size 15 MiB
[    0.000000] OF: reserved mem: initialized node vision-apps-r5f-memory@a0100000, compatible id shared-dma-pool
[    0.000000] Reserved memory: created DMA memory pool at 0x00000000a1000000, size 1 MiB
[    0.000000] OF: reserved mem: initialized node vision-apps-r5f-dma-memory@a1000000, compatible id shared-dma-pool
[    0.000000] Reserved memory: created DMA memory pool at 0x00000000a1100000, size 15 MiB
[    0.000000] OF: reserved mem: initialized node vision-apps-r5f-memory@a1100000, compatible id shared-dma-pool
[    0.000000] Reserved memory: created DMA memory pool at 0x00000000a2000000, size 1 MiB
[    0.000000] OF: reserved mem: initialized node vision-apps-r5f-dma-memory@a2000000, compatible id shared-dma-pool
[    0.000000] Reserved memory: created DMA memory pool at 0x00000000a2100000, size 31 MiB
[    0.000000] OF: reserved mem: initialized node vision-apps-r5f-memory@a2100000, compatible id shared-dma-pool
[    0.000000] Reserved memory: created DMA memory pool at 0x00000000a4000000, size 1 MiB
[    0.000000] OF: reserved mem: initialized node vision-apps-r5f-dma-memory@a4000000, compatible id shared-dma-pool
[    0.000000] Reserved memory: created DMA memory pool at 0x00000000a4100000, size 31 MiB
[    0.000000] OF: reserved mem: initialized node vision-apps-r5f-memory@a4100000, compatible id shared-dma-pool
[    0.000000] Reserved memory: created DMA memory pool at 0x00000000a6000000, size 1 MiB
[    0.000000] OF: reserved mem: initialized node vision-apps-r5f-dma-memory@a6000000, compatible id shared-dma-pool
[    0.000000] Reserved memory: created DMA memory pool at 0x00000000a6100000, size 15 MiB
[    0.000000] OF: reserved mem: initialized node vision-apps-r5f-memory@a6100000, compatible id shared-dma-pool
[    0.000000] Reserved memory: created DMA memory pool at 0x00000000a7000000, size 1 MiB
[    0.000000] OF: reserved mem: initialized node vision-apps-r5f-dma-memory@a7000000, compatible id shared-dma-pool
[    0.000000] Reserved memory: created DMA memory pool at 0x00000000a7100000, size 15 MiB
[    0.000000] OF: reserved mem: initialized node vision-apps-r5f-memory@a7100000, compatible id shared-dma-pool
[    0.000000] Reserved memory: created DMA memory pool at 0x00000000a8000000, size 1 MiB
[    0.000000] OF: reserved mem: initialized node vision-apps-c71_1-dma-memory@a8000000, compatible id shared-dma-pool
[    0.000000] Reserved memory: created DMA memory pool at 0x00000000a8100000, size 31 MiB
[    0.000000] OF: reserved mem: initialized node vision-apps-c71_1-memory@a8100000, compatible id shared-dma-pool
[    0.000000] Reserved memory: created DMA memory pool at 0x00000000aa000000, size 1 MiB
[    0.000000] OF: reserved mem: initialized node vision-apps-c71-dma-memory@aa000000, compatible id shared-dma-pool
[    0.000000] Reserved memory: created DMA memory pool at 0x00000000aa100000, size 111 MiB
[    0.000000] OF: reserved mem: initialized node vision-apps-c71_0-memory@aa100000, compatible id shared-dma-pool
[    0.000000] Reserved memory: created DMA memory pool at 0x00000000b4000000, size 96 MiB
[    0.000000] OF: reserved mem: initialized node vision-apps-dma-memory@b4000000, compatible id shared-dma-pool
[    0.000000] OF: reserved mem: initialized node vision_apps_shared-memories, compatible id dma-heap-carveout
[    0.000000] Reserved memory: created DMA memory pool at 0x00000000da000000, size 544 MiB
[    0.000000] OF: reserved mem: initialized node vision-apps-core-heap-memory-lo@da000000, compatible id shared-dma-pool
[    0.000000] Reserved memory: created DMA memory pool at 0x0000000880000000, size 256 MiB
[    0.000000] OF: reserved mem: initialized node vision-apps-core-heap-memory-hi@880000000, compatible id shared-dma-pool
[    0.000000] Zone ranges:
[    0.000000]   DMA      [mem 0x0000000080000000-0x00000000ffffffff]
[    0.000000]   DMA32    empty
[    0.000000]   Normal   [mem 0x0000000100000000-0x0000000bfffeffff]
[    0.000000] Movable zone start for each node
[    0.000000] Early memory node ranges
[    0.000000]   node   0: [mem 0x0000000080000000-0x000000009e7fffff]
[    0.000000]   node   0: [mem 0x000000009e800000-0x00000000b0ffffff]
[    0.000000]   node   0: [mem 0x00000000b1000000-0x00000000b1ffffff]
[    0.000000]   node   0: [mem 0x00000000b2000000-0x00000000fbffffff]
[    0.000000]   node   0: [mem 0x00000000fc000000-0x00000000fffeffff]
[    0.000000]   node   0: [mem 0x0000000880000000-0x000000088fffffff]
[    0.000000]   node   0: [mem 0x0000000890000000-0x0000000bfffeffff]
[    0.000000] Initmem setup node 0 [mem 0x0000000080000000-0x0000000bfffeffff]
[    0.000000] On node 0, zone Normal: 1 pages in unavailable ranges
[    0.000000] cma: Failed to reserve 512 MiB
[    0.000000] psci: probing for conduit method from DT.
[    0.000000] psci: PSCIv1.1 detected in firmware.
[    0.000000] psci: Using standard PSCI v0.2 function IDs
[    0.000000] psci: Trusted OS migration not required
[    0.000000] psci: SMC Calling Convention v1.2
[    0.000000] percpu: Embedded 2 pages/cpu s49880 r8192 d73000 u131072
[    0.000000] Detected PIPT I-cache on CPU0
[    0.000000] CPU features: detected: GIC system register CPU interface
[    0.000000] CPU features: detected: EL2 vector hardening
[    0.000000] CPU features: detected: ARM errata 1165522, 1319367, or 1530923
[    0.000000] Built 1 zonelists, mobility grouping on.  Total pages: 261886
[    0.000000] Kernel command line: console=ttyS2,115200n8 earlycon=ns16550a,mmio32,0x02880000 mtdparts=47040000.spi.0:512k(ospi.tiboot3),2m(ospi.tispl),4m(ospi.u-boot),256k(ospi.env),256k(ospi.env.backup),57088k@8m(ospi.rootfs),256k(ospi.phypattern);47034000.hyperbus:512k(hbmc.tiboot3),2m(hbmc.tispl),4m(hbmc.u-boot),256k(hbmc.env),-@8m(hbmc.rootfs) root=PARTUUID=c2e613a8-02 rw rootfstype=ext4 rootwait
[    0.000000] Dentry cache hash table entries: 2097152 (order: 8, 16777216 bytes, linear)
[    0.000000] Inode-cache hash table entries: 1048576 (order: 7, 8388608 bytes, linear)
[    0.000000] mem auto-init: stack:off, heap alloc:off, heap free:off
[    0.000000] software IO TLB: mapped [mem 0x000000009a800000-0x000000009e800000] (64MB)
[    0.000000] Memory: 14869952K/16777088K available (10880K kernel code, 1288K rwdata, 4352K rodata, 1856K init, 751K bss, 1907136K reserved, 0K cma-reserved)
[    0.000000] SLUB: HWalign=64, Order=0-3, MinObjects=0, CPUs=2, Nodes=1
[    0.000000] rcu: Preemptible hierarchical RCU implementation.
[    0.000000] rcu: 	RCU event tracing is enabled.
[    0.000000] rcu: 	RCU restricting CPUs from NR_CPUS=256 to nr_cpu_ids=2.
[    0.000000] 	Trampoline variant of Tasks RCU enabled.
[    0.000000] rcu: RCU calculated value of scheduler-enlistment delay is 25 jiffies.
[    0.000000] rcu: Adjusting geometry for rcu_fanout_leaf=16, nr_cpu_ids=2
[    0.000000] NR_IRQS: 64, nr_irqs: 64, preallocated irqs: 0
[    0.000000] GICv3: GIC: Using split EOI/Deactivate mode
[    0.000000] GICv3: 960 SPIs implemented
[    0.000000] GICv3: 0 Extended SPIs implemented
[    0.000000] GICv3: Distributor has no Range Selector support
[    0.000000] GICv3: 16 PPIs implemented
[    0.000000] GICv3: CPU0: found redistributor 0 region 0:0x0000000001900000
[    0.000000] ITS [mem 0x01820000-0x0182ffff]
[    0.000000] GIC: enabling workaround for ITS: Socionext Synquacer pre-ITS
[    0.000000] ITS@0x0000000001820000: allocated 1048576 Devices @8a0800000 (flat, esz 8, psz 64K, shr 0)
[    0.000000] ITS: using cache flushing for cmd queue
[    0.000000] GICv3: using LPI property table @0x00000008a00b0000
[    0.000000] GIC: using cache flushing for LPI property table
[    0.000000] GICv3: CPU0: using allocated LPI pending table @0x00000008a00c0000
[    0.000000] random: get_random_bytes called from start_kernel+0x31c/0x4c4 with crng_init=0
[    0.000000] arch_timer: cp15 timer(s) running at 200.00MHz (phys).
[    0.000000] clocksource: arch_sys_counter: mask: 0xffffffffffffff max_cycles: 0x2e2049d3e8, max_idle_ns: 440795210634 ns
[    0.000002] sched_clock: 56 bits at 200MHz, resolution 5ns, wraps every 4398046511102ns
[    0.008335] Console: colour dummy device 80x25
[    0.012900] Calibrating delay loop (skipped), value calculated using timer frequency.. 400.00 BogoMIPS (lpj=800000)
[    0.023570] pid_max: default: 32768 minimum: 301
[    0.028321] LSM: Security Framework initializing
[    0.033091] Mount-cache hash table entries: 32768 (order: 2, 262144 bytes, linear)
[    0.040863] Mountpoint-cache hash table entries: 32768 (order: 2, 262144 bytes, linear)
[    0.050091] rcu: Hierarchical SRCU implementation.
[    0.055175] Platform MSI: msi-controller@1820000 domain created
[    0.061364] PCI/MSI: /bus@100000/interrupt-controller@1800000/msi-controller@1820000 domain created
[    0.070653] EFI services will not be available.
[    0.075413] smp: Bringing up secondary CPUs ...
[    0.080529] Detected PIPT I-cache on CPU1
[    0.080553] GICv3: CPU1: found redistributor 1 region 0:0x0000000001920000
[    0.080565] GICv3: CPU1: using allocated LPI pending table @0x00000008a00d0000
[    0.080607] CPU1: Booted secondary processor 0x0000000001 [0x411fd080]
[    0.080668] smp: Brought up 1 node, 2 CPUs
[    0.110021] SMP: Total of 2 processors activated.
[    0.114826] CPU features: detected: 32-bit EL0 Support
[    0.120082] CPU features: detected: CRC32 instructions
[    0.134455] CPU: All CPU(s) started at EL2
[    0.138658] alternatives: patching kernel code
[    0.143730] devtmpfs: initialized
[    0.150641] KASLR disabled due to lack of seed
[    0.155317] clocksource: jiffies: mask: 0xffffffff max_cycles: 0xffffffff, max_idle_ns: 7645041785100000 ns
[    0.165286] futex hash table entries: 512 (order: -1, 32768 bytes, linear)
[    0.172427] pinctrl core: initialized pinctrl subsystem
[    0.178011] DMI not present or invalid.
[    0.182235] NET: Registered protocol family 16
[    0.187302] DMA: preallocated 2048 KiB GFP_KERNEL pool for atomic allocations
[    0.194967] DMA: preallocated 2048 KiB GFP_KERNEL|GFP_DMA pool for atomic allocations
[    0.203279] DMA: preallocated 2048 KiB GFP_KERNEL|GFP_DMA32 pool for atomic allocations
[    0.211676] thermal_sys: Registered thermal governor 'step_wise'
[    0.211679] thermal_sys: Registered thermal governor 'power_allocator'
[    0.218039] hw-breakpoint: found 6 breakpoint and 4 watchpoint registers.
[    0.231683] ASID allocator initialised with 65536 entries
[    0.249246] HugeTLB registered 16.0 GiB page size, pre-allocated 0 pages
[    0.256103] HugeTLB registered 512 MiB page size, pre-allocated 0 pages
[    0.262861] HugeTLB registered 2.00 MiB page size, pre-allocated 0 pages
[    0.270812] cryptd: max_cpu_qlen set to 1000
[    0.276928] k3-chipinfo 43000014.chipid: Family:J721S2 rev:SR1.0 JTAGID[0x0bb7502f] Detected
[    0.285835] vsys_3v3: supplied by evm_12v0
[    0.290209] vsys_5v0: supplied by evm_12v0
[    0.294913] iommu: Default domain type: Translated 
[    0.300068] SCSI subsystem initialized
[    0.304126] mc: Linux media interface: v0.10
[    0.308507] videodev: Linux video capture interface: v2.00
[    0.314139] pps_core: LinuxPPS API ver. 1 registered
[    0.319210] pps_core: Software ver. 5.3.6 - Copyright 2005-2007 Rodolfo Giometti <giometti@linux.it>
[    0.328555] PTP clock support registered
[    0.332577] EDAC MC: Ver: 3.0.0
[    0.336326] FPGA manager framework
[    0.339843] Advanced Linux Sound Architecture Driver Initialized.
[    0.346538] clocksource: Switched to clocksource arch_sys_counter
[    0.352979] VFS: Disk quotas dquot_6.6.0
[    0.357032] VFS: Dquot-cache hash table entries: 8192 (order 0, 65536 bytes)
[    0.366864] Carveout Heap: Exported 512 MiB at 0x00000000ba000000
[    0.373164] NET: Registered protocol family 2
[    0.377969] IP idents hash table entries: 262144 (order: 5, 2097152 bytes, linear)
[    0.389066] tcp_listen_portaddr_hash hash table entries: 8192 (order: 1, 131072 bytes, linear)
[    0.397974] TCP established hash table entries: 131072 (order: 4, 1048576 bytes, linear)
[    0.406669] TCP bind hash table entries: 65536 (order: 4, 1048576 bytes, linear)
[    0.414850] TCP: Hash tables configured (established 131072 bind 65536)
[    0.421728] UDP hash table entries: 8192 (order: 2, 262144 bytes, linear)
[    0.428826] UDP-Lite hash table entries: 8192 (order: 2, 262144 bytes, linear)
[    0.436449] NET: Registered protocol family 1
[    0.441235] RPC: Registered named UNIX socket transport module.
[    0.447308] RPC: Registered udp transport module.
[    0.452113] RPC: Registered tcp transport module.
[    0.456916] RPC: Registered tcp NFSv4.1 backchannel transport module.
[    0.463505] PCI: CLS 0 bytes, default 64
[    0.467915] hw perfevents: enabled with armv8_cortex_a72 PMU driver, 7 counters available
[    0.478465] Initialise system trusted keyrings
[    0.483118] workingset: timestamp_bits=46 max_order=18 bucket_order=0
[    0.491421] squashfs: version 4.0 (2009/01/31) Phillip Lougher
[    0.497670] NFS: Registering the id_resolver key type
[    0.502862] Key type id_resolver registered
[    0.507135] Key type id_legacy registered
[    0.511260] nfs4filelayout_init: NFSv4 File Layout Driver Registering...
[    0.518108] nfs4flexfilelayout_init: NFSv4 Flexfile Layout Driver Registering...
[    0.525756] 9p: Installing v9fs 9p2000 file system support
[    0.550866] Key type asymmetric registered
[    0.555054] Asymmetric key parser 'x509' registered
[    0.560058] Block layer SCSI generic (bsg) driver version 0.4 loaded (major 243)
[    0.567617] io scheduler mq-deadline registered
[    0.572243] io scheduler kyber registered
[    0.577438] pinctrl-single 4301c000.pinctrl: 94 pins, size 376
[    0.583545] pinctrl-single 11c000.pinctrl: 72 pins, size 288
[    0.591647] k3-ringacc 2b800000.ringacc: Failed to get MSI domain
[    0.597928] k3-ringacc 3c000000.ringacc: Failed to get MSI domain
[    0.605748] Serial: 8250/16550 driver, 10 ports, IRQ sharing enabled
[    0.617919] brd: module loaded
[    0.624109] loop: module loaded
[    0.627666] sysfs: cannot create duplicate filename '/devices/platform/dma_buf_phys'
[    0.635597] CPU: 1 PID: 1 Comm: swapper/0 Not tainted 5.10.100-g7a7a3af903 #1
[    0.642885] Hardware name: Texas Instruments J721S2 EVM (DT)
[    0.648663] Call trace:
[    0.651166]  dump_backtrace+0x0/0x1a0
[    0.654902]  show_stack+0x18/0x68
[    0.658285]  dump_stack+0xd0/0x12c
[    0.661755]  sysfs_warn_dup+0x60/0x80
[    0.665490]  sysfs_create_dir_ns+0xe0/0xf8
[    0.669672]  kobject_add_internal+0x98/0x288
[    0.674028]  kobject_add+0x94/0x100
[    0.677589]  device_add+0xe0/0x740
[    0.681059]  platform_device_add+0x100/0x238
[    0.685416]  platform_device_register_full+0xcc/0x150
[    0.690575]  dma_buf_phys_init+0x6c/0x9c
[    0.694577]  do_one_initcall+0x54/0x1b8
[    0.698492]  kernel_init_freeable+0x220/0x2a0
[    0.702938]  kernel_init+0x14/0x114
[    0.706496]  ret_from_fork+0x10/0x34
[    0.710170] kobject_add_internal failed for dma_buf_phys with -EEXIST, don't try to register things with the same name in the same directory.
[    0.723358] megasas: 07.714.04.00-rc1
[    0.728719] tun: Universal TUN/TAP device driver, 1.6
[    0.734145] igbvf: Intel(R) Gigabit Virtual Function Network Driver
[    0.740552] igbvf: Copyright (c) 2009 - 2012 Intel Corporation.
[    0.746622] sky2: driver version 1.30
[    0.750846] VFIO - User Level meta-driver version: 0.3
[    0.756520] i2c /dev entries driver
[    0.760609] sdhci: Secure Digital Host Controller Interface driver
[    0.766936] sdhci: Copyright(c) Pierre Ossman
[    0.771636] sdhci-pltfm: SDHCI platform and OF driver helper
[    0.777887] ledtrig-cpu: registered to indicate activity on CPUs
[    0.784216] SMCCC: SOC_ID: ARCH_SOC_ID not implemented, skipping ....
[    0.791321] optee: probing for conduit method.
[    0.795885] optee: revision 3.12 (3d47a131)
[    0.796156] optee: initialized driver
[    0.805324] NET: Registered protocol family 17
[    0.809942] 9pnet: Installing 9P2000 support
[    0.814332] Key type dns_resolver registered
[    0.818785] Loading compiled-in X.509 certificates
[    0.826733] k3-ringacc 2b800000.ringacc: Failed to get MSI domain
[    0.833081] k3-ringacc 3c000000.ringacc: Failed to get MSI domain
[    0.840956] ti-sci 44083000.system-controller: ABI: 3.1 (firmware rev 0x0016 '22.1.1--v2022.01 (Terrific Llam')
[    0.866468] random: fast init done
[    0.874842] omap_i2c 42120000.i2c: bus 0 rev0.12 at 100 kHz
[    0.880962] omap_i2c 40b00000.i2c: bus 1 rev0.12 at 100 kHz
[    0.887028] omap_i2c 40b10000.i2c: bus 2 rev0.12 at 100 kHz
[    0.893420] pca953x 3-0021: supply vcc not found, using dummy regulator
[    0.900244] pca953x 3-0021: using no AI
[    0.927071] pca953x 3-0020: supply vcc not found, using dummy regulator
[    0.933879] pca953x 3-0020: using no AI
[    0.938473] pca953x 3-0022: supply vcc not found, using dummy regulator
[    0.945276] pca953x 3-0022: using AI
[    0.949590] omap_i2c 2000000.i2c: bus 3 rev0.12 at 400 kHz
[    0.955958] ti-sci-intr 42200000.interrupt-controller: Interrupt Router 125 domain created
[    0.964552] ti-sci-intr bus@100000:interrupt-controller@a00000: Interrupt Router 148 domain created
[    0.973889] ti-sci-intr 310e0000.interrupt-controller: Interrupt Router 227 domain created
[    0.982477] ti-sci-inta 33d00000.msi-controller: Interrupt Aggregator domain 265 created
[    0.991070] j721e-pcie 2910000.pcie: host bridge /bus@100000/pcie@2910000 ranges:
[    0.998741] j721e-pcie 2910000.pcie:       IO 0x0018001000..0x0018010fff -> 0x0018001000
[    1.007018] j721e-pcie 2910000.pcie:      MEM 0x0018011000..0x001fffffff -> 0x0018011000
[    1.015294] j721e-pcie 2910000.pcie:   IB MEM 0x0000000000..0xffffffffffff -> 0x0000000000
[    1.024110] j721e-pcie 2910000.pcie: Failed to init phy
[    1.030199] k3-ringacc 2b800000.ringacc: Ring Accelerator probed rings:286, gp-rings[96,20] sci-dev-id:272
[    1.040082] k3-ringacc 2b800000.ringacc: dma-ring-reset-quirk: disabled
[    1.046842] k3-ringacc 2b800000.ringacc: RA Proxy rev. 66349100, num_proxies:64
[    1.055783] k3-ringacc 3c000000.ringacc: Ring Accelerator probed rings:1024, gp-rings[423,150] sci-dev-id:259
[    1.065935] k3-ringacc 3c000000.ringacc: dma-ring-reset-quirk: disabled
[    1.072694] k3-ringacc 3c000000.ringacc: RA Proxy rev. 66349100, num_proxies:64
[    1.080379] omap8250 40a00000.serial: failed to get alias
[    1.086450] printk: console [ttyS2] disabled
[    1.090848] 2880000.serial: ttyS2 at MMIO 0x2880000 (irq = 25, base_baud = 3000000) is a 8250
[    1.099593] printk: console [ttyS2] enabled
[    1.099593] printk: console [ttyS2] enabled
[    1.108030] printk: bootconsole [ns16550a0] disabled
[    1.108030] printk: bootconsole [ns16550a0] disabled
[    1.162545] davinci_mdio 46000f00.mdio: davinci mdio revision 9.7, bus freq 1000000
[    1.171643] davinci_mdio 46000f00.mdio: phy[0]: device 46000f00.mdio:00, driver TI DP83867
[    1.179948] am65-cpsw-nuss 46000000.ethernet: initializing am65 cpsw nuss version 0x6BA02102, cpsw version 0x6BA82102 Ports: 2 quirks:00000000
[    1.193856] am65-cpts 310d0000.cpts: CPTS ver 0x4e8a010c, freq:200000000, add_val:4 pps:0
[    1.202888] mmc0: CQHCI version 5.10
[    1.203241] gpio-mux mux-controller0: 2-way mux-controller registered
[    1.213347] gpio-mux mux-controller1: 2-way mux-controller registered
[    1.223288] vdd_mmc1: supplied by vsys_3v3
[    1.228326] omap-mailbox 31f80000.mailbox: omap mailbox rev 0x66fca100
[    1.235191] omap-mailbox 31f81000.mailbox: omap mailbox rev 0x66fca100
[    1.242005] omap-mailbox 31f82000.mailbox: omap mailbox rev 0x66fca100
[    1.247409] mmc0: SDHCI controller on 4f80000.mmc [4f80000.mmc] using ADMA 64-bit
[    1.248803] omap-mailbox 31f84000.mailbox: omap mailbox rev 0x66fca100
[    1.262958] j721e-pcie 2910000.pcie: host bridge /bus@100000/pcie@2910000 ranges:
[    1.270450] j721e-pcie 2910000.pcie:       IO 0x0018001000..0x0018010fff -> 0x0018001000
[    1.278593] j721e-pcie 2910000.pcie:      MEM 0x0018011000..0x001fffffff -> 0x0018011000
[    1.286733] j721e-pcie 2910000.pcie:   IB MEM 0x0000000000..0xffffffffffff -> 0x0000000000
[    1.295272] j721e-pcie 2910000.pcie: Failed to init phy
[    1.301533] ti-udma 285c0000.dma-controller: Channels: 26 (tchan: 13, rchan: 13, gp-rflow: 8)
[    1.311586] ti-udma 31150000.dma-controller: Channels: 50 (tchan: 25, rchan: 25, gp-rflow: 16)
[    1.324081] spi-nor spi0.0: s28hs512t (65536 Kbytes)
[    1.329060] 7 cmdlinepart partitions found on MTD device 47040000.spi.0
[    1.335659] Creating 7 MTD partitions on "47040000.spi.0":
[    1.341140] 0x000000000000-0x000000080000 : "ospi.tiboot3"
[    1.347196] 0x000000080000-0x000000280000 : "ospi.tispl"
[    1.352968] 0x000000280000-0x000000680000 : "ospi.u-boot"
[    1.358858] 0x000000680000-0x0000006c0000 : "ospi.env"
[    1.364437] 0x0000006c0000-0x000000700000 : "ospi.env.backup"
[    1.370618] 0x000000800000-0x000003fc0000 : "ospi.rootfs"
[    1.376457] 0x000003fc0000-0x000004000000 : "ospi.phypattern"
[    1.388133] spi-nor spi1.0: mt25qu512a (65536 Kbytes)
[    1.407041] mmc0: Command Queue Engine enabled
[    1.411494] mmc0: new HS400 MMC card at address 0001
[    1.416768] mmcblk0: mmc0:0001 S0J56X 14.8 GiB 
[    1.421410] mmcblk0boot0: mmc0:0001 S0J56X partition 1 31.5 MiB
[    1.427434] mmcblk0boot1: mmc0:0001 S0J56X partition 2 31.5 MiB
[    1.433455] mmcblk0rpmb: mmc0:0001 S0J56X partition 3 4.00 MiB, chardev (237:0)
[    1.434554] davinci_mdio 46000f00.mdio: davinci mdio revision 9.7, bus freq 1000000
[    1.449979] davinci_mdio 46000f00.mdio: phy[0]: device 46000f00.mdio:00, driver TI DP83867
[    1.458304] am65-cpsw-nuss 46000000.ethernet: initializing am65 cpsw nuss version 0x6BA02102, cpsw version 0x6BA82102 Ports: 2 quirks:00000000
[    1.471589] am65-cpsw-nuss 46000000.ethernet: set new flow-id-base 48
[    1.478461] am65-cpsw-nuss 46000000.ethernet: initialized cpsw ale version 1.4
[    1.485678] am65-cpsw-nuss 46000000.ethernet: ALE Table size 64
[    1.492054] am65-cpsw-nuss 46000000.ethernet: CPTS ver 0x4e8a010b, freq:500000000, add_val:1 pps:0
[    1.502717] mmc1: CQHCI version 5.10
[    1.506426] j721e-pcie 2910000.pcie: host bridge /bus@100000/pcie@2910000 ranges:
[    1.513931] j721e-pcie 2910000.pcie:       IO 0x0018001000..0x0018010fff -> 0x0018001000
[    1.522014] j721e-pcie 2910000.pcie:      MEM 0x0018011000..0x001fffffff -> 0x0018011000
[    1.530099] j721e-pcie 2910000.pcie:   IB MEM 0x0000000000..0xffffffffffff -> 0x0000000000
[    1.538592] j721e-pcie 2910000.pcie: Failed to init phy
[    1.545057] j721e-pcie 2910000.pcie: host bridge /bus@100000/pcie@2910000 ranges:
[    1.552544] mmc1: SDHCI controller on 4fb0000.mmc [4fb0000.mmc] using ADMA 64-bit
[    1.552553] j721e-pcie 2910000.pcie:       IO 0x0018001000..0x0018010fff -> 0x0018001000
[    1.568088] j721e-pcie 2910000.pcie:      MEM 0x0018011000..0x001fffffff -> 0x0018011000
[    1.576168] j721e-pcie 2910000.pcie:   IB MEM 0x0000000000..0xffffffffffff -> 0x0000000000
[    1.584644] j721e-pcie 2910000.pcie: Failed to init phy
[    1.590960] j721e-pcie 2910000.pcie: host bridge /bus@100000/pcie@2910000 ranges:
[    1.598450] j721e-pcie 2910000.pcie:       IO 0x0018001000..0x0018010fff -> 0x0018001000
[    1.606534] j721e-pcie 2910000.pcie:      MEM 0x0018011000..0x001fffffff -> 0x0018011000
[    1.608626] mmc1: new ultra high speed DDR50 SDHC card at address aaaa
[    1.614612] j721e-pcie 2910000.pcie:   IB MEM 0x0000000000..0xffffffffffff -> 0x0000000000
[    1.621461] mmcblk1: mmc1:aaaa SK32G 29.7 GiB 
[    1.634032] j721e-pcie 2910000.pcie: Failed to init phy
[    1.636610]  mmcblk1: p1 p2
[    1.639892] debugfs: Directory 'pd:276' with parent 'pm_genpd' already present!
[    1.650466] j721e-pcie 2910000.pcie: host bridge /bus@100000/pcie@2910000 ranges:
[    1.658622] j721e-pcie 2910000.pcie:       IO 0x0018001000..0x0018010fff -> 0x0018001000
[    1.667092] j721e-pcie 2910000.pcie:      MEM 0x0018011000..0x001fffffff -> 0x0018011000
[    1.671165] ALSA device list:
[    1.675196] j721e-pcie 2910000.pcie:   IB MEM 0x0000000000..0xffffffffffff -> 0x0000000000
[    1.678135]   No soundcards found.
[    1.689980] j721e-pcie 2910000.pcie: Failed to init phy
[    1.703266] EXT4-fs (mmcblk1p2): warning: mounting fs with errors, running e2fsck is recommended
[    1.757555] EXT4-fs (mmcblk1p2): mounted filesystem with ordered data mode. Opts: (null)
[    1.765683] VFS: Mounted root (ext4 filesystem) on device 179:98.
[    1.776008] devtmpfs: mounted
[    1.779263] Freeing unused kernel memory: 1856K
[    1.783838] Run /sbin/init as init process
[    1.966362] systemd[1]: System time before build time, advancing clock.
[    2.025835] NET: Registered protocol family 10
[    2.030814] Segment Routing with IPv6
[    2.053959] systemd[1]: systemd 244.5+ running in system mode. (+PAM -AUDIT -SELINUX +IMA -APPARMOR -SMACK +SYSVINIT +UTMP -LIBCRYPTSETUP -GCRYPT -GNUTLS +ACL +XZ -LZ4 -SECCOMP +BLKID -ELFUTILS +KMOD -IDN2 -IDN -PCRE2 default-hierarchy=hybrid)
[    2.075750] systemd[1]: Detected architecture arm64.

Welcome to Arago 2021.09!

[    2.111218] systemd[1]: Set hostname to <j721s2-evm>.
[    2.300276] systemd[1]: /lib/systemd/system/docker.socket:6: ListenStream= references a path below legacy directory /var/run/, updating /var/run/docker.sock → /run/docker.sock; please update the unit file accordingly.
[    2.381666] random: systemd: uninitialized urandom read (16 bytes read)
[    2.388428] systemd[1]: system-getty.slice: unit configures an IP firewall, but the local system does not support BPF/cgroup firewalling.
[    2.400769] systemd[1]: (This warning is only shown for the first unit using IP firewalling.)
[    2.410852] systemd[1]: Created slice system-getty.slice.
[  OK  ] Created slice system-getty.slice.
[    2.430643] random: systemd: uninitialized urandom read (16 bytes read)
[    2.437982] systemd[1]: Created slice system-serial\x2dgetty.slice.
[  OK  ] Created slice system-serial\x2dgetty.slice.
[    2.458619] random: systemd: uninitialized urandom read (16 bytes read)
[    2.465943] systemd[1]: Created slice system-syslog\x2dng.slice.
[  OK  ] Created slice system-syslog\x2dng.slice.
[    2.487310] systemd[1]: Created slice User and Session Slice.
[  OK  ] Created slice User and Session Slice.
[    2.510753] systemd[1]: Started Dispatch Password Requests to Console Directory Watch.
[  OK  ] Started Dispatch Password …ts to Console Directory Watch.
[    2.534668] systemd[1]: Started Forward Password Requests to Wall Directory Watch.
[  OK  ] Started Forward Password R…uests to Wall Directory Watch.
[    2.558667] systemd[1]: Reached target Paths.
[  OK  ] Reached target Paths.
[    2.574599] systemd[1]: Reached target Remote File Systems.
[  OK  ] Reached target Remote File Systems.
[    2.594591] systemd[1]: Reached target Slices.
[  OK  ] Reached target Slices.
[    2.610595] systemd[1]: Reached target Swap.
[  OK  ] Reached target Swap.
[    2.631318] systemd[1]: Listening on RPCbind Server Activation Socket.
[  OK  ] Listening on RPCbind Server Activation Socket.
[    2.654630] systemd[1]: Reached target RPC Port Mapper.
[  OK  ] Reached target RPC Port Mapper.
[    2.676849] systemd[1]: Listening on Process Core Dump Socket.
[  OK  ] Listening on Process Core Dump Socket.
[    2.698742] systemd[1]: Listening on initctl Compatibility Named Pipe.
[  OK  ] Listening on initctl Compatibility Named Pipe.
[    2.731531] systemd[1]: Condition check resulted in Journal Audit Socket being skipped.
[    2.739931] systemd[1]: Listening on Journal Socket (/dev/log).
[  OK  ] Listening on Journal Socket (/dev/log).
[    2.762860] systemd[1]: Listening on Journal Socket.
[  OK  ] Listening on Journal Socket.
[    2.778893] systemd[1]: Listening on Network Service Netlink Socket.
[  OK  ] Listening on Network Service Netlink Socket.
[    2.803866] systemd[1]: Listening on udev Control Socket.
[  OK  ] Listening on udev Control Socket.
[    2.826735] systemd[1]: Listening on udev Kernel Socket.
[  OK  ] Listening on udev Kernel Socket.
[    2.849159] systemd[1]: Mounting Huge Pages File System...
         Mounting Huge Pages File System...
[    2.868971] systemd[1]: Mounting POSIX Message Queue File System...
         Mounting POSIX Message Queue File System...
[    2.893144] systemd[1]: Mounting Kernel Debug File System...
         Mounting Kernel Debug File System...
[    2.914240] systemd[1]: Mounting Temporary Directory (/tmp)...
         Mounting Temporary Directory (/tmp)...
[    2.933936] systemd[1]: Starting Create list of static device nodes for the current kernel...
         Starting Create list of st…odes for the current kernel...
[    2.962187] systemd[1]: Starting RPC Bind...
         Starting RPC Bind...
[    2.978795] systemd[1]: Condition check resulted in File System Check on Root Device being skipped.
[    2.991609] systemd[1]: Starting Journal Service...
         Starting Journal Service...
[    3.011205] systemd[1]: Starting Load Kernel Modules...
         Starting Load Kernel Modules...
[    3.027440] cryptodev: loading out-of-tree module taints kernel.
[    3.034566] cryptodev: driver 1.10 loaded.
[    3.041492] systemd[1]: Starting Remount Root and Kernel File Systems...
         Starting Remount Root and Kernel File Systems...
[    3.056661] EXT4-fs (mmcblk1p2): re-mounted. Opts: (null)
[    3.069614] systemd[1]: Starting udev Coldplug all Devices...
         Starting udev Coldplug all Devices...
[    3.093556] systemd[1]: Started RPC Bind.
[  OK  ] Started RPC Bind.
[    3.111021] systemd[1]: Started Journal Service.
[  OK  ] Started Journal Service.
[  OK  ] Mounted Huge Pages File System.
[  OK  ] Mounted POSIX Message Queue File System.
[  OK  ] Mounted Kernel Debug File System.
[  OK  ] Mounted Temporary Directory (/tmp).
[  OK  ] Started Create list of sta… nodes for the current kernel.
[  OK  ] Started Load Kernel Modules.
[  OK  ] Started Remount Root and Kernel File Systems.
         Mounting Kernel Configuration File System...
         Starting Flush Journal to Persistent Storage...
         Starting Apply Kernel Variables...
[    3.289395] systemd-journald[152]: Received client request to flush runtime journal.
         Starting Create Static Device Nodes in /dev...
[  OK  ] Mounted Kernel Configuration File System.
[  OK  ] Started Flush Journal to Persistent Storage.
[  OK  ] Started Apply Kernel Variables.
[  OK  ] Started Create Static Device Nodes in /dev.
[  OK  ] Started udev Coldplug all Devices.
[  OK  ] Reached target Local File Systems (Pre).
         Mounting /media/ram...
         Mounting /var/volatile...
         Starting udev Wait for Complete Device Initialization...
         Starting udev Kernel Device Manager...
[  OK  ] Mounted /media/ram.
[  OK  ] Mounted /var/volatile.
         Starting Load/Save Random Seed...
[  OK  ] Reached target Local File Systems.
         Starting Create Volatile Files and Directories...
[  OK  ] Started Create Volatile Files and Directories.
         Starting Network Time Synchronization...
         Starting Update UTMP about System Boot/Shutdown...
[  OK  ] Started udev Kernel Device Manager.
[  OK  ] Started Update UTMP about System Boot/Shutdown.
[  OK  ] Started Network Time Synchronization.
[  OK  ] Reached target System Time Set.
[  OK  ] Reached target System Time Synchronized.
[    3.866337] CAN device driver interface
[    3.875678] j721e-pcie 2910000.pcie: host bridge /bus@100000/pcie@2910000 ranges:
[    3.885470] j721e-pcie 2910000.pcie:       IO 0x0018001000..0x0018010fff -> 0x0018001000
[    3.894900] cdns-mhdp8546 a000000.dp-bridge: no PHY configured
[    3.900780] j721e-pcie 2910000.pcie:      MEM 0x0018011000..0x001fffffff -> 0x0018011000
[    3.908948] j721e-pcie 2910000.pcie:   IB MEM 0x0000000000..0xffffffffffff -> 0x0000000000
[    3.918458] k3-dsp-rproc 64800000.dsp: assigned reserved memory node vision-apps-c71-dma-memory@aa000000
[    3.928193] j721e-pcie 2910000.pcie: Failed to init phy
[    3.937497] k3-dsp-rproc 64800000.dsp: configured DSP for IPC-only mode
[    3.972430] wave5: module is from the staging directory, the quality is unknown, you have been warned.
[    4.005258] remoteproc remoteproc0: 64800000.dsp is available
[    4.051924] vdec 4210000.video-codec: enum product_id : 00000000
[    4.062594] vdec 4210000.video-codec: fw_version : 00000000(r240897)
[    4.102894] remoteproc remoteproc0: attaching to 64800000.dsp
[    4.138957] j721e-pcie 2910000.pcie: host bridge /bus@100000/pcie@2910000 ranges:
[    4.148007] j721e-pcie 2910000.pcie:       IO 0x0018001000..0x0018010fff -> 0x0018001000
[    4.160683] j721e-pcie 2910000.pcie:      MEM 0x0018011000..0x001fffffff -> 0x0018011000
[    4.168878] j721e-pcie 2910000.pcie:   IB MEM 0x0000000000..0xffffffffffff -> 0x0000000000
[    4.181561] remoteproc remoteproc0: unsupported resource 65538
[    4.183482] j721e-pcie 2910000.pcie: Failed to init phy
[    4.196312] cdns-mhdp8546 a000000.dp-bridge: no PHY configured
[    4.239056] platform 41000000.r5f: R5F core may have been powered on by a different host, programmed state (0) != actual state (1)
[    4.336879] k3-dsp-rproc 64800000.dsp: DSP initialized in IPC-only mode
[    4.403816] platform 41000000.r5f: configured R5F for IPC-only mode
[    4.446601]  remoteproc0#vdev0buffer: assigned reserved memory node vision-apps-c71-dma-memory@aa000000
[    4.456543] platform 41000000.r5f: assigned reserved memory node vision-apps-r5f-dma-memory@a0000000
[    4.515235] virtio_rpmsg_bus virtio0: rpmsg host is online
[    4.516300] remoteproc remoteproc1: 41000000.r5f is available
[    4.526579] virtio_rpmsg_bus virtio0: creating channel rpmsg_chrdev addr 0xd
[    4.541555] remoteproc remoteproc1: attaching to 41000000.r5f
[    4.541859]  remoteproc0#vdev0buffer: registered virtio0 (type 7)
[    4.547685] platform 41000000.r5f: R5F core initialized in IPC-only mode
[    4.560272]  remoteproc1#vdev0buffer: assigned reserved memory node vision-apps-r5f-dma-memory@a0000000
[    4.560298] j721e-pcie 2910000.pcie: host bridge /bus@100000/pcie@2910000 ranges:
[    4.570265] virtio_rpmsg_bus virtio1: rpmsg host is online
[    4.582726] virtio_rpmsg_bus virtio1: creating channel ti.ipc4.ping-pong addr 0xd
[    4.589250] j721e-pcie 2910000.pcie:       IO 0x0018001000..0x0018010fff -> 0x0018001000
[    4.590405] virtio_rpmsg_bus virtio1: creating channel rpmsg_chrdev addr 0xe
[    4.606649] j721e-pcie 2910000.pcie:      MEM 0x0018011000..0x001fffffff -> 0x0018011000
[    4.607810]  remoteproc1#vdev0buffer: registered virtio1 (type 7)
[    4.614823] j721e-pcie 2910000.pcie:   IB MEM 0x0000000000..0xffffffffffff -> 0x0000000000
[    4.620951] remoteproc remoteproc1: remote processor 41000000.r5f is now attached
[    4.637192] remoteproc remoteproc0: remote processor 64800000.dsp is now attached
[    4.646207] platform 5c00000.r5f: configured R5F for IPC-only mode
[    4.652462] j721e-pcie 2910000.pcie: Failed to init phy
[    4.653223] platform 5c00000.r5f: assigned reserved memory node vision-apps-r5f-dma-memory@a2000000
[    4.666827] cdns-mhdp8546 a000000.dp-bridge: no PHY configured
[    4.667067] remoteproc remoteproc2: 5c00000.r5f is available
[    4.678608] remoteproc remoteproc2: attaching to 5c00000.r5f
[    4.684647] platform 5c00000.r5f: R5F core initialized in IPC-only mode
[    4.691422]  remoteproc2#vdev0buffer: assigned reserved memory node vision-apps-r5f-dma-memory@a2000000
[    4.696603] k3-dsp-rproc 65800000.dsp: assigned reserved memory node vision-apps-c71_1-dma-memory@a8000000
[    4.701242] virtio_rpmsg_bus virtio2: rpmsg host is online
[    4.716043] virtio_rpmsg_bus virtio2: creating channel rpmsg_chrdev addr 0xd
[    4.723451]  remoteproc2#vdev0buffer: registered virtio2 (type 7)
[    4.729754] remoteproc remoteproc2: remote processor 5c00000.r5f is now attached
[    4.738627] j721e-pcie 2910000.pcie: host bridge /bus@100000/pcie@2910000 ranges:
[    4.747279] platform 5d00000.r5f: configured R5F for IPC-only mode
[    4.748599] j721e-pcie 2910000.pcie:       IO 0x0018001000..0x0018010fff -> 0x0018001000
[    4.760009] platform 5d00000.r5f: assigned reserved memory node vision-apps-r5f-dma-memory@a4000000
[    4.772913] j721e-pcie 2910000.pcie:      MEM 0x0018011000..0x001fffffff -> 0x0018011000
[    4.790583] j721e-pcie 2910000.pcie:   IB MEM 0x0000000000..0xffffffffffff -> 0x0000000000
[    4.805870] j721e-pcie 2910000.pcie: Failed to init phy
[    4.817274] cdns-mhdp8546 a000000.dp-bridge: no PHY configured
[    4.885243] remoteproc remoteproc4: 5d00000.r5f is available
[    5.039409] remoteproc remoteproc4: attaching to 5d00000.r5f
[    5.083801] k3-dsp-rproc 65800000.dsp: configured DSP for IPC-only mode
[    5.106987] platform 5d00000.r5f: R5F core initialized in IPC-only mode
[    5.160127] remoteproc remoteproc3: 65800000.dsp is available
[    5.199096]  remoteproc4#vdev0buffer: assigned reserved memory node vision-apps-r5f-dma-memory@a4000000
[    5.247616] remoteproc remoteproc3: attaching to 65800000.dsp
[    5.316758] virtio_rpmsg_bus virtio3: rpmsg host is online
[    5.323045] remoteproc remoteproc3: unsupported resource 65538
[    5.328985] virtio_rpmsg_bus virtio3: creating channel rpmsg_chrdev addr 0xd
[    5.352289] j721e-pcie 2910000.pcie: host bridge /bus@100000/pcie@2910000 ranges:
[    5.361240]  remoteproc4#vdev0buffer: registered virtio3 (type 7)
[    5.367433] j721e-pcie 2910000.pcie:       IO 0x0018001000..0x0018010fff -> 0x0018001000
[    5.375565] j721e-pcie 2910000.pcie:      MEM 0x0018011000..0x001fffffff -> 0x0018011000
[    5.383735] j721e-pcie 2910000.pcie:   IB MEM 0x0000000000..0xffffffffffff -> 0x0000000000
[    5.396961] j721e-pcie 2910000.pcie: Failed to init phy
[    5.404139] k3-dsp-rproc 65800000.dsp: DSP initialized in IPC-only mode
[    5.410833] cdns-mhdp8546 a000000.dp-bridge: no PHY configured
[    5.431180] j721e-pcie 2910000.pcie: host bridge /bus@100000/pcie@2910000 ranges:
[    5.439731] j721e-pcie 2910000.pcie:       IO 0x0018001000..0x0018010fff -> 0x0018001000
[    5.444707] remoteproc remoteproc4: remote processor 5d00000.r5f is now attached
[    5.455141] j721e-pcie 2910000.pcie:      MEM 0x0018011000..0x001fffffff -> 0x0018011000
[    5.467125] j721e-pcie 2910000.pcie:   IB MEM 0x0000000000..0xffffffffffff -> 0x0000000000
[    5.478303] j721e-pcie 2910000.pcie: Failed to init phy
[    5.485580] cdns-mhdp8546 a000000.dp-bridge: no PHY configured
[    5.497338] m_can_platform 40528000.can: m_can device registered (irq=19, version=32)
[    5.511705] m_can_platform 40568000.can: m_can device registered (irq=21, version=32)
[    5.523953] m_can_platform 2731000.can: m_can device registered (irq=32, version=32)
[    5.536708] m_can_platform 2751000.can: m_can device registered (irq=34, version=32)
[    5.548722] m_can_platform 26a1000.can: m_can device registered (irq=36, version=32)
[    5.560131] j721e-pcie 2910000.pcie: host bridge /bus@100000/pcie@2910000 ranges:
[    5.570634] j721e-pcie 2910000.pcie:       IO 0x0018001000..0x0018010fff -> 0x0018001000
[    5.578746] j721e-pcie 2910000.pcie:      MEM 0x0018011000..0x001fffffff -> 0x0018011000
[    5.586850] j721e-pcie 2910000.pcie:   IB MEM 0x0000000000..0xffffffffffff -> 0x0000000000
[    5.595386] j721e-pcie 2910000.pcie: Failed to init phy
[    5.601206] cdns-mhdp8546 a000000.dp-bridge: no PHY configured
[    5.608498] j721e-pcie 2910000.pcie: host bridge /bus@100000/pcie@2910000 ranges:
[    5.616877] j721e-pcie 2910000.pcie:       IO 0x0018001000..0x0018010fff -> 0x0018001000
[    5.625003] j721e-pcie 2910000.pcie:      MEM 0x0018011000..0x001fffffff -> 0x0018011000
[    5.633104] j721e-pcie 2910000.pcie:   IB MEM 0x0000000000..0xffffffffffff -> 0x0000000000
[    5.641803] j721e-pcie 2910000.pcie: Failed to init phy
[    5.650456] cdns-mhdp8546 a000000.dp-bridge: no PHY configured
[    5.666804]  remoteproc3#vdev0buffer: assigned reserved memory node vision-apps-c71_1-dma-memory@a8000000
[    5.667262] platform 5e00000.r5f: configured R5F for remoteproc mode
[    5.726921] virtio_rpmsg_bus virtio4: rpmsg host is online
[    5.732554] virtio_rpmsg_bus virtio0: creating channel rpmsg_chrdev addr 0x15
[    5.740545] virtio_rpmsg_bus virtio0: creating channel ti.ipc4.ping-pong addr 0xe
[    5.750676] virtio_rpmsg_bus virtio4: creating channel rpmsg_chrdev addr 0xd
[    5.757936] virtio_rpmsg_bus virtio4: creating channel rpmsg_chrdev addr 0x15
[    5.765212] virtio_rpmsg_bus virtio4: creating channel ti.ipc4.ping-pong addr 0xe
[    5.774507] virtio_rpmsg_bus virtio2: creating channel rpmsg_chrdev addr 0x15
[    5.783710] virtio_rpmsg_bus virtio3: creating channel rpmsg_chrdev addr 0x15
[    5.791057] virtio_rpmsg_bus virtio3: creating channel ti.ipc4.ping-pong addr 0xe
[    5.804237] platform 5e00000.r5f: assigned reserved memory node vision-apps-r5f-dma-memory@a6000000
[    5.826783] remoteproc remoteproc5: 5e00000.r5f is available
[    5.832503] virtio_rpmsg_bus virtio2: creating channel ti.ipc4.ping-pong addr 0xe
[    5.841744] remoteproc remoteproc5: Direct firmware load for j721s2-main-r5f1_0-fw failed with error -2
[    5.851532] remoteproc remoteproc5: powering up 5e00000.r5f
[    5.857446] remoteproc remoteproc5: Direct firmware load for j721s2-main-r5f1_0-fw failed with error -2
[    5.870710] remoteproc remoteproc5: request_firmware failed: -2
[    5.894584] platform 5f00000.r5f: configured R5F for remoteproc mode
[    5.920732] platform 5f00000.r5f: assigned reserved memory node vision-apps-r5f-dma-memory@a7000000
[    5.946484]  remoteproc3#vdev0buffer: registered virtio4 (type 7)
[    5.951197] remoteproc remoteproc6: 5f00000.r5f is available
[    5.952737] j721e-pcie 2910000.pcie: host bridge /bus@100000/pcie@2910000 ranges:
[    5.966721] j721e-pcie 2910000.pcie:       IO 0x0018001000..0x0018010fff -> 0x0018001000
[    5.982599] j721e-pcie 2910000.pcie:      MEM 0x0018011000..0x001fffffff -> 0x0018011000
[    5.998616] j721e-pcie 2910000.pcie:   IB MEM 0x0000000000..0xffffffffffff -> 0x0000000000
[    6.015168] remoteproc remoteproc6: Direct firmware load for j721s2-main-r5f1_1-fw failed with error -2
[    6.025123] j721e-pcie 2910000.pcie: Failed to init phy
[    6.034550] remoteproc remoteproc6: powering up 5f00000.r5f
[    6.041632] cdns-mhdp8546 a000000.dp-bridge: no PHY configured
[    6.054576] remoteproc remoteproc6: Direct firmware load for j721s2-main-r5f1_1-fw failed with error -2
[    6.065534] j721e-pcie 2910000.pcie: host bridge /bus@100000/pcie@2910000 ranges:
[    6.076285] remoteproc remoteproc6: request_firmware failed: -2
[    6.083441] j721e-pcie 2910000.pcie:       IO 0x0018001000..0x0018010fff -> 0x0018001000
[    6.097123] j721e-pcie 2910000.pcie:      MEM 0x0018011000..0x001fffffff -> 0x0018011000
[    6.110612] j721e-pcie 2910000.pcie:   IB MEM 0x0000000000..0xffffffffffff -> 0x0000000000
[    6.124520] j721e-pcie 2910000.pcie: Failed to init phy
[    6.138908] remoteproc remoteproc3: remote processor 65800000.dsp is now attached
[    6.195011] cdns-mhdp8546 a000000.dp-bridge: no PHY configured
[    6.203402] j721e-pcie 2910000.pcie: host bridge /bus@100000/pcie@2910000 ranges:
[    6.214711] j721e-pcie 2910000.pcie:       IO 0x0018001000..0x0018010fff -> 0x0018001000
[    6.226604] j721e-pcie 2910000.pcie:      MEM 0x0018011000..0x001fffffff -> 0x0018011000
[    6.238601] j721e-pcie 2910000.pcie:   IB MEM 0x0000000000..0xffffffffffff -> 0x0000000000
[    6.250618] j721e-pcie 2910000.pcie: Failed to init phy
[    6.278592] random: crng init done
[    6.281997] random: 7 urandom warning(s) missed due to ratelimiting
[  OK  ] Started Load/Save Random Seed.
[  OK  ] Created slice system-systemd\x2dfsck.slice.
[    6.754865] usbcore: registered new interface driver usbfs
[    6.776562] usbcore: registered new interface driver hub
[    6.816290] cdns-mhdp8546 a000000.dp-bridge: no PHY configured
[    6.824518] j721e-pcie 2910000.pcie: host bridge /bus@100000/pcie@2910000 ranges:
[    6.832307] usbcore: registered new device driver usb
[    6.837450] j721e-pcie 2910000.pcie:       IO 0x0018001000..0x0018010fff -> 0x0018001000
[    6.846672] j721e-pcie 2910000.pcie:      MEM 0x0018011000..0x001fffffff -> 0x0018011000
[    6.856689] j721e-pcie 2910000.pcie:   IB MEM 0x0000000000..0xffffffffffff -> 0x0000000000
[    6.867469] j721e-pcie 2910000.pcie: Failed to init phy
[    6.875145] cdns-mhdp8546 a000000.dp-bridge: no PHY configured
[    6.884460] j721e-pcie 2910000.pcie: host bridge /bus@100000/pcie@2910000 ranges:
[    6.894380] j721e-pcie 2910000.pcie:       IO 0x0018001000..0x0018010fff -> 0x0018001000
[    6.902529] j721e-pcie 2910000.pcie:      MEM 0x0018011000..0x001fffffff -> 0x0018011000
[    6.912030] j721e-pcie 2910000.pcie:   IB MEM 0x0000000000..0xffffffffffff -> 0x0000000000
[    6.921428] j721e-pcie 2910000.pcie: Failed to init phy
[    7.011158] cdns-mhdp8546 a000000.dp-bridge: no PHY configured
[    7.019486] j721e-pcie 2910000.pcie: host bridge /bus@100000/pcie@2910000 ranges:
[    7.027012] j721e-pcie 2910000.pcie:       IO 0x0018001000..0x0018010fff -> 0x0018001000
[    7.043115] j721e-pcie 2910000.pcie:      MEM 0x0018011000..0x001fffffff -> 0x0018011000
[    7.051277] j721e-pcie 2910000.pcie:   IB MEM 0x0000000000..0xffffffffffff -> 0x0000000000
[    7.062797] j721e-pcie 2910000.pcie: Failed to init phy
[  OK  ] Found device /dev/mmcblk1p1.
         Starting File System Check on /dev/mmcblk1p1...
[  OK  ] Started udev Wait for Complete Device Initialization.
[  OK  ] Started Hardware RNG Entropy Gatherer Daemon.
[  OK  ] Reached target System Initialization.
[  OK  ] Started Daily rotation of log files.
[  OK  ] Started Daily Cleanup of Temporary Directories.
[  OK  ] Reached target Timers.
[  OK  ] Listening on Avahi mDNS/DNS-SD Stack Activation Socket.
[  OK  ] Listening on D-Bus System Message Bus Socket.
         Starting Docker Socket for the API.
[  OK  ] Listening on dropbear.socket.
         Starting Reboot and dump vmcore via kexec...
[  OK  ] Listening on Docker Socket for the API.
[  OK  ] Reached target Sockets.
[  OK  ] Reached target Basic System.
[  OK  ] Started Job spooling tools.
[  OK  ] Started Periodic Command Scheduler.
[  OK  ] Started D-Bus System Message Bus.
         Starting Ethernet Bridge Filtering Tables...
         Starting Print notice about GPLv3 packages...
         Starting IPv6 Packet Filtering Framework...
         Starting IPv4 Packet Filtering Framework...
[  OK  ] Started irqbalance daemon.
         Starting Telephony service...
         Starting System Logger Daemon "default" instance...
         Starting Login Service...
[  OK  ] Started TEE Supplicant.
         Starting telnetd.service...
[  OK  ] Started Reboot and dump vmcore via kexec.
[  OK  ] Started File System Check on /dev/mmcblk1p1.
[  OK  ] Started Ethernet Bridge Filtering Tables.
[  OK  ] Started IPv6 Packet Filtering Framework.
[  OK  ] Started IPv4 Packet Filtering Framework.
[  OK  ] Started telnetd.service.
[  OK  ] Reached target Network (Pre).
         Mounting /run/media/mmcblk1p1...
         Starting syslog.service...
         Starting Network Service...
[  OK  ] Started Telephony service.
[  OK  ] Listening on Load/Save RF …itch Status /dev/rfkill Watch.
[    7.624450] Bluetooth: Core ver 2.22
[    7.630705] NET: Registered protocol family 31
[    7.638211] Bluetooth: HCI device and connection manager initialized
[    7.650590] Bluetooth: HCI socket layer initialized
[    7.655545] Bluetooth: L2CAP socket layer initialized
[    7.666623] Bluetooth: SCO socket layer initialized
[  OK  ] Started System Logger Daemon "default" instance.
[  OK  ] Mounted /run/media/mmcblk1p1.
[  OK  ] Started syslog.service.
[  OK  ] Started Login Service.
[  OK  ] Started Network Service.
         Starting Wait for Network to be Configured...
         Starting Network Name Resolution...
[    7.853955] TI DP83867 46000f00.mdio:00: attached PHY driver [TI DP83867] (mii_bus:phy_addr=46000f00.mdio:00, irq=POLL)
[    7.902692] am65-cpsw-nuss 46000000.ethernet eth0: Link is Down
[  OK  ] Started Network Name Resolution.
[  OK  ] Reached target Network.
[  OK  ] Reached target Host and Network Name Lookups.
         Starting Avahi mDNS/DNS-SD Stack...
         Starting Enable and configure wl18xx bluetooth stack...
[  OK  ] Started NFS status monitor for NFSv2/3 locking..
         Starting Simple Network Ma…ent Protocol (SNMP) Daemon....
         Starting Permit User Sessions...
[  OK  ] Started Vsftpd ftp daemon.
[  OK  ] Started Permit User Sessions.
[  OK  ] Started Getty on tty1.
[  OK  ] Started Serial Getty on ttyS2.
[  OK  ] Reached target Login Prompts.
         Starting Synchronize System and HW clocks...
[FAILED] Failed to start Synchronize System and HW clocks.
See 'systemctl status sync-clocks.service' for details.
[  OK  ] Started Enable and configure wl18xx bluetooth stack.
[  OK  ] Started Avahi mDNS/DNS-SD Stack.
[  OK  ] Started Simple Network Man…ement Protocol (SNMP) Daemon..
***************************************************************
***************************************************************
NOTICE: This file system contains the following GPLv3 packages:
	autoconf
	bash-dev
	bash
	bc
	binutils
	cifs-utils
	coreutils-stdbuf
	coreutils
	cpio
	cpp-symlinks
	cpp
	dosfstools
	elfutils
	g++-symlinks
	g++
	gawk
	gcc-symlinks
	gcc
	gdb
	gdbserver
	gettext
	gstreamer1.0-libav-dev
	gstreamer1.0-libav
	gzip
	less
	libasm1
	libbfd
	libdw1
	libelf1
	libgdbm-compat4
	libgdbm-dev
	libgdbm6
	libgettextlib
	libgettextsrc
	libgmp-dev
	libgmp10
	libgmpxx4
	libidn2-0
	libidn2-dev
	libmpc3
	libmpfr6
	libreadline-dev
	libreadline8
	libunistring-dev
	libunistring2
	m4-dev
	m4
	make
	nettle-dev
	nettle
	parted
	python3-rfc3987
	python3-strict-rfc3339
	tar
	which
	zeromq

If you do not wish to distribute GPLv3 components please remove
the above packages prior to distribution.  This can be done using
the opkg remove command.  i.e.:
    opkg remove <package>
Where <package> is the name printed in the list above

NOTE: If the package is a dependency of another package you
      will be notified of the dependent packages.  You should
      use the --force-removal-of-dependent-packages option to
      also remove the dependent packages as well
***************************************************************
***************************************************************
[  OK  ] Started Print notice about GPLv3 packages.

 _____                    _____           _         _   
|  _  |___ ___ ___ ___   |  _  |___ ___  |_|___ ___| |_ 
|     |  _| .'| . | . |  |   __|  _| . | | | -_|  _|  _|
|__|__|_| |__,|_  |___|  |__|  |_| |___|_| |___|___|_|  
              |___|                    |___|            

Arago Project http://arago-project.org j721s2-evm ttyS2

Arago 2021.09 j721s2-evm ttyS2

j721s2-evm login: root
root@j721s2-evm:~# cd /opt/vision_apps/
root@j721s2-evm:/opt/vision_apps# source ./vision_apps_init.sh 
root@j721s2-evm:/opt/vision_apps# [MCU2_0]      4.228998 s: CIO: Init ... Done !!!
[MCU2_0]      4.229046 s: ### CPU Frequency = 1000000000 Hz
[MCU2_0]      4.229078 s: APP: Init ... !!!
[MCU2_0]      4.229097 s: SCICLIENT: Init ... !!!
[MCU2_0]      4.229223 s: SCICLIENT: DMSC FW version [22.1.1--v2022.01 (Terrific Llam]
[MCU2_0]      4.229256 s: SCICLIENT: DMSC FW revision 0x16  
[MCU2_0]      4.229283 s: SCICLIENT: DMSC FW ABI revision 3.1
[MCU2_0]      4.229314 s: SCICLIENT: Init ... Done !!!
[MCU2_0]      4.229336 s: UDMA: Init ... !!!
[MCU2_0]      4.230266 s: UDMA: Init ... Done !!!
[MCU2_0]      4.230304 s: UDMA: Init ... !!!
[MCU2_0]      4.230830 s: UDMA: Init for CSITX/CSIRX ... Done !!!
[MCU2_0]      4.230867 s: MEM: Init ... !!!
[MCU2_0]      4.230900 s: MEM: Created heap (DDR_SHARED_MEM, id=0, flags=0x00000004) @ db000000 of size 16777216 bytes !!!
[MCU2_0]      4.230961 s: MEM: Init ... Done !!!
[MCU2_0]      4.230982 s: IPC: Init ... !!!
[MCU2_0]      4.231026 s: IPC: 5 CPUs participating in IPC !!!
[MCU2_0]      4.231060 s: IPC: Waiting for HLOS to be ready ... !!!
[MCU2_0]     10.647420 s: IPC: HLOS is ready !!!
[MCU2_0]     10.656751 s: IPC: Init ... Done !!!
[MCU2_0]     10.656792 s: APP: Syncing with 4 CPUs ... !!!
[MCU2_0]     11.674948 s: APP: Syncing with 4 CPUs ... Done !!!
[MCU2_0]     11.674982 s: REMOTE_SERVICE: Init ... !!!
[MCU2_0]     11.676288 s: REMOTE_SERVICE: Init ... Done !!!
[MCU2_0]     11.676327 s: FVID2: Init ... !!!
[MCU2_0]     11.676381 s: FVID2: Init ... Done !!!
[MCU2_0]     11.676404 s: SCICLIENT: Sciclient_pmSetModuleState module=219 state=2
[MCU2_0]     11.676515 s: SCICLIENT: Sciclient_pmSetModuleState success
[MCU2_0]     11.676557 s: DSS: Init ... !!!
[MCU2_0]     11.676579 s: DSS: Display type is eDP !!!
[MCU2_0]     11.676608 s: DSS: M2M Path is enabled !!!
[MCU2_0]     11.676631 s: DSS: SoC init ... !!!
[MCU2_0]     11.676652 s: SCICLIENT: Sciclient_pmSetModuleState module=158 state=0
[MCU2_0]     11.676762 s: SCICLIENT: Sciclient_pmSetModuleState success
[MCU2_0]     11.676789 s: SCICLIENT: Sciclient_pmSetModuleState module=365 state=2
[MCU2_0]     11.677000 s: SCICLIENT: Sciclient_pmSetModuleState success
[MCU2_0]     11.677025 s: SCICLIENT: Sciclient_pmSetModuleState module=156 state=2
[MCU2_0]     11.677142 s: SCICLIENT: Sciclient_pmSetModuleState success
[MCU2_0]     11.677168 s: SCICLIENT: Sciclient_pmSetModuleState module=365 state=2
[MCU2_0]     11.677287 s: SCICLIENT: Sciclient_pmSetModuleState success
[MCU2_0]     11.677312 s: SCICLIENT: Sciclient_pmSetModuleState module=156 state=2
[MCU2_0]     11.677376 s: SCICLIENT: Sciclient_pmSetModuleState success
[MCU2_0]     11.677401 s: SCICLIENT: Sciclient_pmSetModuleState module=158 state=0
[MCU2_0]     11.677468 s: SCICLIENT: Sciclient_pmSetModuleState success
[MCU2_0]     11.677494 s: SCICLIENT: Sciclient_pmSetModuleClkFreq module=158 clk=36 freq=148500000
[MCU2_0]     11.678269 s: SCICLIENT: Sciclient_pmSetModuleClkFreq success
[MCU2_0]     11.678296 s: SCICLIENT: Sciclient_pmModuleClkRequest module=158 clk=36 state=2 flag=2
[MCU2_0]     11.678439 s: SCICLIENT: Sciclient_pmModuleClkRequest success
[MCU2_0]     11.678466 s: SCICLIENT: Sciclient_pmSetModuleState module=158 state=2
[MCU2_0]     11.678602 s: SCICLIENT: Sciclient_pmSetModuleState success
[MCU2_0]     11.678629 s: DSS: SoC init ... Done !!!
[MCU2_0]     11.678651 s: DSS: Board init ... !!!
[MCU2_0]     11.678672 s: DSS: Board init ... Done !!!
[MCU2_0]     11.731376 s: DSS: Init ... Done !!!
[MCU2_0]     11.731425 s: VHWA: VPAC Init ... !!!
[MCU2_0]     11.731448 s: SCICLIENT: Sciclient_pmSetModuleState module=361 state=2
[MCU2_0]     11.731617 s: SCICLIENT: Sciclient_pmSetModuleState success
[MCU2_0]     11.731651 s: VHWA: LDC Init ... !!!
[MCU2_0]     11.733183 s: VHWA: LDC Init ... Done !!!
[MCU2_0]     11.733221 s: VHWA: MSC Init ... !!!
[MCU2_0]     11.738981 s: VHWA: MSC Init ... Done !!!
[MCU2_0]     11.739016 s: VHWA: NF Init ... !!!
[MCU2_0]     11.739789 s: VHWA: NF Init ... Done !!!
[MCU2_0]     11.739821 s: VHWA: VISS Init ... !!!
[MCU2_0]     11.744311 s: VHWA: VISS Init ... Done !!!
[MCU2_0]     11.744343 s: VHWA: VPAC Init ... Done !!!
[MCU2_0]     11.744378 s:  VX_ZONE_INIT:Enabled
[MCU2_0]     11.744404 s:  VX_ZONE_ERROR:Enabled
[MCU2_0]     11.744426 s:  VX_ZONE_WARNING:Enabled
[MCU2_0]     11.745111 s:  VX_ZONE_INIT:[tivxPlatformCreateTargetId:54] Added target IPU1-0 
[MCU2_0]     11.745301 s:  VX_ZONE_INIT:[tivxPlatformCreateTargetId:54] Added target VPAC_NF 
[MCU2_0]     11.745485 s:  VX_ZONE_INIT:[tivxPlatformCreateTargetId:54] Added target VPAC_LDC1 
[MCU2_0]     11.745671 s:  VX_ZONE_INIT:[tivxPlatformCreateTargetId:54] Added target VPAC_MSC1 
[MCU2_0]     11.745866 s:  VX_ZONE_INIT:[tivxPlatformCreateTargetId:54] Added target VPAC_MSC2 
[MCU2_0]     11.746117 s:  VX_ZONE_INIT:[tivxPlatformCreateTargetId:54] Added target VPAC_VISS1 
[MCU2_0]     11.746313 s:  VX_ZONE_INIT:[tivxPlatformCreateTargetId:54] Added target CAPTURE1 
[MCU2_0]     11.746502 s:  VX_ZONE_INIT:[tivxPlatformCreateTargetId:54] Added target CAPTURE2 
[MCU2_0]     11.746699 s:  VX_ZONE_INIT:[tivxPlatformCreateTargetId:54] Added target DISPLAY1 
[MCU2_0]     11.746893 s:  VX_ZONE_INIT:[tivxPlatformCreateTargetId:54] Added target DISPLAY2 
[MCU2_0]     11.747070 s:  VX_ZONE_INIT:[tivxPlatformCreateTargetId:54] Added target CSITX 
[MCU2_0]     11.747340 s:  VX_ZONE_INIT:[tivxPlatformCreateTargetId:54] Added target CAPTURE3 
[MCU2_0]     11.747538 s:  VX_ZONE_INIT:[tivxPlatformCreateTargetId:54] Added target CAPTURE4 
[MCU2_0]     11.747750 s:  VX_ZONE_INIT:[tivxPlatformCreateTargetId:54] Added target CAPTURE5 
[MCU2_0]     11.747949 s:  VX_ZONE_INIT:[tivxPlatformCreateTargetId:54] Added target CAPTURE6 
[MCU2_0]     11.748130 s:  VX_ZONE_INIT:[tivxPlatformCreateTargetId:54] Added target CAPTURE7 
[MCU2_0]     11.748307 s:  VX_ZONE_INIT:[tivxPlatformCreateTargetId:54] Added target CAPTURE8 
[MCU2_0]     11.748476 s:  VX_ZONE_INIT:[tivxPlatformCreateTargetId:54] Added target DSS_M2M1 
[MCU2_0]     11.748670 s:  VX_ZONE_INIT:[tivxPlatformCreateTargetId:54] Added target DSS_M2M2 
[MCU2_0]     11.748865 s:  VX_ZONE_INIT:[tivxPlatformCreateTargetId:54] Added target DSS_M2M3 
[MCU2_0]     11.749054 s:  VX_ZONE_INIT:[tivxPlatformCreateTargetId:54] Added target DSS_M2M4 
[MCU2_0]     11.749098 s:  VX_ZONE_INIT:[tivxInitLocal:130] Initialization Done !!!
[MCU2_0]     11.749128 s: APP: OpenVX Target kernel init ... !!!
[MCU2_0]     11.771727 s: APP: OpenVX Target kernel init ... Done !!!
[MCU2_0]     11.771763 s: CSI2RX: Init ... !!!
[MCU2_0]     11.771785 s: SCICLIENT: Sciclient_pmSetModuleState module=136 state=2
[MCU2_0]     11.771871 s: SCICLIENT: Sciclient_pmSetModuleState success
[MCU2_0]     11.771901 s: SCICLIENT: Sciclient_pmSetModuleState module=38 state=2
[MCU2_0]     11.772015 s: SCICLIENT: Sciclient_pmSetModuleState success
[MCU2_0]     11.772041 s: SCICLIENT: Sciclient_pmSetModuleState module=39 state=2
[MCU2_0]     11.772131 s: SCICLIENT: Sciclient_pmSetModuleState success
[MCU2_0]     11.772157 s: SCICLIENT: Sciclient_pmSetModuleState module=152 state=2
[MCU2_0]     11.772224 s: SCICLIENT: Sciclient_pmSetModuleState success
[MCU2_0]     11.772249 s: SCICLIENT: Sciclient_pmSetModuleState module=153 state=2
[MCU2_0]     11.772320 s: SCICLIENT: Sciclient_pmSetModuleState success
[MCU2_0]     11.772855 s: CSI2RX: Init ... Done !!!
[MCU2_0]     11.772890 s: CSI2TX: Init ... !!!
[MCU2_0]     11.772912 s: SCICLIENT: Sciclient_pmSetModuleState module=136 state=2
[MCU2_0]     11.772982 s: SCICLIENT: Sciclient_pmSetModuleState success
[MCU2_0]     11.773009 s: SCICLIENT: Sciclient_pmSetModuleState module=40 state=2
[MCU2_0]     11.773106 s: SCICLIENT: Sciclient_pmSetModuleState success
[MCU2_0]     11.773131 s: SCICLIENT: Sciclient_pmSetModuleState module=41 state=2
[MCU2_0]     11.773219 s: SCICLIENT: Sciclient_pmSetModuleState success
[MCU2_0]     11.773244 s: SCICLIENT: Sciclient_pmSetModuleState module=363 state=2
[MCU2_0]     11.773322 s: SCICLIENT: Sciclient_pmSetModuleState success
[MCU2_0]     11.773731 s: CSI2TX: Init ... Done !!!
[MCU2_0]     11.773762 s: ISS: Init ... !!!
[MCU2_0]     11.773793 s: IssSensor_Init ... Done !!!
[MCU2_0]     11.773856 s: vissRemoteServer_Init ... Done !!!
[MCU2_0]     11.773905 s: IttRemoteServer_Init ... Done !!!
[MCU2_0]     11.773930 s: UDMA Copy: Init ... !!!
[MCU2_0]     11.774853 s: UDMA Copy: Init ... Done !!!
[MCU2_0]     11.774914 s: APP: Init ... Done !!!
[MCU2_0]     11.774941 s: APP: Run ... !!!
[MCU2_0]     11.774961 s: IPC: Starting echo test ...
[MCU2_0]     11.777032 s: APP: Run ... Done !!!
[MCU2_0]     11.777745 s: IPC: Echo status: mpu1_0[x] mcu2_0[s] mcu2_1[.] C7X_1[P] C7X_2[.] 
[MCU2_0]     11.777817 s: IPC: Echo status: mpu1_0[x] mcu2_0[s] mcu2_1[.] C7X_1[P] C7X_2[P] 
[MCU2_0]     11.777877 s: IPC: Echo status: mpu1_0[x] mcu2_0[s] mcu2_1[P] C7X_1[P] C7X_2[P] 
[MCU2_1]      4.222827 s: CIO: Init ... Done !!!
[MCU2_1]      4.222876 s: ### CPU Frequency = 1000000000 Hz
[MCU2_1]      4.222907 s: APP: Init ... !!!
[MCU2_1]      4.222927 s: SCICLIENT: Init ... !!!
[MCU2_1]      4.223051 s: SCICLIENT: DMSC FW version [22.1.1--v2022.01 (Terrific Llam]
[MCU2_1]      4.223086 s: SCICLIENT: DMSC FW revision 0x16  
[MCU2_1]      4.223116 s: SCICLIENT: DMSC FW ABI revision 3.1
[MCU2_1]      4.223148 s: SCICLIENT: Init ... Done !!!
[MCU2_1]      4.223171 s: UDMA: Init ... !!!
[MCU2_1]      4.224295 s: UDMA: Init ... Done !!!
[MCU2_1]      4.224331 s: MEM: Init ... !!!
[MCU2_1]      4.224366 s: MEM: Created heap (DDR_SHARED_MEM, id=0, flags=0x00000004) @ dc000000 of size 16777216 bytes !!!
[MCU2_1]      4.224427 s: MEM: Init ... Done !!!
[MCU2_1]      4.224450 s: IPC: Init ... !!!
[MCU2_1]      4.224502 s: IPC: 5 CPUs participating in IPC !!!
[MCU2_1]      4.224538 s: IPC: Waiting for HLOS to be ready ... !!!
[MCU2_1]     11.262920 s: IPC: HLOS is ready !!!
[MCU2_1]     11.272298 s: IPC: Init ... Done !!!
[MCU2_1]     11.272340 s: APP: Syncing with 4 CPUs ... !!!
[MCU2_1]     11.674947 s: APP: Syncing with 4 CPUs ... Done !!!
[MCU2_1]     11.674983 s: REMOTE_SERVICE: Init ... !!!
[MCU2_1]     11.676479 s: REMOTE_SERVICE: Init ... Done !!!
[MCU2_1]     11.676517 s: FVID2: Init ... !!!
[MCU2_1]     11.676574 s: FVID2: Init ... Done !!!
[MCU2_1]     11.676600 s: VHWA: DMPAC: Init ... !!!
[MCU2_1]     11.676622 s: SCICLIENT: Sciclient_pmSetModuleState module=58 state=2
[MCU2_1]     11.676743 s: SCICLIENT: Sciclient_pmSetModuleState success
[MCU2_1]     11.676777 s: SCICLIENT: Sciclient_pmSetModuleState module=62 state=2
[MCU2_1]     11.676859 s: SCICLIENT: Sciclient_pmSetModuleState success
[MCU2_1]     11.676887 s: VHWA: DOF Init ... !!!
[MCU2_1]     11.680777 s: VHWA: DOF Init ... Done !!!
[MCU2_1]     11.680811 s: VHWA: SDE Init ... !!!
[MCU2_1]     11.681953 s: VHWA: SDE Init ... Done !!!
[MCU2_1]     11.681984 s: VHWA: DMPAC: Init ... Done !!!
[MCU2_1]     11.682019 s:  VX_ZONE_INIT:Enabled
[MCU2_1]     11.682043 s:  VX_ZONE_ERROR:Enabled
[MCU2_1]     11.682066 s:  VX_ZONE_WARNING:Enabled
[MCU2_1]     11.682754 s:  VX_ZONE_INIT:[tivxPlatformCreateTargetId:54] Added target DMPAC_SDE 
[MCU2_1]     11.682946 s:  VX_ZONE_INIT:[tivxPlatformCreateTargetId:54] Added target DMPAC_DOF 
[MCU2_1]     11.683133 s:  VX_ZONE_INIT:[tivxPlatformCreateTargetId:54] Added target IPU1-1 
[MCU2_1]     11.683175 s:  VX_ZONE_INIT:[tivxInitLocal:130] Initialization Done !!!
[MCU2_1]     11.683206 s: APP: OpenVX Target kernel init ... !!!
[MCU2_1]     11.683474 s: APP: OpenVX Target kernel init ... Done !!!
[MCU2_1]     11.683507 s: UDMA Copy: Init ... !!!
[MCU2_1]     11.684461 s: UDMA Copy: Init ... Done !!!
[MCU2_1]     11.684500 s: APP: Init ... Done !!!
[MCU2_1]     11.684524 s: APP: Run ... !!!
[MCU2_1]     11.684545 s: IPC: Starting echo test ...
[MCU2_1]     11.686680 s: APP: Run ... Done !!!
[MCU2_1]     11.687227 s: IPC: Echo status: mpu1_0[x] mcu2_0[x] mcu2_1[s] C7X_1[P] C7X_2[.] 
[MCU2_1]     11.687303 s: IPC: Echo status: mpu1_0[x] mcu2_0[x] mcu2_1[s] C7X_1[P] C7X_2[P] 
[MCU2_1]     11.777668 s: IPC: Echo status: mpu1_0[x] mcu2_0[P] mcu2_1[s] C7X_1[P] C7X_2[P] 
[C7x_1 ]      4.368448 s: CIO: Init ... Done !!!
[C7x_1 ]      4.368465 s: ### CPU Frequency = 1000000000 Hz
[C7x_1 ]      4.368477 s: APP: Init ... !!!
[C7x_1 ]      4.368485 s: SCICLIENT: Init ... !!!
[C7x_1 ]      4.368598 s: SCICLIENT: DMSC FW version [22.1.1--v2022.01 (Terrific Llam]
[C7x_1 ]      4.368611 s: SCICLIENT: DMSC FW revision 0x16  
[C7x_1 ]      4.368622 s: SCICLIENT: DMSC FW ABI revision 3.1
[C7x_1 ]      4.368633 s: SCICLIENT: Init ... Done !!!
[C7x_1 ]      4.368642 s: UDMA: Init ... !!!
[C7x_1 ]      4.369575 s: UDMA: Init ... Done !!!
[C7x_1 ]      4.369589 s: MEM: Init ... !!!
[C7x_1 ]      4.369601 s: MEM: Created heap (DDR_SHARED_MEM, id=0, flags=0x00000004) @ 100000000 of size 268435456 bytes !!!
[C7x_1 ]      4.369620 s: MEM: Created heap (L3_MEM, id=1, flags=0x00000001) @ 70020000 of size 3964928 bytes !!!
[C7x_1 ]      4.369639 s: MEM: Created heap (L2_MEM, id=2, flags=0x00000001) @ 64800000 of size 458752 bytes !!!
[C7x_1 ]      4.369656 s: MEM: Created heap (L1_MEM, id=3, flags=0x00000001) @ 64e00000 of size 16384 bytes !!!
[C7x_1 ]      4.369673 s: MEM: Created heap (DDR_SCRATCH_MEM, id=4, flags=0x00000001) @ e3000000 of size 419430400 bytes !!!
[C7x_1 ]      4.369692 s: MEM: Init ... Done !!!
[C7x_1 ]      4.369700 s: IPC: Init ... !!!
[C7x_1 ]      4.369714 s: IPC: 5 CPUs participating in IPC !!!
[C7x_1 ]      4.369729 s: IPC: Waiting for HLOS to be ready ... !!!
[C7x_1 ]     10.461412 s: IPC: HLOS is ready !!!
[C7x_1 ]     10.463351 s: IPC: Init ... Done !!!
[C7x_1 ]     10.463367 s: APP: Syncing with 4 CPUs ... !!!
[C7x_1 ]     11.674949 s: APP: Syncing with 4 CPUs ... Done !!!
[C7x_1 ]     11.674968 s: REMOTE_SERVICE: Init ... !!!
[C7x_1 ]     11.675102 s: REMOTE_SERVICE: Init ... Done !!!
[C7x_1 ]     11.675151 s:  VX_ZONE_INIT:Enabled
[C7x_1 ]     11.675166 s:  VX_ZONE_ERROR:Enabled
[C7x_1 ]     11.675176 s:  VX_ZONE_WARNING:Enabled
[C7x_1 ]     11.675398 s:  VX_ZONE_INIT:[tivxPlatformCreateTargetId:59] Added target DSP_C7-1 
[C7x_1 ]     11.675459 s:  VX_ZONE_INIT:[tivxPlatformCreateTargetId:59] Added target DSP_C7-1_PRI_2 
[C7x_1 ]     11.675520 s:  VX_ZONE_INIT:[tivxPlatformCreateTargetId:59] Added target DSP_C7-1_PRI_3 
[C7x_1 ]     11.675581 s:  VX_ZONE_INIT:[tivxPlatformCreateTargetId:59] Added target DSP_C7-1_PRI_4 
[C7x_1 ]     11.675643 s:  VX_ZONE_INIT:[tivxPlatformCreateTargetId:59] Added target DSP_C7-1_PRI_5 
[C7x_1 ]     11.675703 s:  VX_ZONE_INIT:[tivxPlatformCreateTargetId:59] Added target DSP_C7-1_PRI_6 
[C7x_1 ]     11.675763 s:  VX_ZONE_INIT:[tivxPlatformCreateTargetId:59] Added target DSP_C7-1_PRI_7 
[C7x_1 ]     11.675822 s:  VX_ZONE_INIT:[tivxPlatformCreateTargetId:59] Added target DSP_C7-1_PRI_8 
[C7x_1 ]     11.675844 s:  VX_ZONE_INIT:[tivxInitLocal:130] Initialization Done !!!
[C7x_1 ]     11.675858 s: APP: OpenVX Target kernel init ... !!!
[C7x_1 ]     11.675937 s: APP: OpenVX Target kernel init ... Done !!!
[C7x_1 ]     11.675950 s: APP: Init ... Done !!!
[C7x_1 ]     11.675959 s: APP: Run ... !!!
[C7x_1 ]     11.675968 s: IPC: Starting echo test ...
[C7x_1 ]     11.676082 s: APP: Run ... Done !!!
[C7x_1 ]     11.676446 s: IPC: Echo status: mpu1_0[x] mcu2_0[x] mcu2_1[x] C7X_1[s] C7X_2[P] 
[C7x_1 ]     11.687130 s: IPC: Echo status: mpu1_0[x] mcu2_0[x] mcu2_1[P] C7X_1[s] C7X_2[P] 
[C7x_1 ]     11.777615 s: IPC: Echo status: mpu1_0[x] mcu2_0[P] mcu2_1[P] C7X_1[s] C7X_2[P] 
[C7x_2 ]      4.425061 s: CIO: Init ... Done !!!
[C7x_2 ]      4.425077 s: ### CPU Frequency = 1000000000 Hz
[C7x_2 ]      4.425088 s: APP: Init ... !!!
[C7x_2 ]      4.425096 s: SCICLIENT: Init ... !!!
[C7x_2 ]      4.425206 s: SCICLIENT: DMSC FW version [22.1.1--v2022.01 (Terrific Llam]
[C7x_2 ]      4.425220 s: SCICLIENT: DMSC FW revision 0x16  
[C7x_2 ]      4.425231 s: SCICLIENT: DMSC FW ABI revision 3.1
[C7x_2 ]      4.425243 s: SCICLIENT: Init ... Done !!!
[C7x_2 ]      4.425253 s: UDMA: Init ... !!!
[C7x_2 ]      4.426193 s: UDMA: Init ... Done !!!
[C7x_2 ]      4.426206 s: MEM: Init ... !!!
[C7x_2 ]      4.426218 s: MEM: Created heap (DDR_SHARED_MEM, id=0, flags=0x00000004) @ de000000 of size 16777216 bytes !!!
[C7x_2 ]      4.426239 s: MEM: Created heap (L2_MEM, id=2, flags=0x00000001) @ 65800000 of size 458752 bytes !!!
[C7x_2 ]      4.426257 s: MEM: Created heap (L1_MEM, id=3, flags=0x00000001) @ 65e00000 of size 16384 bytes !!!
[C7x_2 ]      4.426275 s: MEM: Created heap (DDR_SCRATCH_MEM, id=4, flags=0x00000001) @ df000000 of size 67108864 bytes !!!
[C7x_2 ]      4.426294 s: MEM: Init ... Done !!!
[C7x_2 ]      4.426302 s: IPC: Init ... !!!
[C7x_2 ]      4.426317 s: IPC: 5 CPUs participating in IPC !!!
[C7x_2 ]      4.426330 s: IPC: Waiting for HLOS to be ready ... !!!
[C7x_2 ]     11.673090 s: IPC: HLOS is ready !!!
[C7x_2 ]     11.674919 s: IPC: Init ... Done !!!
[C7x_2 ]     11.674934 s: APP: Syncing with 4 CPUs ... !!!
[C7x_2 ]     11.674948 s: APP: Syncing with 4 CPUs ... Done !!!
[C7x_2 ]     11.674966 s: REMOTE_SERVICE: Init ... !!!
[C7x_2 ]     11.675106 s: REMOTE_SERVICE: Init ... Done !!!
[C7x_2 ]     11.675129 s:  VX_ZONE_INIT:Enabled
[C7x_2 ]     11.675167 s:  VX_ZONE_ERROR:Enabled
[C7x_2 ]     11.675178 s:  VX_ZONE_WARNING:Enabled
[C7x_2 ]     11.675654 s:  VX_ZONE_INIT:[tivxPlatformCreateTargetId:59] Added target DSP-1 
[C7x_2 ]     11.675678 s:  VX_ZONE_INIT:[tivxInitLocal:130] Initialization Done !!!
[C7x_2 ]     11.675692 s: APP: OpenVX Target kernel init ... !!!
[C7x_2 ]     11.676019 s: APP: OpenVX Target kernel init ... Done !!!
[C7x_2 ]     11.676037 s: APP: Init ... Done !!!
[C7x_2 ]     11.676047 s: APP: Run ... !!!
[C7x_2 ]     11.676055 s: IPC: Starting echo test ...
[C7x_2 ]     11.676217 s: APP: Run ... Done !!!
[C7x_2 ]     11.676453 s: IPC: Echo status: mpu1_0[x] mcu2_0[x] mcu2_1[x] C7X_1[P] C7X_2[s] 
[C7x_2 ]     11.687154 s: IPC: Echo status: mpu1_0[x] mcu2_0[x] mcu2_1[P] C7X_1[P] C7X_2[s] 
[C7x_2 ]     11.777636 s: IPC: Echo status: mpu1_0[x] mcu2_0[P] mcu2_1[P] C7X_1[P] C7X_2[s] 

root@j721s2-evm:/opt/vision_apps# 
root@j721s2-evm:/opt/vision_apps# 
root@j721s2-evm:/opt/vision_apps# ./vx_app_conformance.out 
APP: Init ... !!!
MEM: Init ... !!!
MEM: Initialized DMA HEAP (fd=4) !!!
MEM: Init ... Done !!!
IPC: Init ... !!!
IPC: Init ... Done !!!
REMOTE_SERVICE: Init ... !!!
REMOTE_SERVICE: Init ... Done !!!
    61.779194 s: GTC Frequency = 200 MHz
APP: Init ... Done !!!
    61.785734 s:  VX_ZONE_INIT:Enabled
    61.785763 s:  VX_ZONE_ERROR:Enabled
    61.785776 s:  VX_ZONE_WARNING:Enabled
    61.789637 s:  VX_ZONE_INIT:[tivxInitLocal:130] Initialization Done !!!
    61.789814 s:  VX_ZONE_INIT:[tivxHostInitLocal:86] Initialization Done for HOST !!!
VxTests version: 1.1-20170301
VCS version: unknown
Build config: Release

[ ======== ] Total 22846 tests from 150 test cases
Use global OpenVX context: FALSE


[ -------- ] tests from tivxTestKernelsNotNot
[ RUN 0001 ] tivxTestKernelsNotNot.Sizes/0/640x480 ...
[     DONE ] tivxTestKernelsNotNot.Sizes/0/640x480
[ -------- ] 1 tests from test case tivxTestKernelsNotNot

[ -------- ] tests from tivxGraphStreaming
[ RUN 0001 ] tivxGraphStreaming.negativeTestSourceSinkNoTrigger ...
    62.141688 s:  VX_ZONE_ERROR:[ownGraphAllocForStreaming:437] trigger node is not set with pipelining
    62.141702 s:  VX_ZONE_ERROR:[ownGraphAllocForStreaming:447] event could not be registered
    62.141708 s:  VX_ZONE_ERROR:[ownGraphAllocForStreaming:484] graph event queue could not be registered
    62.141715 s:  VX_ZONE_ERROR:[vxVerifyGraph:2085] Unable to alloc streaming objects for graph
    62.141721 s:  VX_ZONE_ERROR:[vxVerifyGraph:2109] Graph verify failed
[     DONE ] tivxGraphStreaming.negativeTestSourceSinkNoTrigger
[ RUN 0002 ] tivxGraphStreaming.SourceSink1/0/streaming ...
[     DONE ] tivxGraphStreaming.SourceSink1/0/streaming
[ RUN 0003 ] tivxGraphStreaming.SourceSink1/1/streaming ...
[     DONE ] tivxGraphStreaming.SourceSink1/1/streaming
[ RUN 0004 ] tivxGraphStreaming.SourceSink2/0/streaming ...
[     DONE ] tivxGraphStreaming.SourceSink2/0/streaming
[ RUN 0005 ] tivxGraphStreaming.SourceSink2/1/streaming ...
[     DONE ] tivxGraphStreaming.SourceSink2/1/streaming
[ RUN 0006 ] tivxGraphStreaming.StreamStartStop/0/streaming ...
[     DONE ] tivxGraphStreaming.StreamStartStop/0/streaming
[ RUN 0007 ] tivxGraphStreaming.StreamStartStop/1/streaming ...
[     DONE ] tivxGraphStreaming.StreamStartStop/1/streaming
[ RUN 0008 ] tivxGraphStreaming.MultiGraph1/0/streaming ...
[     DONE ] tivxGraphStreaming.MultiGraph1/0/streaming
[ RUN 0009 ] tivxGraphStreaming.MultiGraph1/1/streaming ...
[     DONE ] tivxGraphStreaming.MultiGraph1/1/streaming
[ RUN 0010 ] tivxGraphStreaming.MultiGraph2/0/streaming ...
[     DONE ] tivxGraphStreaming.MultiGraph2/0/streaming
[ RUN 0011 ] tivxGraphStreaming.MultiGraph2/1/streaming ...
[     DONE ] tivxGraphStreaming.MultiGraph2/1/streaming
[ RUN 0012 ] tivxGraphStreaming.MultiGraph3/0/streaming ...
[     DONE ] tivxGraphStreaming.MultiGraph3/0/streaming
[ RUN 0013 ] tivxGraphStreaming.MultiGraph3/1/streaming ...
[     DONE ] tivxGraphStreaming.MultiGraph3/1/streaming
[ RUN 0014 ] tivxGraphStreaming.MultiGraphPipelined1/0/streaming ...
[     DONE ] tivxGraphStreaming.MultiGraphPipelined1/0/streaming
[ RUN 0015 ] tivxGraphStreaming.MultiGraphPipelined1/1/streaming ...
[     DONE ] tivxGraphStreaming.MultiGraphPipelined1/1/streaming
[ RUN 0016 ] tivxGraphStreaming.MultiGraphPipelined2/0/streaming ...
[     DONE ] tivxGraphStreaming.MultiGraphPipelined2/0/streaming
[ RUN 0017 ] tivxGraphStreaming.MultiGraphPipelined2/1/streaming ...
[     DONE ] tivxGraphStreaming.MultiGraphPipelined2/1/streaming
[ RUN 0018 ] tivxGraphStreaming.MultiGraphPipelined3/0/streaming ...
[     DONE ] tivxGraphStreaming.MultiGraphPipelined3/0/streaming
[ RUN 0019 ] tivxGraphStreaming.MultiGraphPipelined3/1/streaming ...
[     DONE ] tivxGraphStreaming.MultiGraphPipelined3/1/streaming
[ RUN 0020 ] tivxGraphStreaming.MultiGraphPipelined4/0/streaming ...
[     DONE ] tivxGraphStreaming.MultiGraphPipelined4/0/streaming
[ RUN 0021 ] tivxGraphStreaming.MultiGraphPipelined4/1/streaming ...
[     DONE ] tivxGraphStreaming.MultiGraphPipelined4/1/streaming
[ RUN 0022 ] tivxGraphStreaming.PipeliningStreaming1/0/streaming ...
[     DONE ] tivxGraphStreaming.PipeliningStreaming1/0/streaming
[ RUN 0023 ] tivxGraphStreaming.PipeliningStreaming1/1/streaming ...
[     DONE ] tivxGraphStreaming.PipeliningStreaming1/1/streaming
[ RUN 0024 ] tivxGraphStreaming.PipeliningStreaming2/0/streaming ...
[     DONE ] tivxGraphStreaming.PipeliningStreaming2/0/streaming
[ RUN 0025 ] tivxGraphStreaming.PipeliningStreaming2/1/streaming ...
[     DONE ] tivxGraphStreaming.PipeliningStreaming2/1/streaming
[ RUN 0026 ] tivxGraphStreaming.PipeliningStreaming3/0/random/sz=64x64/pipe_depth=3/buf=3/measure_perf=OFF ...
[     DONE ] tivxGraphStreaming.PipeliningStreaming3/0/random/sz=64x64/pipe_depth=3/buf=3/measure_perf=OFF
[ RUN 0027 ] tivxGraphStreaming.PipeliningStreaming3/1/random/sz=64x64/pipe_depth=1/buf=1/measure_perf=OFF ...
[     DONE ] tivxGraphStreaming.PipeliningStreaming3/1/random/sz=64x64/pipe_depth=1/buf=1/measure_perf=OFF
[ RUN 0028 ] tivxGraphStreaming.PipeliningStreaming3/2/random/sz=64x64/pipe_depth=3/buf=3/measure_perf=OFF ...
[     DONE ] tivxGraphStreaming.PipeliningStreaming3/2/random/sz=64x64/pipe_depth=3/buf=3/measure_perf=OFF
[ RUN 0029 ] tivxGraphStreaming.PipeliningStreaming3/3/random/sz=64x64/pipe_depth=6/buf=3/measure_perf=OFF ...
[     DONE ] tivxGraphStreaming.PipeliningStreaming3/3/random/sz=64x64/pipe_depth=6/buf=3/measure_perf=OFF
[ RUN 0030 ] tivxGraphStreaming.PipeliningStreaming3/4/random/sz=64x64/pipe_depth=MAX/buf=3/measure_perf=OFF ...
[     DONE ] tivxGraphStreaming.PipeliningStreaming3/4/random/sz=64x64/pipe_depth=MAX/buf=3/measure_perf=OFF
[ RUN 0031 ] tivxGraphStreaming.PipeliningStreaming3/5/random/sz=64x64/pipe_depth=1/buf=1/measure_perf=OFF ...
[     DONE ] tivxGraphStreaming.PipeliningStreaming3/5/random/sz=64x64/pipe_depth=1/buf=1/measure_perf=OFF
[ RUN 0032 ] tivxGraphStreaming.PipeliningStreaming3/6/random/sz=64x64/pipe_depth=6/buf=2/measure_perf=OFF ...
[     DONE ] tivxGraphStreaming.PipeliningStreaming3/6/random/sz=64x64/pipe_depth=6/buf=2/measure_perf=OFF
[ RUN 0033 ] tivxGraphStreaming.PipeliningStreaming3/7/random/sz=64x64/pipe_depth=6/buf=2/measure_perf=ON ...
[     DONE ] tivxGraphStreaming.PipeliningStreaming3/7/random/sz=64x64/pipe_depth=6/buf=2/measure_perf=ON
[ RUN 0034 ] tivxGraphStreaming.PipeliningStreaming3/8/random/sz=2048x1024/pipe_depth=3/buf=3/measure_perf=ON ...
[     DONE ] tivxGraphStreaming.PipeliningStreaming3/8/random/sz=2048x1024/pipe_depth=3/buf=3/measure_perf=ON
[ RUN 0035 ] tivxGraphStreaming.PipeliningStreaming4/0/random/sz=64x64/pipe_depth=3/buf=3/measure_perf=OFF ...
[     DONE ] tivxGraphStreaming.PipeliningStreaming4/0/random/sz=64x64/pipe_depth=3/buf=3/measure_perf=OFF
[ RUN 0036 ] tivxGraphStreaming.PipeliningStreaming4/1/random/sz=64x64/pipe_depth=1/buf=1/measure_perf=OFF ...
[     DONE ] tivxGraphStreaming.PipeliningStreaming4/1/random/sz=64x64/pipe_depth=1/buf=1/measure_perf=OFF
[ RUN 0037 ] tivxGraphStreaming.PipeliningStreaming4/2/random/sz=64x64/pipe_depth=3/buf=3/measure_perf=OFF ...
[     DONE ] tivxGraphStreaming.PipeliningStreaming4/2/random/sz=64x64/pipe_depth=3/buf=3/measure_perf=OFF
[ RUN 0038 ] tivxGraphStreaming.PipeliningStreaming4/3/random/sz=64x64/pipe_depth=6/buf=3/measure_perf=OFF ...
[     DONE ] tivxGraphStreaming.PipeliningStreaming4/3/random/sz=64x64/pipe_depth=6/buf=3/measure_perf=OFF
[ RUN 0039 ] tivxGraphStreaming.PipeliningStreaming4/4/random/sz=64x64/pipe_depth=MAX/buf=3/measure_perf=OFF ...
[     DONE ] tivxGraphStreaming.PipeliningStreaming4/4/random/sz=64x64/pipe_depth=MAX/buf=3/measure_perf=OFF
[ RUN 0040 ] tivxGraphStreaming.PipeliningStreaming4/5/random/sz=64x64/pipe_depth=1/buf=1/measure_perf=OFF ...
[     DONE ] tivxGraphStreaming.PipeliningStreaming4/5/random/sz=64x64/pipe_depth=1/buf=1/measure_perf=OFF
[ RUN 0041 ] tivxGraphStreaming.PipeliningStreaming4/6/random/sz=64x64/pipe_depth=6/buf=2/measure_perf=OFF ...
[     DONE ] tivxGraphStreaming.PipeliningStreaming4/6/random/sz=64x64/pipe_depth=6/buf=2/measure_perf=OFF
[ RUN 0042 ] tivxGraphStreaming.PipeliningStreaming4/7/random/sz=64x64/pipe_depth=6/buf=2/measure_perf=ON ...
[     DONE ] tivxGraphStreaming.PipeliningStreaming4/7/random/sz=64x64/pipe_depth=6/buf=2/measure_perf=ON
[ RUN 0043 ] tivxGraphStreaming.PipeliningStreaming4/8/random/sz=2048x1024/pipe_depth=3/buf=3/measure_perf=ON ...
[     DONE ] tivxGraphStreaming.PipeliningStreaming4/8/random/sz=2048x1024/pipe_depth=3/buf=3/measure_perf=ON
[ RUN 0044 ] tivxGraphStreaming.PipeliningStreaming5/0/random/sz=64x64/pipe_depth=3/buf=3/measure_perf=OFF ...
[     DONE ] tivxGraphStreaming.PipeliningStreaming5/0/random/sz=64x64/pipe_depth=3/buf=3/measure_perf=OFF
[ RUN 0045 ] tivxGraphStreaming.PipeliningStreaming5/1/random/sz=64x64/pipe_depth=1/buf=1/measure_perf=OFF ...
[     DONE ] tivxGraphStreaming.PipeliningStreaming5/1/random/sz=64x64/pipe_depth=1/buf=1/measure_perf=OFF
[ RUN 0046 ] tivxGraphStreaming.PipeliningStreaming5/2/random/sz=64x64/pipe_depth=3/buf=3/measure_perf=OFF ...
[     DONE ] tivxGraphStreaming.PipeliningStreaming5/2/random/sz=64x64/pipe_depth=3/buf=3/measure_perf=OFF
[ RUN 0047 ] tivxGraphStreaming.PipeliningStreaming5/3/random/sz=64x64/pipe_depth=6/buf=3/measure_perf=OFF ...
[     DONE ] tivxGraphStreaming.PipeliningStreaming5/3/random/sz=64x64/pipe_depth=6/buf=3/measure_perf=OFF
[ RUN 0048 ] tivxGraphStreaming.PipeliningStreaming5/4/random/sz=64x64/pipe_depth=MAX/buf=3/measure_perf=OFF ...
[     DONE ] tivxGraphStreaming.PipeliningStreaming5/4/random/sz=64x64/pipe_depth=MAX/buf=3/measure_perf=OFF
[ RUN 0049 ] tivxGraphStreaming.PipeliningStreaming5/5/random/sz=64x64/pipe_depth=1/buf=1/measure_perf=OFF ...
[     DONE ] tivxGraphStreaming.PipeliningStreaming5/5/random/sz=64x64/pipe_depth=1/buf=1/measure_perf=OFF
[ RUN 0050 ] tivxGraphStreaming.PipeliningStreaming5/6/random/sz=64x64/pipe_depth=6/buf=2/measure_perf=OFF ...
[     DONE ] tivxGraphStreaming.PipeliningStreaming5/6/random/sz=64x64/pipe_depth=6/buf=2/measure_perf=OFF
[ RUN 0051 ] tivxGraphStreaming.PipeliningStreaming5/7/random/sz=64x64/pipe_depth=6/buf=2/measure_perf=ON ...
[     DONE ] tivxGraphStreaming.PipeliningStreaming5/7/random/sz=64x64/pipe_depth=6/buf=2/measure_perf=ON
[ RUN 0052 ] tivxGraphStreaming.PipeliningStreaming5/8/random/sz=2048x1024/pipe_depth=3/buf=3/measure_perf=ON ...
[     DONE ] tivxGraphStreaming.PipeliningStreaming5/8/random/sz=2048x1024/pipe_depth=3/buf=3/measure_perf=ON
[ RUN 0053 ] tivxGraphStreaming.Scalar/0/streaming ...
[     DONE ] tivxGraphStreaming.Scalar/0/streaming
[ RUN 0054 ] tivxGraphStreaming.Scalar/1/streaming ...
[     DONE ] tivxGraphStreaming.Scalar/1/streaming
[ RUN 0055 ] tivxGraphStreaming.ScalarCtrlCmd ...
   104.958875 s:  VX_ZONE_ERROR:[tivxNodeSendCommandTimed:277] vxVerifyGraph should be called before tivxNodeSendCommand can be called on a node in the same graph
[     DONE ] tivxGraphStreaming.ScalarCtrlCmd
[ RUN 0056 ] tivxGraphStreaming.negativeTestStreamingState ...
   104.961884 s:  VX_ZONE_ERROR:[vxStopGraphStreaming:309] Streaming has not been started
   104.961907 s:  VX_ZONE_ERROR:[vxStartGraphStreaming:267] this graph is currently streaming
   105.063671 s:  VX_ZONE_ERROR:[vxStopGraphStreaming:309] Streaming has not been started
[     DONE ] tivxGraphStreaming.negativeTestStreamingState
[ RUN 0057 ] tivxGraphStreaming.negativeTestScalar ...
   105.064826 s:  VX_ZONE_ERROR:[vxStartGraphStreaming:273] streaming has not been enabled. Please enable streaming prior to verifying graph
   105.065805 s:  VX_ZONE_ERROR:[vxScheduleGraph:835] graph is already streaming
   105.065821 s:  VX_ZONE_ERROR:[vxScheduleGraph:835] graph is already streaming
   105.065827 s:  VX_ZONE_ERROR:[vxProcessGraph:755] schedule graph failed
   105.065833 s:  VX_ZONE_ERROR:[vxProcessGraph:760] wait graph failed
   105.165902 s:  VX_ZONE_ERROR:[vxScheduleGraph:835] graph is already streaming
[     DONE ] tivxGraphStreaming.negativeTestScalar
[ RUN 0058 ] tivxGraphStreaming.negativeTestStreamingPipelining1 ...
   105.169587 s:  VX_ZONE_ERROR:[ownGraphAllocForStreaming:437] trigger node is not set with pipelining
   105.169599 s:  VX_ZONE_ERROR:[ownGraphAllocForStreaming:447] event could not be registered
   105.169605 s:  VX_ZONE_ERROR:[ownGraphAllocForStreaming:484] graph event queue could not be registered
   105.169612 s:  VX_ZONE_ERROR:[vxVerifyGraph:2085] Unable to alloc streaming objects for graph
   105.169618 s:  VX_ZONE_ERROR:[vxVerifyGraph:2109] Graph verify failed
[     DONE ] tivxGraphStreaming.negativeTestStreamingPipelining1
[ RUN 0059 ] tivxGraphStreaming.negativeTestStreamingPipelining2 ...
   105.171496 s:  VX_ZONE_ERROR:[ownGraphAllocForStreaming:437] trigger node is not set with pipelining
   105.171506 s:  VX_ZONE_ERROR:[ownGraphAllocForStreaming:447] event could not be registered
   105.171512 s:  VX_ZONE_ERROR:[ownGraphAllocForStreaming:484] graph event queue could not be registered
   105.171518 s:  VX_ZONE_ERROR:[vxVerifyGraph:2085] Unable to alloc streaming objects for graph
   105.171524 s:  VX_ZONE_ERROR:[vxVerifyGraph:2109] Graph verify failed
[     DONE ] tivxGraphStreaming.negativeTestStreamingPipelining2
[ RUN 0060 ] tivxGraphStreaming.negativeTestStreamingError ...
[     DONE ] tivxGraphStreaming.negativeTestStreamingError
[ RUN 0061 ] tivxGraphStreaming.negativeTestPipeliningStreamingNoTrigger ...
   105.177784 s:  VX_ZONE_ERROR:[ownGraphAllocForStreaming:437] trigger node is not set with pipelining
   105.177795 s:  VX_ZONE_ERROR:[ownGraphAllocForStreaming:447] event could not be registered
   105.177802 s:  VX_ZONE_ERROR:[ownGraphAllocForStreaming:484] graph event queue could not be registered
   105.177808 s:  VX_ZONE_ERROR:[vxVerifyGraph:2085] Unable to alloc streaming objects for graph
   105.177814 s:  VX_ZONE_ERROR:[vxVerifyGraph:2109] Graph verify failed
[     DONE ] tivxGraphStreaming.negativeTestPipeliningStreamingNoTrigger
[ -------- ] 61 tests from test case tivxGraphStreaming

[ -------- ] tests from tivxSourceNode
[ RUN 0001 ] tivxSourceNode.SourceObjArray/0/streaming ...
[     DONE ] tivxSourceNode.SourceObjArray/0/streaming
[ RUN 0002 ] tivxSourceNode.SourceObjArray/1/streaming ...
[     DONE ] tivxSourceNode.SourceObjArray/1/streaming
[ RUN 0003 ] tivxSourceNode.SinkObjArray/0/streaming ...
[     DONE ] tivxSourceNode.SinkObjArray/0/streaming
[ RUN 0004 ] tivxSourceNode.SinkObjArray/1/streaming ...
[     DONE ] tivxSourceNode.SinkObjArray/1/streaming
[ RUN 0005 ] tivxSourceNode.SinkObjArray2/0/streaming ...
[     DONE ] tivxSourceNode.SinkObjArray2/0/streaming
[ RUN 0006 ] tivxSourceNode.SinkObjArray2/1/streaming ...
[     DONE ] tivxSourceNode.SinkObjArray2/1/streaming
[ RUN 0007 ] tivxSourceNode.SinkObjArray3/0/streaming ...
[     DONE ] tivxSourceNode.SinkObjArray3/0/streaming
[ RUN 0008 ] tivxSourceNode.SinkObjArray3/1/streaming ...
[     DONE ] tivxSourceNode.SinkObjArray3/1/streaming
[ RUN 0009 ] tivxSourceNode.SinkObjArray6/0/streaming ...
[     DONE ] tivxSourceNode.SinkObjArray6/0/streaming
[ RUN 0010 ] tivxSourceNode.SinkObjArray6/1/streaming ...
[     DONE ] tivxSourceNode.SinkObjArray6/1/streaming
[ RUN 0011 ] tivxSourceNode.NewSourceSink/0/streaming ...
[     DONE ] tivxSourceNode.NewSourceSink/0/streaming
[ RUN 0012 ] tivxSourceNode.NewSourceSink/1/streaming ...
[     DONE ] tivxSourceNode.NewSourceSink/1/streaming
[ RUN 0013 ] tivxSourceNode.NewSourcePipeline/0/streaming ...
[     DONE ] tivxSourceNode.NewSourcePipeline/0/streaming
[ RUN 0014 ] tivxSourceNode.NewSourcePipeline/1/streaming ...
[     DONE ] tivxSourceNode.NewSourcePipeline/1/streaming
[ RUN 0015 ] tivxSourceNode.NewSourceSinkPipeline/0/streaming ...
[     DONE ] tivxSourceNode.NewSourceSinkPipeline/0/streaming
[ RUN 0016 ] tivxSourceNode.NewSourceSinkPipeline/1/streaming ...
[     DONE ] tivxSourceNode.NewSourceSinkPipeline/1/streaming
[ RUN 0017 ] tivxSourceNode.NewSourceIntermediatePipeline/0/streaming ...
[     DONE ] tivxSourceNode.NewSourceIntermediatePipeline/0/streaming
[ RUN 0018 ] tivxSourceNode.NewSourceIntermediatePipeline/1/streaming ...
[     DONE ] tivxSourceNode.NewSourceIntermediatePipeline/1/streaming
[ RUN 0019 ] tivxSourceNode.NewSourceIntermediatePipeline2/0/streaming ...
[     DONE ] tivxSourceNode.NewSourceIntermediatePipeline2/0/streaming
[ RUN 0020 ] tivxSourceNode.NewSourceIntermediatePipeline2/1/streaming ...
[     DONE ] tivxSourceNode.NewSourceIntermediatePipeline2/1/streaming
[ RUN 0021 ] tivxSourceNode.MultiGraphPipelined1/0/streaming ...
[     DONE ] tivxSourceNode.MultiGraphPipelined1/0/streaming
[ RUN 0022 ] tivxSourceNode.MultiGraphPipelined1/1/streaming ...
[     DONE ] tivxSourceNode.MultiGraphPipelined1/1/streaming
[ RUN 0023 ] tivxSourceNode.MultiGraphPipelined2/0/streaming ...
[     DONE ] tivxSourceNode.MultiGraphPipelined2/0/streaming
[ RUN 0024 ] tivxSourceNode.MultiGraphPipelined2/1/streaming ...
[     DONE ] tivxSourceNode.MultiGraphPipelined2/1/streaming
[ RUN 0025 ] tivxSourceNode.MultiGraphPipelined3/0/streaming ...
[     DONE ] tivxSourceNode.MultiGraphPipelined3/0/streaming
[ RUN 0026 ] tivxSourceNode.MultiGraphPipelined3/1/streaming ...
[     DONE ] tivxSourceNode.MultiGraphPipelined3/1/streaming
[ RUN 0027 ] tivxSourceNode.PipeliningStreaming1/0/random/sz=64x64/pipe_depth=3/buf=3/measure_perf=OFF ...
[     DONE ] tivxSourceNode.PipeliningStreaming1/0/random/sz=64x64/pipe_depth=3/buf=3/measure_perf=OFF
[ RUN 0028 ] tivxSourceNode.PipeliningStreaming1/1/random/sz=64x64/pipe_depth=1/buf=1/measure_perf=OFF ...
[     DONE ] tivxSourceNode.PipeliningStreaming1/1/random/sz=64x64/pipe_depth=1/buf=1/measure_perf=OFF
[ RUN 0029 ] tivxSourceNode.PipeliningStreaming1/2/random/sz=64x64/pipe_depth=3/buf=3/measure_perf=OFF ...
[     DONE ] tivxSourceNode.PipeliningStreaming1/2/random/sz=64x64/pipe_depth=3/buf=3/measure_perf=OFF
[ RUN 0030 ] tivxSourceNode.PipeliningStreaming1/3/random/sz=64x64/pipe_depth=6/buf=3/measure_perf=OFF ...
[     DONE ] tivxSourceNode.PipeliningStreaming1/3/random/sz=64x64/pipe_depth=6/buf=3/measure_perf=OFF
[ RUN 0031 ] tivxSourceNode.PipeliningStreaming1/4/random/sz=64x64/pipe_depth=MAX/buf=3/measure_perf=OFF ...
[     DONE ] tivxSourceNode.PipeliningStreaming1/4/random/sz=64x64/pipe_depth=MAX/buf=3/measure_perf=OFF
[ RUN 0032 ] tivxSourceNode.PipeliningStreaming1/5/random/sz=64x64/pipe_depth=1/buf=1/measure_perf=OFF ...
[     DONE ] tivxSourceNode.PipeliningStreaming1/5/random/sz=64x64/pipe_depth=1/buf=1/measure_perf=OFF
[ RUN 0033 ] tivxSourceNode.PipeliningStreaming1/6/random/sz=64x64/pipe_depth=6/buf=2/measure_perf=OFF ...
[     DONE ] tivxSourceNode.PipeliningStreaming1/6/random/sz=64x64/pipe_depth=6/buf=2/measure_perf=OFF
[ RUN 0034 ] tivxSourceNode.PipeliningStreaming1/7/random/sz=64x64/pipe_depth=6/buf=2/measure_perf=ON ...
[     DONE ] tivxSourceNode.PipeliningStreaming1/7/random/sz=64x64/pipe_depth=6/buf=2/measure_perf=ON
[ RUN 0035 ] tivxSourceNode.PipeliningStreaming1/8/random/sz=2048x1024/pipe_depth=3/buf=3/measure_perf=ON ...
[     DONE ] tivxSourceNode.PipeliningStreaming1/8/random/sz=2048x1024/pipe_depth=3/buf=3/measure_perf=ON
[ RUN 0036 ] tivxSourceNode.PipeliningStreaming2/0/random/sz=64x64/pipe_depth=3/buf=3/measure_perf=OFF ...
[     DONE ] tivxSourceNode.PipeliningStreaming2/0/random/sz=64x64/pipe_depth=3/buf=3/measure_perf=OFF
[ RUN 0037 ] tivxSourceNode.PipeliningStreaming2/1/random/sz=64x64/pipe_depth=1/buf=1/measure_perf=OFF ...
[     DONE ] tivxSourceNode.PipeliningStreaming2/1/random/sz=64x64/pipe_depth=1/buf=1/measure_perf=OFF
[ RUN 0038 ] tivxSourceNode.PipeliningStreaming2/2/random/sz=64x64/pipe_depth=3/buf=3/measure_perf=OFF ...
[     DONE ] tivxSourceNode.PipeliningStreaming2/2/random/sz=64x64/pipe_depth=3/buf=3/measure_perf=OFF
[ RUN 0039 ] tivxSourceNode.PipeliningStreaming2/3/random/sz=64x64/pipe_depth=6/buf=3/measure_perf=OFF ...
[     DONE ] tivxSourceNode.PipeliningStreaming2/3/random/sz=64x64/pipe_depth=6/buf=3/measure_perf=OFF
[ RUN 0040 ] tivxSourceNode.PipeliningStreaming2/4/random/sz=64x64/pipe_depth=MAX/buf=3/measure_perf=OFF ...
[     DONE ] tivxSourceNode.PipeliningStreaming2/4/random/sz=64x64/pipe_depth=MAX/buf=3/measure_perf=OFF
[ RUN 0041 ] tivxSourceNode.PipeliningStreaming2/5/random/sz=64x64/pipe_depth=1/buf=1/measure_perf=OFF ...
[     DONE ] tivxSourceNode.PipeliningStreaming2/5/random/sz=64x64/pipe_depth=1/buf=1/measure_perf=OFF
[ RUN 0042 ] tivxSourceNode.PipeliningStreaming2/6/random/sz=64x64/pipe_depth=6/buf=2/measure_perf=OFF ...
[     DONE ] tivxSourceNode.PipeliningStreaming2/6/random/sz=64x64/pipe_depth=6/buf=2/measure_perf=OFF
[ RUN 0043 ] tivxSourceNode.PipeliningStreaming2/7/random/sz=64x64/pipe_depth=6/buf=2/measure_perf=ON ...
[     DONE ] tivxSourceNode.PipeliningStreaming2/7/random/sz=64x64/pipe_depth=6/buf=2/measure_perf=ON
[ RUN 0044 ] tivxSourceNode.PipeliningStreaming2/8/random/sz=2048x1024/pipe_depth=3/buf=3/measure_perf=ON ...
[     DONE ] tivxSourceNode.PipeliningStreaming2/8/random/sz=2048x1024/pipe_depth=3/buf=3/measure_perf=ON
[ RUN 0045 ] tivxSourceNode.PipeliningStreaming3/0/random/sz=64x64/pipe_depth=3/buf=3/measure_perf=OFF ...
[     DONE ] tivxSourceNode.PipeliningStreaming3/0/random/sz=64x64/pipe_depth=3/buf=3/measure_perf=OFF
[ RUN 0046 ] tivxSourceNode.PipeliningStreaming3/1/random/sz=64x64/pipe_depth=1/buf=1/measure_perf=OFF ...
[     DONE ] tivxSourceNode.PipeliningStreaming3/1/random/sz=64x64/pipe_depth=1/buf=1/measure_perf=OFF
[ RUN 0047 ] tivxSourceNode.PipeliningStreaming3/2/random/sz=64x64/pipe_depth=3/buf=3/measure_perf=OFF ...
[     DONE ] tivxSourceNode.PipeliningStreaming3/2/random/sz=64x64/pipe_depth=3/buf=3/measure_perf=OFF
[ RUN 0048 ] tivxSourceNode.PipeliningStreaming3/3/random/sz=64x64/pipe_depth=6/buf=3/measure_perf=OFF ...
[     DONE ] tivxSourceNode.PipeliningStreaming3/3/random/sz=64x64/pipe_depth=6/buf=3/measure_perf=OFF
[ RUN 0049 ] tivxSourceNode.PipeliningStreaming3/4/random/sz=64x64/pipe_depth=MAX/buf=3/measure_perf=OFF ...
[  128.620431] Initializing XFRM netlink socket
[     DONE ] tivxSourceNode.PipeliningStreaming3/4/random/sz=64x64/pipe_depth=MAX/buf=3/measure_perf=OFF
[ RUN 0050 ] tivxSourceNode.PipeliningStreaming3/5/random/sz=64x64/pipe_depth=1/buf=1/measure_perf=OFF ...
[     DONE ] tivxSourceNode.PipeliningStreaming3/5/random/sz=64x64/pipe_depth=1/buf=1/measure_perf=OFF
[ RUN 0051 ] tivxSourceNode.PipeliningStreaming3/6/random/sz=64x64/pipe_depth=6/buf=2/measure_perf=OFF ...
[     DONE ] tivxSourceNode.PipeliningStreaming3/6/random/sz=64x[  131.441761] process 'docker/tmp/qemu-check738748951/check' started with executable stack
64/pipe_depth=6/buf=2/measure_perf=OFF
[ RUN 0052 ] tivxSourceNode.PipeliningStreaming3/7/random/sz=64x64/pipe_depth=6/buf=2/measure_perf=ON ...
[     DONE ] tivxSourceNode.PipeliningStreaming3/7/random/sz=64x64/pipe_depth=6/buf=2/measure_perf=ON
[ RUN 0053 ] tivxSourceNode.PipeliningStreaming3/8/random/sz=2048x1024/pipe_depth=3/buf=3/measure_perf=ON ...
[     DONE ] tivxSourceNode.PipeliningStreaming3/8/random/sz=2048x1024/pipe_depth=3/buf=3/measure_perf=ON
[ RUN 0054 ] tivxSourceNode.ContextRelease ...
   139.404093 s:  VX_ZONE_WARNING:[vxReleaseContext:1050] Found a reference 0x13ba5c8 of type 00000804 at external count 1, internal count 1, releasing it
   139.404106 s:  VX_ZONE_WARNING:[vxReleaseContext:1052] Releasing reference (name=com.ti.test_kernels.not_not) now as a part of garbage collection
   139.404112 s:  VX_ZONE_WARNING:[vxReleaseContext:1061] A kernel with name com.ti.test_kernels.not_not has not been removed, possibly due to a kernel module not being unloaded.
   139.404119 s:  VX_ZONE_WARNING:[vxReleaseContext:1062] Removing as a part of garbage collection
   139.404129 s:  VX_ZONE_WARNING:[vxReleaseContext:1050] Found a reference 0x13bacc0 of type 00000804 at external count 1, internal count 1, releasing it
   139.404135 s:  VX_ZONE_WARNING:[vxReleaseContext:1052] Releasing reference (name=com.ti.capture.scalar_sink) now as a part of garbage collection
   139.404141 s:  VX_ZONE_WARNING:[vxReleaseContext:1061] A kernel with name com.ti.capture.scalar_sink has not been removed, possibly due to a kernel module not being unloaded.
   139.404148 s:  VX_ZONE_WARNING:[vxReleaseContext:1062] Removing as a part of garbage collection
   139.404157 s:  VX_ZONE_WARNING:[vxReleaseContext:1050] Found a reference 0x13bb3b8 of type 00000804 at external count 1, internal count 1, releasing it
   139.404163 s:  VX_ZONE_WARNING:[vxReleaseContext:1052] Releasing reference (name=com.ti.capture.scalar_source) now as a part of garbage collection
   139.404169 s:  VX_ZONE_WARNING:[vxReleaseContext:1061] A kernel with name com.ti.capture.scalar_source has not been removed, possibly due to a kernel module not being unloaded.
   139.404175 s:  VX_ZONE_WARNING:[vxReleaseContext:1062] Removing as a part of garbage collection
   139.404184 s:  VX_ZONE_WARNING:[vxReleaseContext:1050] Found a reference 0x13bbab0 of type 00000804 at external count 1, internal count 1, releasing it
   139.404190 s:  VX_ZONE_WARNING:[vxReleaseContext:1052] Releasing reference (name=com.ti.capture.scalar_sink2) now as a part of garbage collection
   139.404196 s:  VX_ZONE_WARNING:[vxReleaseContext:1061] A kernel with name com.ti.capture.scalar_sink2 has not been removed, possibly due to a kernel module not being unloaded.
   139.404203 s:  VX_ZONE_WARNING:[vxReleaseContext:1062] Removing as a part of garbage collection
   139.404211 s:  VX_ZONE_WARNING:[vxReleaseContext:1050] Found a reference 0x13bc1a8 of type 00000804 at external count 1, internal count 1, releasing it
   139.404217 s:  VX_ZONE_WARNING:[vxReleaseContext:1052] Releasing reference (name=com.ti.capture.scalar_source2) now as a part of garbage collection
   139.404224 s:  VX_ZONE_WARNING:[vxReleaseContext:1061] A kernel with name com.ti.capture.scalar_source2 has not been removed, possibly due to a kernel module not being unloaded.
   139.404230 s:  VX_ZONE_WARNING:[vxReleaseContext:1062] Removing as a part of garbage collection
   139.404239 s:  VX_ZONE_WARNING:[vxReleaseContext:1050] Found a reference 0x13bc8a0 of type 00000804 at external count 1, internal count 1, releasing it
   139.404245 s:  VX_ZONE_WARNING:[vxReleaseContext:1052] Releasing reference (name=com.ti.capture.scalar_intermediate) now as a part of garbage collection
   139.404251 s:  VX_ZONE_WARNING:[vxReleaseContext:1061] A kernel with name com.ti.capture.scalar_intermediate has not been removed, possibly due to a kernel module not being unloaded.
   139.404257 s:  VX_ZONE_WARNING:[vxReleaseContext:1062] Removing as a part of garbage collection
   139.404266 s:  VX_ZONE_WARNING:[vxReleaseContext:1050] Found a reference 0x13bcf98 of type 00000804 at external count 1, internal count 1, releasing it
   139.404272 s:  VX_ZONE_WARNING:[vxReleaseContext:1052] Releasing reference (name=com.ti.test_kernels.scalar_source_error) now as a part of garbage collection
   139.404278 s:  VX_ZONE_WARNING:[vxReleaseContext:1061] A kernel with name com.ti.test_kernels.scalar_source_error has not been removed, possibly due to a kernel module not being unloaded.
   139.404284 s:  VX_ZONE_WARNING:[vxReleaseContext:1062] Removing as a part of garbage collection
   139.404293 s:  VX_ZONE_WARNING:[vxReleaseContext:1050] Found a reference 0x13bd690 of type 00000804 at external count 1, internal count 1, releasing it
