
U-Boot SPL 2021.01-g6cb42d71a3 (Jul 06 2022 - 06:47:12 +0000)
SYSFW ABI: 3.1 (firmware rev 0x0008 '8.4.2--j7ahp-presil-0.9 (Jolly ')
SPL initial stack usage: 13440 bytes
Trying to boot from MMC2
Starting ATF on ARM64 core...

NOTICE:  BL31: v2.6(release):e550b9bc0-dirty
NOTICE:  BL31: Built : 06:47:41, Jul  6 2022

U-Boot SPL 2021.01-g6cb42d71a3 (Jul 06 2022 - 06:49:28 +0000)
SYSFW ABI: 3.1 (firmware rev 0x0008 '8.4.2--j7ahp-presil-0.9 (Jolly ')
Trying to boot from MMC2


U-Boot 2021.01-g6cb42d71a3 (Jul 06 2022 - 06:49:28 +0000)

SoC:   J784S4 SR1.0
Model: Texas Instruments J784S4 EVM
DRAM:  32 GiB
Flash: 0 Bytes
MMC:   mmc@4f80000: 0, mmc@4fb0000: 1
Loading Environment from MMC... OK
In:    serial@2880000
Out:   serial@2880000
Err:   serial@2880000
am65_cpsw_nuss ethernet@46000000: K3 CPSW: nuss_ver: 0x6BA02102 cpsw_ver: 0x6BA82102 ale_ver: 0x00293904 Ports:1 mdio_freq:1000000
Net:   eth0: ethernet@46000000port@1
Hit any key to stop autoboot:  2  1  0 
switch to partitions #0, OK
mmc1 is current device
SD/MMC found on device 1
Failed to load 'boot.scr'
484 bytes read in 9 ms (51.8 KiB/s)
Loaded env from uEnv.txt
Importing environment from mmc1 ...
Running uenvcmd ...
1 bytes read in 9 ms (0 Bytes/s)
Already setup.
## Error: "main_cpsw0_qsgmii_phyinit" not defined
k3_r5f_rproc r5f@41000000: Core 1 is already in use. No rproc commands work
k3_r5f_rproc r5f@41400000: Core 2 is already in use. No rproc commands work
892164 bytes read in 31 ms (27.4 MiB/s)
Load Remote Processor 2 with data@addr=0x82000000 892164 bytes: Success!
572332 bytes read in 24 ms (22.7 MiB/s)
Load Remote Processor 3 with data@addr=0x82000000 572332 bytes: Success!
179128 bytes read in 16 ms (10.7 MiB/s)
Load Remote Processor 4 with data@addr=0x82000000 179128 bytes: Success!
179128 bytes read in 16 ms (10.7 MiB/s)
Load Remote Processor 5 with data@addr=0x82000000 179128 bytes: Success!
179128 bytes read in 16 ms (10.7 MiB/s)
Load Remote Processor 6 with data@addr=0x82000000 179128 bytes: Success!
179128 bytes read in 15 ms (11.4 MiB/s)
Load Remote Processor 7 with data@addr=0x82000000 179128 bytes: Success!
14159936 bytes read in 144 ms (93.8 MiB/s)
Load Remote Processor 8 with data@addr=0x82000000 14159936 bytes: Success!
14552960 bytes read in 156 ms (89 MiB/s)
Load Remote Processor 9 with data@addr=0x82000000 14552960 bytes: Success!
14028784 bytes read in 141 ms (94.9 MiB/s)
Load Remote Processor 10 with data@addr=0x82000000 14028784 bytes: Success!
14028784 bytes read in 142 ms (94.2 MiB/s)
Load Remote Processor 11 with data@addr=0x82000000 14028784 bytes: Success!
18455040 bytes read in 405 ms (43.5 MiB/s)
84333 bytes read in 12 ms (6.7 MiB/s)
14082 bytes read in 11 ms (1.2 MiB/s)
## Flattened Device Tree blob at 88000000
   Booting using the fdt blob at 0x88000000
   Loading Device Tree to 000000008fee8000, end 000000008fffffff ... OK

Starting kernel ...

[    0.000000] Booting Linux on physical CPU 0x0000000000 [0x411fd080]
[    0.000000] Linux version 5.10.120-g6e9f968521 (oe-user@oe-host) (aarch64-none-linux-gnu-gcc (GNU Toolchain for the A-profile Architecture 9.2-2019.12 (arm-9.10)) 9.2.1 20191025, GNU ld (GNU Toolchain for the A-profile Architecture 9.2-2019.12 (arm-9.10)) 2.33.1.20191209) #1 SMP PREEMPT Wed Jul 6 07:02:07 UTC 2022
[    0.000000] Machine model: Texas Instruments J784S4 EVM
[    0.000000] earlycon: ns16550a0 at MMIO32 0x0000000002880000 (options '')
[    0.000000] printk: bootconsole [ns16550a0] enabled
[    0.000000] efi: UEFI not found.
[    0.000000] Reserved memory: created DMA memory pool at 0x00000000a0000000, size 1 MiB
[    0.000000] OF: reserved mem: initialized node vision-apps-r5f-dma-memory@a0000000, compatible id shared-dma-pool
[    0.000000] Reserved memory: created DMA memory pool at 0x00000000a0100000, size 15 MiB
[    0.000000] OF: reserved mem: initialized node vision-apps-r5f-memory@a0100000, compatible id shared-dma-pool
[    0.000000] Reserved memory: created DMA memory pool at 0x00000000a1000000, size 1 MiB
[    0.000000] OF: reserved mem: initialized node vision-apps-r5f-dma-memory@a1000000, compatible id shared-dma-pool
[    0.000000] Reserved memory: created DMA memory pool at 0x00000000a1100000, size 15 MiB
[    0.000000] OF: reserved mem: initialized node vision-apps-r5f-memory@a1100000, compatible id shared-dma-pool
[    0.000000] Reserved memory: created DMA memory pool at 0x00000000a2000000, size 1 MiB
[    0.000000] OF: reserved mem: initialized node vision-apps-r5f-dma-memory@a2000000, compatible id shared-dma-pool
[    0.000000] Reserved memory: created DMA memory pool at 0x00000000a2100000, size 31 MiB
[    0.000000] OF: reserved mem: initialized node vision-apps-r5f-memory@a2100000, compatible id shared-dma-pool
[    0.000000] Reserved memory: created DMA memory pool at 0x00000000a4000000, size 1 MiB
[    0.000000] OF: reserved mem: initialized node vision-apps-r5f-dma-memory@a4000000, compatible id shared-dma-pool
[    0.000000] Reserved memory: created DMA memory pool at 0x00000000a4100000, size 31 MiB
[    0.000000] OF: reserved mem: initialized node vision-apps-r5f-memory@a4100000, compatible id shared-dma-pool
[    0.000000] Reserved memory: created DMA memory pool at 0x00000000a6000000, size 1 MiB
[    0.000000] OF: reserved mem: initialized node vision-apps-r5f-dma-memory@a6000000, compatible id shared-dma-pool
[    0.000000] Reserved memory: created DMA memory pool at 0x00000000a6100000, size 15 MiB
[    0.000000] OF: reserved mem: initialized node vision-apps-r5f-memory@a6100000, compatible id shared-dma-pool
[    0.000000] Reserved memory: created DMA memory pool at 0x00000000a7000000, size 1 MiB
[    0.000000] OF: reserved mem: initialized node vision-apps-r5f-dma-memory@a7000000, compatible id shared-dma-pool
[    0.000000] Reserved memory: created DMA memory pool at 0x00000000a7100000, size 15 MiB
[    0.000000] OF: reserved mem: initialized node vision-apps-r5f-memory@a7100000, compatible id shared-dma-pool
[    0.000000] Reserved memory: created DMA memory pool at 0x00000000a8000000, size 1 MiB
[    0.000000] OF: reserved mem: initialized node vision-apps-r5f-dma-memory@a8000000, compatible id shared-dma-pool
[    0.000000] Reserved memory: created DMA memory pool at 0x00000000a8100000, size 31 MiB
[    0.000000] OF: reserved mem: initialized node vision-apps-r5f-memory@a8100000, compatible id shared-dma-pool
[    0.000000] Reserved memory: created DMA memory pool at 0x00000000aa000000, size 1 MiB
[    0.000000] OF: reserved mem: initialized node vision-apps-r5f-dma-memory@aa000000, compatible id shared-dma-pool
[    0.000000] Reserved memory: created DMA memory pool at 0x00000000aa100000, size 15 MiB
[    0.000000] OF: reserved mem: initialized node vision-apps-r5f-memory@aa100000, compatible id shared-dma-pool
[    0.000000] Reserved memory: created DMA memory pool at 0x00000000ab000000, size 1 MiB
[    0.000000] OF: reserved mem: initialized node vision-apps-c71-dma-memory@ab000000, compatible id shared-dma-pool
[    0.000000] Reserved memory: created DMA memory pool at 0x00000000ab100000, size 51 MiB
[    0.000000] OF: reserved mem: initialized node vision-apps-c71_0-memory@ab100000, compatible id shared-dma-pool
[    0.000000] Reserved memory: created DMA memory pool at 0x00000000ae400000, size 1 MiB
[    0.000000] OF: reserved mem: initialized node vision-apps-c71_1-dma-memory@ae400000, compatible id shared-dma-pool
[    0.000000] Reserved memory: created DMA memory pool at 0x00000000ae500000, size 51 MiB
[    0.000000] OF: reserved mem: initialized node vision-apps-c71_1-memory@ae500000, compatible id shared-dma-pool
[    0.000000] Reserved memory: created DMA memory pool at 0x00000000b1800000, size 1 MiB
[    0.000000] OF: reserved mem: initialized node vision-apps-c71_2-dma-memory@b1800000, compatible id shared-dma-pool
[    0.000000] Reserved memory: created DMA memory pool at 0x00000000b1900000, size 51 MiB
[    0.000000] OF: reserved mem: initialized node vision-apps-c71_2-memory@b1900000, compatible id shared-dma-pool
[    0.000000] Reserved memory: created DMA memory pool at 0x00000000b4c00000, size 1 MiB
[    0.000000] OF: reserved mem: initialized node vision-apps-c71_3-dma-memory@b4c00000, compatible id shared-dma-pool
[    0.000000] Reserved memory: created DMA memory pool at 0x00000000b4d00000, size 51 MiB
[    0.000000] OF: reserved mem: initialized node vision-apps-c71_3-memory@b4d00000, compatible id shared-dma-pool
[    0.000000] Reserved memory: created DMA memory pool at 0x00000000b8000000, size 48 MiB
[    0.000000] OF: reserved mem: initialized node vision-apps-rtos-ipc-memory-region@b8000000, compatible id shared-dma-pool
[    0.000000] Reserved memory: created DMA memory pool at 0x00000000bb000000, size 96 MiB
[    0.000000] OF: reserved mem: initialized node vision-apps-dma-memory@bb000000, compatible id shared-dma-pool
[    0.000000] OF: reserved mem: initialized node vision_apps_shared-memories, compatible id dma-heap-carveout
[    0.000000] Reserved memory: created DMA memory pool at 0x00000000e1000000, size 336 MiB
[    0.000000] OF: reserved mem: initialized node vision-apps-core-heap-memory-lo@e1000000, compatible id shared-dma-pool
[    0.000000] Reserved memory: created DMA memory pool at 0x00000000f6000000, size 8 MiB
[    0.000000] OF: reserved mem: initialized node vision-apps-r5f-virtual-eth-queues@f6000000, compatible id shared-dma-pool
[    0.000000] Reserved memory: created DMA memory pool at 0x00000000f6800000, size 24 MiB
[    0.000000] OF: reserved mem: initialized node vision-apps-r5f-virtual-eth-buffers@f6800000, compatible id shared-dma-pool
[    0.000000] Reserved memory: created DMA memory pool at 0x0000000880000000, size 768 MiB
[    0.000000] OF: reserved mem: initialized node vision-apps-core-heap-memory-hi@880000000, compatible id shared-dma-pool
[    0.000000] Zone ranges:
[    0.000000]   DMA      [mem 0x0000000080000000-0x00000000ffffffff]
[    0.000000]   DMA32    empty
[    0.000000]   Normal   [mem 0x0000000100000000-0x0000000fffffefff]
[    0.000000] Movable zone start for each node
[    0.000000] Early memory node ranges
[    0.000000]   node   0: [mem 0x0000000080000000-0x000000009e7fffff]
[    0.000000]   node   0: [mem 0x000000009e800000-0x00000000c0ffffff]
[    0.000000]   node   0: [mem 0x00000000c1000000-0x00000000e0ffffff]
[    0.000000]   node   0: [mem 0x00000000e1000000-0x00000000f7ffffff]
[    0.000000]   node   0: [mem 0x00000000f8000000-0x00000000ffffefff]
[    0.000000]   node   0: [mem 0x0000000880000000-0x00000008afffffff]
[    0.000000]   node   0: [mem 0x00000008b0000000-0x0000000fffffefff]
[    0.000000] Initmem setup node 0 [mem 0x0000000080000000-0x0000000fffffefff]
[    0.000000] On node 0, zone Normal: 1 pages in unavailable ranges
[    0.000000] On node 0, zone Normal: 1 pages in unavailable ranges
[    0.000000] cma: Reserved 144 MiB at 0x0000000095800000
[    0.000000] psci: probing for conduit method from DT.
[    0.000000] psci: PSCIv1.1 detected in firmware.
[    0.000000] psci: Using standard PSCI v0.2 function IDs
[    0.000000] psci: Trusted OS migration not required
[    0.000000] psci: SMC Calling Convention v1.2
[    0.000000] percpu: Embedded 22 pages/cpu s50008 r8192 d31912 u90112
[    0.000000] Detected PIPT I-cache on CPU0
[    0.000000] CPU features: detected: GIC system register CPU interface
[    0.000000] CPU features: detected: EL2 vector hardening
[    0.000000] CPU features: detected: ARM errata 1165522, 1319367, or 1530923
[    0.000000] CPU features: detected: Spectre-BHB
[    0.000000] Built 1 zonelists, mobility grouping on.  Total pages: 8257534
[    0.000000] Kernel command line: console=ttyS2,115200n8 earlycon=ns16550a,mmio32,0x02880000 mtdparts=47040000.spi.0:512k(ospi.tiboot3),2m(ospi.tispl),4m(ospi.u-boot),256k(ospi.env),256k(ospi.env.backup),57088k@8m(ospi.rootfs),256k(ospi.phypattern);47034000.hyperbus:512k(hbmc.tiboot3),2m(hbmc.tispl),4m(hbmc.u-boot),256k(hbmc.env),-@8m(hbmc.rootfs) root=PARTUUID=04cf051e-02 rw rootfstype=ext4 rootwait
[    0.000000] Dentry cache hash table entries: 4194304 (order: 13, 33554432 bytes, linear)
[    0.000000] Inode-cache hash table entries: 2097152 (order: 12, 16777216 bytes, linear)
[    0.000000] mem auto-init: stack:off, heap alloc:off, heap free:off
[    0.000000] software IO TLB: mapped [mem 0x00000000fbfff000-0x00000000fffff000] (64MB)
[    0.000000] Memory: 30432844K/33554424K available (10816K kernel code, 1126K rwdata, 4184K rodata, 1792K init, 431K bss, 2974124K reserved, 147456K cma-reserved)
[    0.000000] SLUB: HWalign=64, Order=0-3, MinObjects=0, CPUs=8, Nodes=1
[    0.000000] rcu: Preemptible hierarchical RCU implementation.
[    0.000000] rcu: 	RCU event tracing is enabled.
[    0.000000] rcu: 	RCU restricting CPUs from NR_CPUS=256 to nr_cpu_ids=8.
[    0.000000] 	Trampoline variant of Tasks RCU enabled.
[    0.000000] rcu: RCU calculated value of scheduler-enlistment delay is 25 jiffies.
[    0.000000] rcu: Adjusting geometry for rcu_fanout_leaf=16, nr_cpu_ids=8
[    0.000000] NR_IRQS: 64, nr_irqs: 64, preallocated irqs: 0
[    0.000000] GICv3: GIC: Using split EOI/Deactivate mode
[    0.000000] GICv3: 960 SPIs implemented
[    0.000000] GICv3: 0 Extended SPIs implemented
[    0.000000] GICv3: Distributor has no Range Selector support
[    0.000000] GICv3: 16 PPIs implemented
[    0.000000] GICv3: CPU0: found redistributor 0 region 0:0x0000000001900000
[    0.000000] ITS [mem 0x01820000-0x0182ffff]
[    0.000000] GIC: enabling workaround for ITS: Socionext Synquacer pre-ITS
[    0.000000] ITS@0x0000000001820000: Devices Table too large, reduce ids 20->19
[    0.000000] ITS@0x0000000001820000: allocated 524288 Devices @8b0800000 (flat, esz 8, psz 64K, shr 0)
[    0.000000] ITS: using cache flushing for cmd queue
[    0.000000] GICv3: using LPI property table @0x00000008b0050000
[    0.000000] GIC: using cache flushing for LPI property table
[    0.000000] GICv3: CPU0: using allocated LPI pending table @0x00000008b0060000
[    0.000000] arch_timer: cp15 timer(s) running at 200.00MHz (phys).
[    0.000000] clocksource: arch_sys_counter: mask: 0xffffffffffffff max_cycles: 0x2e2049d3e8, max_idle_ns: 440795210634 ns
[    0.000002] sched_clock: 56 bits at 200MHz, resolution 5ns, wraps every 4398046511102ns
[    0.008454] Console: colour dummy device 80x25
[    0.013029] Calibrating delay loop (skipped), value calculated using timer frequency.. 400.00 BogoMIPS (lpj=800000)
[    0.023706] pid_max: default: 32768 minimum: 301
[    0.028507] LSM: Security Framework initializing
[    0.033416] Mount-cache hash table entries: 65536 (order: 7, 524288 bytes, linear)
[    0.041321] Mountpoint-cache hash table entries: 65536 (order: 7, 524288 bytes, linear)
[    0.051065] rcu: Hierarchical SRCU implementation.
[    0.056256] Platform MSI: msi-controller@1820000 domain created
[    0.062510] PCI/MSI: /bus@100000/interrupt-controller@1800000/msi-controller@1820000 domain created
[    0.071876] EFI services will not be available.
[    0.076984] smp: Bringing up secondary CPUs ...
[    0.082349] Detected PIPT I-cache on CPU1
[    0.082376] GICv3: CPU1: found redistributor 1 region 0:0x0000000001920000
[    0.082390] GICv3: CPU1: using allocated LPI pending table @0x00000008b0070000
[    0.082433] CPU1: Booted secondary processor 0x0000000001 [0x411fd080]
[    0.083307] Detected PIPT I-cache on CPU2
[    0.083332] GICv3: CPU2: found redistributor 2 region 0:0x0000000001940000
[    0.083346] GICv3: CPU2: using allocated LPI pending table @0x00000008b0080000
[    0.083387] CPU2: Booted secondary processor 0x0000000002 [0x411fd080]
[    0.084208] Detected PIPT I-cache on CPU3
[    0.084235] GICv3: CPU3: found redistributor 3 region 0:0x0000000001960000
[    0.084250] GICv3: CPU3: using allocated LPI pending table @0x00000008b0090000
[    0.084289] CPU3: Booted secondary processor 0x0000000003 [0x411fd080]
[    0.085127] Detected PIPT I-cache on CPU4
[    0.085157] GICv3: CPU4: found redistributor 100 region 0:0x0000000001980000
[    0.085172] GICv3: CPU4: using allocated LPI pending table @0x00000008b00a0000
[    0.085213] CPU4: Booted secondary processor 0x0000000100 [0x411fd080]
[    0.086097] Detected PIPT I-cache on CPU5
[    0.086128] GICv3: CPU5: found redistributor 101 region 0:0x00000000019a0000
[    0.086142] GICv3: CPU5: using allocated LPI pending table @0x00000008b00b0000
[    0.086184] CPU5: Booted secondary processor 0x0000000101 [0x411fd080]
[    0.087009] Detected PIPT I-cache on CPU6
[    0.087040] GICv3: CPU6: found redistributor 102 region 0:0x00000000019c0000
[    0.087056] GICv3: CPU6: using allocated LPI pending table @0x00000008b00c0000
[    0.087098] CPU6: Booted secondary processor 0x0000000102 [0x411fd080]
[    0.087936] Detected PIPT I-cache on CPU7
[    0.087969] GICv3: CPU7: found redistributor 103 region 0:0x00000000019e0000
[    0.087983] GICv3: CPU7: using allocated LPI pending table @0x00000008b00d0000
[    0.088028] CPU7: Booted secondary processor 0x0000000103 [0x411fd080]
[    0.088162] smp: Brought up 1 node, 8 CPUs
[    0.269317] SMP: Total of 8 processors activated.
[    0.274137] CPU features: detected: 32-bit EL0 Support
[    0.279409] CPU features: detected: CRC32 instructions
[    0.295371] CPU: All CPU(s) started at EL2
[    0.299615] alternatives: patching kernel code
[    0.305006] devtmpfs: initialized
[    0.313322] KASLR disabled due to lack of seed
[    0.318000] clocksource: jiffies: mask: 0xffffffff max_cycles: 0xffffffff, max_idle_ns: 7645041785100000 ns
[    0.327981] futex hash table entries: 2048 (order: 5, 131072 bytes, linear)
[    0.336748] pinctrl core: initialized pinctrl subsystem
[    0.342439] DMI not present or invalid.
[    0.346744] NET: Registered protocol family 16
[    0.352524] DMA: preallocated 4096 KiB GFP_KERNEL pool for atomic allocations
[    0.360642] DMA: preallocated 4096 KiB GFP_KERNEL|GFP_DMA pool for atomic allocations
[    0.369497] DMA: preallocated 4096 KiB GFP_KERNEL|GFP_DMA32 pool for atomic allocations
[    0.378031] thermal_sys: Registered thermal governor 'step_wise'
[    0.378035] thermal_sys: Registered thermal governor 'power_allocator'
[    0.384468] hw-breakpoint: found 6 breakpoint and 4 watchpoint registers.
[    0.398273] ASID allocator initialised with 65536 entries
[    0.422166] HugeTLB registered 1.00 GiB page size, pre-allocated 0 pages
[    0.429036] HugeTLB registered 32.0 MiB page size, pre-allocated 0 pages
[    0.435896] HugeTLB registered 2.00 MiB page size, pre-allocated 0 pages
[    0.442752] HugeTLB registered 64.0 KiB page size, pre-allocated 0 pages
[    0.451263] cryptd: max_cpu_qlen set to 1000
[    0.459590] k3-chipinfo 43000014.chipid: Family:J784S4 rev:SR1.0 JTAGID[0x0bb8002f] Detected
[    0.468712] vsys_3v3: supplied by evm_12v0
[    0.473311] vsys_5v0: supplied by evm_12v0
[    0.478831] iommu: Default domain type: Translated 
[    0.484059] SCSI subsystem initialized
[    0.488206] mc: Linux media interface: v0.10
[    0.492615] videodev: Linux video capture interface: v2.00
[    0.498298] pps_core: LinuxPPS API ver. 1 registered
[    0.503384] pps_core: Software ver. 5.3.6 - Copyright 2005-2007 Rodolfo Giometti <giometti@linux.it>
[    0.512744] PTP clock support registered
[    0.516786] EDAC MC: Ver: 3.0.0
[    0.521242] FPGA manager framework
[    0.524812] Advanced Linux Sound Architecture Driver Initialized.
[    0.531709] clocksource: Switched to clocksource arch_sys_counter
[    0.538137] VFS: Disk quotas dquot_6.6.0
[    0.542206] VFS: Dquot-cache hash table entries: 512 (order 0, 4096 bytes)
[    0.556948] Carveout Heap: Exported 512 MiB at 0x00000000c1000000
[    0.563262] NET: Registered protocol family 2
[    0.568376] IP idents hash table entries: 262144 (order: 9, 2097152 bytes, linear)
[    0.579541] tcp_listen_portaddr_hash hash table entries: 16384 (order: 6, 262144 bytes, linear)
[    0.588688] TCP established hash table entries: 262144 (order: 9, 2097152 bytes, linear)
[    0.597792] TCP bind hash table entries: 65536 (order: 8, 1048576 bytes, linear)
[    0.605815] TCP: Hash tables configured (established 262144 bind 65536)
[    0.612747] UDP hash table entries: 16384 (order: 7, 524288 bytes, linear)
[    0.620104] UDP-Lite hash table entries: 16384 (order: 7, 524288 bytes, linear)
[    0.628026] NET: Registered protocol family 1
[    0.633181] RPC: Registered named UNIX socket transport module.
[    0.639265] RPC: Registered udp transport module.
[    0.644077] RPC: Registered tcp transport module.
[    0.648886] RPC: Registered tcp NFSv4.1 backchannel transport module.
[    0.655479] PCI: CLS 0 bytes, default 64
[    0.660574] hw perfevents: enabled with armv8_cortex_a72 PMU driver, 7 counters available
[    0.674336] Initialise system trusted keyrings
[    0.679087] workingset: timestamp_bits=46 max_order=23 bucket_order=0
[    0.687760] squashfs: version 4.0 (2009/01/31) Phillip Lougher
[    0.694186] NFS: Registering the id_resolver key type
[    0.699405] Key type id_resolver registered
[    0.703704] Key type id_legacy registered
[    0.707868] nfs4filelayout_init: NFSv4 File Layout Driver Registering...
[    0.714734] nfs4flexfilelayout_init: NFSv4 Flexfile Layout Driver Registering...
[    0.722462] 9p: Installing v9fs 9p2000 file system support
[    0.747709] Key type asymmetric registered
[    0.751915] Asymmetric key parser 'x509' registered
[    0.756943] Block layer SCSI generic (bsg) driver version 0.4 loaded (major 243)
[    0.764520] io scheduler mq-deadline registered
[    0.769157] io scheduler kyber registered
[    0.775675] pinctrl-single 4301c000.pinctrl: 94 pins, size 376
[    0.781903] pinctrl-single 11c000.pinctrl: 72 pins, size 288
[    0.792508] k3-ringacc 2b800000.ringacc: Failed to get MSI domain
[    0.798871] k3-ringacc 3c000000.ringacc: Failed to get MSI domain
[    0.809226] Serial: 8250/16550 driver, 10 ports, IRQ sharing enabled
[    0.828497] brd: module loaded
[    0.838060] loop: module loaded
[    0.841752] sysfs: cannot create duplicate filename '/devices/platform/dma_buf_phys'
[    0.849699] CPU: 3 PID: 1 Comm: swapper/0 Not tainted 5.10.120-g6e9f968521 #1
[    0.856990] Hardware name: Texas Instruments J784S4 EVM (DT)
[    0.862769] Call trace:
[    0.865269]  dump_backtrace+0x0/0x1a0
[    0.869005]  show_stack+0x18/0x68
[    0.872388]  dump_stack+0xd0/0x12c
[    0.875859]  sysfs_warn_dup+0x60/0x80
[    0.879593]  sysfs_create_dir_ns+0xe0/0xf8
[    0.883775]  kobject_add_internal+0x98/0x288
[    0.888132]  kobject_add+0x94/0x100
[    0.891691]  device_add+0xe0/0x740
[    0.895161]  platform_device_add+0x100/0x238
[    0.899519]  platform_device_register_full+0xcc/0x150
[    0.904678]  dma_buf_phys_init+0x6c/0x9c
[    0.908680]  do_one_initcall+0x54/0x1b8
[    0.912594]  kernel_init_freeable+0x220/0x2a0
[    0.917043]  kernel_init+0x14/0x114
[    0.920600]  ret_from_fork+0x10/0x34
[    0.924271] kobject_add_internal failed for dma_buf_phys with -EEXIST, don't try to register things with the same name in the same directory.
[    0.937767] megasas: 07.714.04.00-rc1
[    0.944641] tun: Universal TUN/TAP device driver, 1.6
[    0.950251] igbvf: Intel(R) Gigabit Virtual Function Network Driver
[    0.956676] igbvf: Copyright (c) 2009 - 2012 Intel Corporation.
[    0.962779] sky2: driver version 1.30
[    0.967628] VFIO - User Level meta-driver version: 0.3
[    0.973860] i2c /dev entries driver
[    0.978845] sdhci: Secure Digital Host Controller Interface driver
[    0.985177] sdhci: Copyright(c) Pierre Ossman
[    0.990040] sdhci-pltfm: SDHCI platform and OF driver helper
[    0.997113] ledtrig-cpu: registered to indicate activity on CPUs
[    1.003610] SMCCC: SOC_ID: ARCH_SOC_ID not implemented, skipping ....
[    1.011438] optee: probing for conduit method.
[    1.016006] optee: revision 3.12 (3d47a131)
[    1.016393] optee: initialized driver
[    1.026224] NET: Registered protocol family 17
[    1.030877] 9pnet: Installing 9P2000 support
[    1.035301] Key type dns_resolver registered
[    1.039825] Loading compiled-in X.509 certificates
[    1.050860] k3-ringacc 2b800000.ringacc: Failed to get MSI domain
[    1.057343] k3-ringacc 3c000000.ringacc: Failed to get MSI domain
[    1.066596] ti-sci 44083000.system-controller: ABI: 3.1 (firmware rev 0x0008 '8.4.2--j7ahp-presil-0.9 (Jolly ')
[    1.110949] pca953x 0-0020: supply vcc not found, using dummy regulator
[    1.117842] pca953x 0-0020: using no AI
[    1.144674] pca953x 0-0022: supply vcc not found, using dummy regulator
[    1.151555] pca953x 0-0022: using AI
[    1.156135] omap_i2c 2000000.i2c: bus 0 rev0.12 at 400 kHz
[    1.163793] ti-sci-intr bus@100000:interrupt-controller@a00000: Interrupt Router 209 domain created
[    1.173332] ti-sci-intr 310e0000.interrupt-controller: Interrupt Router 283 domain created
[    1.182077] ti-sci-inta 33d00000.msi-controller: Interrupt Aggregator domain 321 created
[    1.197539] j721e-pcie 2900000.pcie: host bridge /bus@100000/pcie@2900000 ranges:
[    1.205241] j721e-pcie 2900000.pcie:       IO 0x0010001000..0x0010010fff -> 0x0010001000
[    1.213533] j721e-pcie 2900000.pcie:      MEM 0x0010011000..0x0017ffffff -> 0x0010011000
[    1.221840] j721e-pcie 2900000.pcie:   IB MEM 0x0000000000..0xffffffffffff -> 0x0000000000
[    2.234588] j721e-pcie 2900000.pcie: PCI host bridge to bus 0000:00
[    2.241032] pci_bus 0000:00: root bus resource [bus 00-ff]
[    2.246651] pci_bus 0000:00: root bus resource [io  0x0000-0xffff] (bus address [0x10001000-0x10010fff])
[    2.256350] pci_bus 0000:00: root bus resource [mem 0x10011000-0x17ffffff]
[    2.263417] pci 0000:00:00.0: [104c:b00d] type 01 class 0x060400
[    2.269567] pci_bus 0000:00: 2-byte config write to 0000:00:00.0 offset 0x4 may corrupt adjacent RW1C bits
[    2.279554] pci 0000:00:00.0: supports D1
[    2.283659] pci 0000:00:00.0: PME# supported from D0 D1 D3hot
[    2.292962] pci 0000:00:00.0: bridge configuration invalid ([bus 00-00]), reconfiguring
[    2.304509] pci_bus 0000:01: busn_res: [bus 01-ff] end is updated to 01
[    2.311301] pci 0000:00:00.0: PCI bridge to [bus 01]
[    2.316799] pcieport 0000:00:00.0: PME: Signaling with IRQ 35
[    2.323460] j721e-pcie 2910000.pcie: host bridge /bus@100000/pcie@2910000 ranges:
[    2.331165] j721e-pcie 2910000.pcie:       IO 0x0018001000..0x0018010fff -> 0x0018001000
[    2.339482] j721e-pcie 2910000.pcie:      MEM 0x0018011000..0x001fffffff -> 0x0018011000
[    2.347778] j721e-pcie 2910000.pcie:   IB MEM 0x0000000000..0xffffffffffff -> 0x0000000000
[    3.360437] j721e-pcie 2910000.pcie: PCI host bridge to bus 0001:00
[    3.366883] pci_bus 0001:00: root bus resource [bus 00-ff]
[    3.372500] pci_bus 0001:00: root bus resource [io  0x10000-0x1ffff] (bus address [0x18001000-0x18010fff])
[    3.382375] pci_bus 0001:00: root bus resource [mem 0x18011000-0x1fffffff]
[    3.389441] pci 0001:00:00.0: [104c:b013] type 01 class 0x060400
[    3.395591] pci_bus 0001:00: 2-byte config write to 0001:00:00.0 offset 0x4 may corrupt adjacent RW1C bits
[    3.405573] pci 0001:00:00.0: supports D1
[    3.409681] pci 0001:00:00.0: PME# supported from D0 D1 D3hot
[    3.419004] pci 0001:00:00.0: bridge configuration invalid ([bus 00-00]), reconfiguring
[    3.430555] pci_bus 0001:01: busn_res: [bus 01-ff] end is updated to 01
[    3.437346] pci 0001:00:00.0: PCI bridge to [bus 01]
[    3.442830] pcieport 0001:00:00.0: PME: Signaling with IRQ 38
[    3.450345] k3-ringacc 2b800000.ringacc: Ring Accelerator probed rings:286, gp-rings[96,20] sci-dev-id:328
[    3.460240] k3-ringacc 2b800000.ringacc: dma-ring-reset-quirk: disabled
[    3.467006] k3-ringacc 2b800000.ringacc: RA Proxy rev. 66349100, num_proxies:64
[    3.477049] k3-ringacc 3c000000.ringacc: Ring Accelerator probed rings:1024, gp-rings[878,128] sci-dev-id:315
[    3.487213] k3-ringacc 3c000000.ringacc: dma-ring-reset-quirk: disabled
[    3.493991] k3-ringacc 3c000000.ringacc: RA Proxy rev. 66349100, num_proxies:64
[    3.502094] printk: console [ttyS2] disabled
[    3.506514] 2880000.serial: ttyS2 at MMIO 0x2880000 (irq = 17, base_baud = 3000000) is a 8250
[    3.515271] printk: console [ttyS2] enabled
[    3.515271] printk: console [ttyS2] enabled
[    3.523714] printk: bootconsole [ns16550a0] disabled
[    3.523714] printk: bootconsole [ns16550a0] disabled
[    3.575716] davinci_mdio 46000f00.mdio: davinci mdio revision 9.7, bus freq 1000000
[    3.584952] davinci_mdio 46000f00.mdio: phy[0]: device 46000f00.mdio:00, driver TI DP83867
[    3.593315] am65-cpsw-nuss 46000000.ethernet: initializing am65 cpsw nuss version 0x6BA02102, cpsw version 0x6BA82102 Ports: 2 quirks:00000000
[    3.607808] am65-cpts 310d0000.cpts: CPTS ver 0x4e8a010c, freq:200000000, add_val:4 pps:0
[    3.617420] mmc0: CQHCI version 5.10
[    3.619886] vdd_mmc1: supplied by vsys_3v3
[    3.626663] omap-mailbox 31f80000.mailbox: omap mailbox rev 0x66fca100
[    3.633728] omap-mailbox 31f81000.mailbox: omap mailbox rev 0x66fca100
[    3.640767] omap-mailbox 31f82000.mailbox: omap mailbox rev 0x66fca100
[    3.647814] omap-mailbox 31f83000.mailbox: omap mailbox rev 0x66fca100
[    3.654869] omap-mailbox 31f84000.mailbox: omap mailbox rev 0x66fca100
[    3.661877] omap-mailbox 31f85000.mailbox: omap mailbox rev 0x66fca100
[    3.662286] mmc0: SDHCI controller on 4f80000.mmc [4f80000.mmc] using ADMA 64-bit
[    3.669414] ti-udma 285c0000.dma-controller: Channels: 22 (tchan: 11, rchan: 11, gp-rflow: 8)
[    3.686929] ti-udma 31150000.dma-controller: Channels: 66 (tchan: 33, rchan: 33, gp-rflow: 16)
[    3.702074] spi-nor spi0.0: s28hs512t (65536 Kbytes)
[    3.707066] 7 cmdlinepart partitions found on MTD device 47040000.spi.0
[    3.713679] Creating 7 MTD partitions on "47040000.spi.0":
[    3.719162] 0x000000000000-0x000000080000 : "ospi.tiboot3"
[    3.725689] 0x000000080000-0x000000280000 : "ospi.tispl"
[    3.732120] 0x000000280000-0x000000680000 : "ospi.u-boot"
[    3.738603] 0x000000680000-0x0000006c0000 : "ospi.env"
[    3.744763] 0x0000006c0000-0x000000700000 : "ospi.env.backup"
[    3.751565] 0x000000800000-0x000003fc0000 : "ospi.rootfs"
[    3.758031] 0x000003fc0000-0x000004000000 : "ospi.phypattern"
[    3.767205] mmc0: Command Queue Engine enabled
[    3.771677] mmc0: new HS400 MMC card at address 0001
[    3.777185] mmcblk0: mmc0:0001 S0J56X 14.8 GiB 
[    3.781942] mmcblk0boot0: mmc0:0001 S0J56X partition 1 31.5 MiB
[    3.788039] mmcblk0boot1: mmc0:0001 S0J56X partition 2 31.5 MiB
[    3.794116] mmcblk0rpmb: mmc0:0001 S0J56X partition 3 4.00 MiB, chardev (237:0)
[    3.819725] davinci_mdio 46000f00.mdio: davinci mdio revision 9.7, bus freq 1000000
[    3.828905] davinci_mdio 46000f00.mdio: phy[0]: device 46000f00.mdio:00, driver TI DP83867
[    3.837266] am65-cpsw-nuss 46000000.ethernet: initializing am65 cpsw nuss version 0x6BA02102, cpsw version 0x6BA82102 Ports: 2 quirks:00000000
[    3.850821] am65-cpsw-nuss 46000000.ethernet: set new flow-id-base 48
[    3.857757] am65-cpsw-nuss 46000000.ethernet: initialized cpsw ale version 1.4
[    3.864997] am65-cpsw-nuss 46000000.ethernet: ALE Table size 64
[    3.871629] am65-cpsw-nuss 46000000.ethernet: CPTS ver 0x4e8a010b, freq:500000000, add_val:1 pps:0
[    3.882821] mmc1: CQHCI version 5.10
[    3.885843] debugfs: Directory 'pd:73' with parent 'pm_genpd' already present!
[    3.893689] debugfs: Directory 'pd:72' with parent 'pm_genpd' already present!
[    3.901505] debugfs: Directory 'pd:335' with parent 'pm_genpd' already present!
[    3.908873] debugfs: Directory 'pd:334' with parent 'pm_genpd' already present!
[    3.916252] debugfs: Directory 'pd:333' with parent 'pm_genpd' already present!
[    3.923605] debugfs: Directory 'pd:332' with parent 'pm_genpd' already present!
[    3.932339] mmc1: SDHCI controller on 4fb0000.mmc [4fb0000.mmc] using ADMA 64-bit
[    3.938909] ALSA device list:
[    3.942791]   No soundcards found.
[    3.946530] Waiting for root device PARTUUID=04cf051e-02...
[    3.975362] mmc1: new high speed SDHC card at address aaaa
[    3.981358] mmcblk1: mmc1:aaaa SK32G 29.7 GiB 
[    3.987156]  mmcblk1: p1 p2
[    4.443630] EXT4-fs (mmcblk1p2): recovery complete
[    4.449652] EXT4-fs (mmcblk1p2): mounted filesystem with ordered data mode. Opts: (null)
[    4.457790] VFS: Mounted root (ext4 filesystem) on device 179:98.
[    4.465715] devtmpfs: mounted
[    4.469453] Freeing unused kernel memory: 1792K
[    4.474092] Run /sbin/init as init process
[    4.826235] systemd[1]: System time before build time, advancing clock.
[    4.908046] NET: Registered protocol family 10
[    4.913408] Segment Routing with IPv6
[    4.944515] systemd[1]: systemd 244.5+ running in system mode. (+PAM -AUDIT -SELINUX +IMA -APPARMOR -SMACK +SYSVINIT +UTMP -LIBCRYPTSETUP -GCRYPT -GNUTLS +ACL +XZ -LZ4 -SECCOMP +BLKID -ELFUTILS +KMOD -IDN2 -IDN -PCRE2 default-hierarchy=hybrid)
[    4.967106] systemd[1]: Detected architecture arm64.

Welcome to Arago 2021.09!

[    5.008561] systemd[1]: Set hostname to <j784s4-evm>.
[    5.341491] systemd[1]: /lib/systemd/system/docker.socket:6: ListenStream= references a path below legacy directory /var/run/, updating /var/run/docker.sock → /run/docker.sock; please update the unit file accordingly.
[    5.455393] random: systemd: uninitialized urandom read (16 bytes read)
[    5.462187] systemd[1]: system-getty.slice: unit configures an IP firewall, but the local system does not support BPF/cgroup firewalling.
[    5.474538] systemd[1]: (This warning is only shown for the first unit using IP firewalling.)
[    5.486496] systemd[1]: Created slice system-getty.slice.
[  OK  ] Created slice system-getty.slice.
[    5.507914] random: systemd: uninitialized urandom read (16 bytes read)
[    5.516227] systemd[1]: Created slice system-serial\x2dgetty.slice.
[  OK  ] Created slice system-serial\x2dgetty.slice.
[    5.539867] random: systemd: uninitialized urandom read (16 bytes read)
[    5.548056] systemd[1]: Created slice User and Session Slice.
[  OK  ] Created slice User and Session Slice.
[    5.568142] systemd[1]: Started Dispatch Password Requests to Console Directory Watch.
[  OK  ] Started Dispatch Password …ts to Console Directory Watch.
[    5.592155] systemd[1]: Started Forward Password Requests to Wall Directory Watch.
[  OK  ] Started Forward Password R…uests to Wall Directory Watch.
[    5.615973] systemd[1]: Reached target Paths.
[  OK  ] Reached target Paths.
[    5.631935] systemd[1]: Reached target Remote File Systems.
[  OK  ] Reached target Remote File Systems.
[    5.651916] systemd[1]: Reached target Slices.
[  OK  ] Reached target Slices.
[    5.667919] systemd[1]: Reached target Swap.
[  OK  ] Reached target Swap.
[    5.704303] systemd[1]: Listening on RPCbind Server Activation Socket.
[  OK  ] Listening on RPCbind Server Activation Socket.
[    5.727917] systemd[1]: Reached target RPC Port Mapper.
[  OK  ] Reached target RPC Port Mapper.
[    5.751335] systemd[1]: Listening on Process Core Dump Socket.
[  OK  ] Listening on Process Core Dump Socket.
[    5.772142] systemd[1]: Listening on initctl Compatibility Named Pipe.
[  OK  ] Listening on initctl Compatibility Named Pipe.
[    5.817603] systemd[1]: Condition check resulted in Journal Audit Socket being skipped.
[    5.826210] systemd[1]: Listening on Journal Socket (/dev/log).
[  OK  ] Listening on Journal Socket (/dev/log).
[    5.852421] systemd[1]: Listening on Journal Socket.
[  OK  ] Listening on Journal Socket.
[    5.868457] systemd[1]: Listening on Network Service Netlink Socket.
[  OK  ] Listening on Network Service Netlink Socket.
[    5.892345] systemd[1]: Listening on udev Control Socket.
[  OK  ] Listening on udev Control Socket.
[    5.912201] systemd[1]: Listening on udev Kernel Socket.
[  OK  ] Listening on udev Kernel Socket.
[    5.936569] systemd[1]: Mounting Huge Pages File System...
         Mounting Huge Pages File System...
[    5.956891] systemd[1]: Mounting POSIX Message Queue File System...
         Mounting POSIX Message Queue File System...
[    5.984334] systemd[1]: Mounting Kernel Debug File System...
         Mounting Kernel Debug File System...
[    6.011799] systemd[1]: Mounting Temporary Directory (/tmp)...
         Mounting Temporary Directory (/tmp)...
[    6.032500] systemd[1]: Starting Create list of static device nodes for the current kernel...
         Starting Create list of st…odes for the current kernel...
[    6.060122] systemd[1]: Starting Start psplash boot splash screen...
         Starting Start psplash boot splash screen...
[    6.089952] systemd[1]: Starting RPC Bind...
         Starting RPC Bind...
[    6.103978] systemd[1]: Condition check resulted in File System Check on Root Device being skipped.
[    6.118725] systemd[1]: Starting Journal Service...
         Starting Journal Service...
[    6.152169] systemd[1]: Starting Load Kernel Modules...
         Starting Load Kernel Modules...
[    6.173319] systemd[1]: Starting Remount Root and Kernel File Systems...
[    6.174699] cryptodev: loading out-of-tree module taints kernel.
         Starting Remount Root and Kernel File Systems   6.188005] cryptodev: driver 1.10 loaded.
[0m...
[    6.194726] EXT4-fs (mmcblk1p2): re-mounted. Opts: (null)
[    6.208765] systemd[1]: Starting udev Coldplug all Devices...
         Starting udev Coldplug all Devices...
[    6.234884] systemd[1]: Started RPC Bind.
[  OK  ] Started RPC Bind.
[    6.248691] systemd[1]: Mounted Huge Pages File System.
[  OK  ] Mounted Huge Pages File System.
[    6.272386] systemd[1]: Started Journal Service.
[  OK  ] Started Journal Service.
[  OK  ] Mounted POSIX Message Queue File System.
[  OK  ] Mounted Kernel Debug File System.
[  OK  ] Mounted Temporary Directory (/tmp).
[  OK  ] Started Create list of sta… nodes for the current kernel.
[FAILED] Failed to start Start psplash boot splash screen.
See 'systemctl status psplash-start.service' for details.
[DEPEND] Dependency failed for Star…progress communication helper.
[  OK  ] Started Load Kernel Modules.
[  OK  ] Started Remount Root and Kernel File Systems.
         Mounting Kernel Configuration File System.[    6.456497] urandom_read_iter: 40 callbacks suppressed
..
[    6.456503] random: systemd-journal: uninitialized urandom read (16 bytes read)
[    6.497903] random: systemd: uninitialized urandom read (16 bytes read)
         Starting Flush Journal to Persistent Storage    6.511643] random: systemd-journal: uninitialized urandom read (16 bytes read)
0m...
[    6.525350] systemd-journald[201]: Received client request to flush runtime journal.
         Starting Apply Kernel Variables...
         Starting Create Static Device Nodes in /dev...
[  OK  ] Mounted Kernel Configuration File System.
[  OK  ] Started Flush Journal to Persistent Storage.
[  OK  ] Started Apply Kernel Variables.
[  OK  ] Started Create Static Device Nodes in /dev.
[  OK  ] Reached target Local File Systems (Pre).
         Mounting /media/ram...
         Mounting /var/volatile...
         Starting udev Kernel Device Manager...
[  OK  ] Mounted /media/ram.
[  OK  ] Mounted /var/volatile.
         Starting Load/Save Random Seed...
[  OK  ] Reached target Local File Systems.
         Starting Create Volatile Files and Directories...
[  OK  ] Started udev Coldplug all Devices.
         Starting udev Wait for Complete Device Initialization...
[  OK  ] Started Create Volatile Files and Directories.
         Starting Network Time Synchronization...
         Starting Update UTMP about System Boot/Shutdown...
[  OK  ] Started udev Kernel Device Manager.
[  OK  ] Started Update UTMP about System Boot/Shutdown.
[  OK  ] Started Network Time Synchronization.
[  OK  ] Reached target System Time Set.
[  OK  ] Reached target System Time Synchronized.
[    7.336002] cdns-mhdp8546 a000000.dp-bridge: no PHY configured
[    7.348641] cdns-mhdp8546 a000000.dp-bridge: no PHY configured
[    7.355150] k3-dsp-rproc 64800000.dsp: assigned reserved memory node vision-apps-c71-dma-memory@ab000000
[    7.360603] cdns-mhdp8546 a000000.dp-bridge: no PHY configured
[    7.377357] cdns-mhdp8546 a000000.dp-bridge: no PHY configured
[    7.446918] k3-dsp-rproc 64800000.dsp: configured DSP for IPC-only mode
[    7.447883] PVR_K:  229: Read BVNC 36.53.104.796 from HW device registers
[    7.473618] PVR_K:  229: RGX Device registered BVNC 36.53.104.796 with 1 core in the system
[    7.484816] [drm] Initialized pvr 1.15.6133109 20170530 for 4e20000000.gpu on minor 0
[    7.503766] remoteproc remoteproc0: 64800000.dsp is available
[    7.507953] cdns-mhdp8546 a000000.dp-bridge: no PHY configured
[    7.508246] wave5: module is from the staging directory, the quality is unknown, you have been warned.
[    7.508862] wave5: module is from the staging directory, the quality is unknown, you have been warned.
[    7.512575] remoteproc remoteproc0: attaching to 64800000.dsp
[    7.530676] vdec 4210000.video-codec: sram daddr: 0x70020000, size: 0x1f800
[    7.537528] remoteproc remoteproc0: unsupported resource 65538
[    7.553275] k3-dsp-rproc 64800000.dsp: DSP initialized in IPC-only mode
[    7.560096]  remoteproc0#vdev0buffer: assigned reserved memory node vision-apps-c71-dma-memory@ab000000
[    7.565369] vdec 4210000.video-codec: Direct firmware load for wave521c_codec_fw.bin failed with error -2
[    7.580847] vdec 4210000.video-codec: request_firmware fail
[    7.583547] virtio_rpmsg_bus virtio0: rpmsg host is online
[    7.588333] virtio_rpmsg_bus virtio0: creating channel rpmsg_chrdev addr 0xd
[    7.591565] vdec 4210000.video-codec: failed to wave5_vpu_load_firmware: -2
[    7.594885]  remoteproc0#vdev0buffer: registered virtio0 (type 7)
[    7.601893] vdec: probe of 4210000.video-codec failed with error -2
[    7.610972] remoteproc remoteproc0: remote processor 64800000.dsp is now attached
[    7.628882] vdec 4220000.video-codec: sram daddr: 0x7003f800, size: 0x1f800
[    7.629069] cdns-mhdp8546 a000000.dp-bridge: no PHY configured
[    7.642364] k3-dsp-rproc 65800000.dsp: assigned reserved memory node vision-apps-c71_1-dma-memory@ae400000
[    7.646082] cdns-mhdp8546 a000000.dp-bridge: no PHY configured
[    7.661103] k3-dsp-rproc 65800000.dsp: configured DSP for IPC-only mode
[    7.664102] vdec 4220000.video-codec: Direct firmware load for wave521c_codec_fw.bin failed with error -2
[    7.668212] remoteproc remoteproc1: 65800000.dsp is available
[    7.677419] vdec 4220000.video-codec: request_firmware fail
[    7.679134] platform 5c00000.r5f: configured R5F for IPC-only mode
[    7.679362] platform 5c00000.r5f: assigned reserved memory node vision-apps-r5f-dma-memory@a2000000
[    7.682044] remoteproc remoteproc2: 5c00000.r5f is available
[    7.682126] remoteproc remoteproc2: attaching to 5c00000.r5f
[    7.682301] platform 5c00000.r5f: R5F core initialized in IPC-only mode
[    7.682319]  remoteproc2#vdev0buffer: assigned reserved memory node vision-apps-r5f-dma-memory@a2000000
[    7.682854] virtio_rpmsg_bus virtio1: rpmsg host is online
[    7.683281] remoteproc remoteproc1: attaching to 65800000.dsp
[    7.683387] remoteproc remoteproc1: unsupported resource 65538
[    7.684621]  remoteproc2#vdev0buffer: registered virtio1 (type 7)
[    7.686008] cdns-mhdp8546 a000000.dp-bridge: no PHY configured
[    7.686257] remoteproc remoteproc2: remote processor 5c00000.r5f is now attached
[    7.688924] vdec 4220000.video-codec: failed to wave5_vpu_load_firmware: -2
[    7.705983] virtio_rpmsg_bus virtio1: creating channel rpmsg_chrdev addr 0xd
[    7.710178] k3-dsp-rproc 65800000.dsp: DSP initialized in IPC-only mode
[    7.717148] vdec: probe of 4220000.video-codec failed with error -2
[    7.722518]  remoteproc1#vdev0buffer: assigned reserved memory node vision-apps-c71_1-dma-memory@ae400000
[    7.732130] platform 5d00000.r5f: configured R5F for IPC-only mode
[    7.738116] virtio_rpmsg_bus virtio2: rpmsg host is online
[    7.742786] virtio_rpmsg_bus virtio2: creating channel rpmsg_chrdev addr 0xd
[    7.773861] platform 5d00000.r5f: assigned reserved memory node vision-apps-r5f-dma-memory@a4000000
[    7.777403]  remoteproc1#vdev0buffer: registered virtio2 (type 7)
[    7.779148] cdns-mhdp8546 a000000.dp-bridge: no PHY configured
[    7.823570] remoteproc remoteproc3: 5d00000.r5f is available
[    7.824728] remoteproc remoteproc1: remote processor 65800000.dsp is now attached
[    7.842611] remoteproc remoteproc3: attaching to 5d00000.r5f
[    7.849987] cdns-mhdp8546 a000000.dp-bridge: no PHY configured
[    7.870612] k3-dsp-rproc 66800000.dsp: assigned reserved memory node vision-apps-c71_2-dma-memory@b1800000
[    7.878284] platform 5d00000.r5f: R5F core initialized in IPC-only mode
[    7.885341] k3-dsp-rproc 66800000.dsp: configured DSP for IPC-only mode
[    7.894015] remoteproc remoteproc4: 66800000.dsp is available
[    7.895436] urandom_read_iter: 28 callbacks suppressed
[    7.895442] random: systemd: uninitialized urandom read (16 bytes read)
[    7.899896] remoteproc remoteproc4: attaching to 66800000.dsp
[    7.905746] random: systemd: uninitialized urandom read (16 bytes read)
[    7.911690] remoteproc remoteproc4: unsupported resource 65538
[    7.919994]  remoteproc3#vdev0buffer: assigned reserved memory node vision-apps-r5f-dma-memory@a4000000
[    7.925479] k3-dsp-rproc 66800000.dsp: DSP initialized in IPC-only mode
[    7.927355] random: systemd: uninitialized urandom read (16 bytes read)
[    7.933969] virtio_rpmsg_bus virtio3: rpmsg host is online
[    7.944402]  remoteproc4#vdev0buffer: assigned reserved memory node vision-apps-c71_2-dma-memory@b1800000
[    7.947018]  remoteproc3#vdev0buffer: registered virtio3 (type 7)
[    7.950198] cdns-mhdp8546 a000000.dp-bridge: no PHY configured
[    7.956479] virtio_rpmsg_bus virtio3: creating channel rpmsg_chrdev addr 0xd
[    7.960394] remoteproc remoteproc3: remote processor 5d00000.r5f is now attached
[    8.000201] cdns-mhdp8546 a000000.dp-bridge: no PHY configured
[    8.001673] virtio_rpmsg_bus virtio4: rpmsg host is online
[    8.005597] virtio_rpmsg_bus virtio4: creating channel rpmsg_chrdev addr 0xd
[    8.007206] platform 5e00000.r5f: configured R5F for IPC-only mode
[    8.032084] platform 5e00000.r5f: assigned reserved memory node vision-apps-r5f-dma-memory@a6000000
[    8.032614] cdns-mhdp8546 a000000.dp-bridge: no PHY configured
[    8.042794] remoteproc remoteproc5: 5e00000.r5f is available
[    8.049947]  remoteproc4#vdev0buffer: registered virtio4 (type 7)
[    8.054190] remoteproc remoteproc5: attaching to 5e00000.r5f
[    8.058909] remoteproc remoteproc4: remote processor 66800000.dsp is now attached
[    8.062803] cdns-mhdp8546 a000000.dp-bridge: no PHY configured
[    8.075372] platform 5e00000.r5f: R5F core initialized in IPC-only mode
[    8.079023] k3-dsp-rproc 67800000.dsp: assigned reserved memory node vision-apps-c71_3-dma-memory@b4c00000
[    8.099799] k3-dsp-rproc 67800000.dsp: configured DSP for IPC-only mode
[    8.106603] remoteproc remoteproc6: 67800000.dsp is available
[    8.107610]  remoteproc5#vdev0buffer: assigned reserved memory node vision-apps-r5f-dma-memory@a6000000
[    8.112515] remoteproc remoteproc6: attaching to 67800000.dsp
[    8.127793] remoteproc remoteproc6: unsupported resource 65538
[    8.133759] k3-dsp-rproc 67800000.dsp: DSP initialized in IPC-only mode
[    8.140441]  remoteproc6#vdev0buffer: assigned reserved memory node vision-apps-c71_3-dma-memory@b4c00000
[    8.141811] virtio_rpmsg_bus virtio5: rpmsg host is online
[    8.150615] virtio_rpmsg_bus virtio6: rpmsg host is online
[    8.154393] virtio_rpmsg_bus virtio6: creating channel rpmsg_chrdev addr 0xd
[    8.163505] virtio_rpmsg_bus virtio5: creating channel rpmsg_chrdev addr 0xd
[    8.175350]  remoteproc6#vdev0buffer: registered virtio6 (type 7)
[    8.183174] cdns-mhdp8546 a000000.dp-bridge: no PHY configured
[    8.189089] remoteproc remoteproc6: remote processor 67800000.dsp is now attached
[    8.200418] cdns-mhdp8546 a000000.dp-bridge: no PHY configured
[    8.231914]  remoteproc5#vdev0buffer: registered virtio5 (type 7)
[    8.231959] cdns-mhdp8546 a000000.dp-bridge: no PHY configured
[    8.245051] remoteproc remoteproc5: remote processor 5e00000.r5f is now attached
[    8.256731] platform 5f00000.r5f: configured R5F for IPC-only mode
[    8.263532] platform 5f00000.r5f: assigned reserved memory node vision-apps-r5f-dma-memory@a7000000
[    8.275201] remoteproc remoteproc7: 5f00000.r5f is available
[    8.281170] remoteproc remoteproc7: attaching to 5f00000.r5f
[    8.287100] platform 5f00000.r5f: R5F core initialized in IPC-only mode
[    8.293819]  remoteproc7#vdev0buffer: assigned reserved memory node vision-apps-r5f-dma-memory@a7000000
[    8.304006] virtio_rpmsg_bus virtio7: rpmsg host is online
[    8.313915] cdns-mhdp8546 a000000.dp-bridge: no PHY configured
[    8.317836]  remoteproc7#vdev0buffer: registered virtio7 (type 7)
[    8.326302] virtio_rpmsg_bus virtio7: creating channel rpmsg_chrdev addr 0xd
[    8.326834] remoteproc remoteproc7: remote processor 5f00000.r5f is now attached
[    8.346402] cdns-mhdp8546 a000000.dp-bridge: no PHY configured
[    8.353481] platform 5900000.r5f: configured R5F for IPC-only mode
[    8.359994] platform 5900000.r5f: assigned reserved memory node vision-apps-r5f-dma-memory@a8000000
[    8.372727] remoteproc remoteproc8: 5900000.r5f is available
[    8.378868] remoteproc remoteproc8: attaching to 5900000.r5f
[    8.384874] platform 5900000.r5f: R5F core initialized in IPC-only mode
[    8.391577]  remoteproc8#vdev0buffer: assigned reserved memory node vision-apps-r5f-dma-memory@a8000000
[    8.401583] virtio_rpmsg_bus virtio8: rpmsg host is online
[    8.410396]  remoteproc8#vdev0buffer: registered virtio8 (type 7)
[    8.411269] cdns-mhdp8546 a000000.dp-bridge: no PHY configured
[    8.417666] remoteproc remoteproc8: remote processor 5900000.r5f is now attached
[    8.423461] virtio_rpmsg_bus virtio8: creating channel rpmsg_chrdev addr 0xd
[    8.443851] platform 5a00000.r5f: configured R5F for IPC-only mode
[    8.450413] platform 5a00000.r5f: assigned reserved memory node vision-apps-r5f-dma-memory@aa000000
[    8.461530] remoteproc remoteproc9: 5a00000.r5f is available
[    8.473554] remoteproc remoteproc9: attaching to 5a00000.r5f
[    8.479630] platform 5a00000.r5f: R5F core initialized in IPC-only mode
[    8.487613]  remoteproc9#vdev0buffer: assigned reserved memory node vision-apps-r5f-dma-memory@aa000000
[    8.508982] virtio_rpmsg_bus virtio9: rpmsg host is online
[    8.516725]  remoteproc9#vdev0buffer: registered virtio9 (type 7)
[    8.519111] cdns-mhdp8546 a000000.dp-bridge: no PHY configured
[    8.528440] remoteproc remoteproc9: remote processor 5a00000.r5f is now attached
[    8.531082] virtio_rpmsg_bus virtio9: creating channel rpmsg_chrdev addr 0xd
[    8.543889] virtio_rpmsg_bus virtio9: creating channel rpmsg_chrdev addr 0x15
[    8.545190] cdns-mhdp8546 a000000.dp-bridge: no PHY configured
[    8.551419] virtio_rpmsg_bus virtio9: creating channel ti.ipc4.ping-pong addr 0xe
[    8.568099] virtio_rpmsg_bus virtio0: creating channel rpmsg_chrdev addr 0x15
[    8.575537] virtio_rpmsg_bus virtio0: creating channel ti.ipc4.ping-pong addr 0xe
[    8.583457] virtio_rpmsg_bus virtio2: creating channel rpmsg_chrdev addr 0x15
[    8.590930] virtio_rpmsg_bus virtio2: creating channel ti.ipc4.ping-pong addr 0xe
[    8.598860] virtio_rpmsg_bus virtio4: creating channel rpmsg_chrdev addr 0x15
[    8.606319] virtio_rpmsg_bus virtio4: creating channel ti.ipc4.ping-pong addr 0xe
[    8.614127] virtio_rpmsg_bus virtio6: creating channel rpmsg_chrdev addr 0x15
[    8.621570] virtio_rpmsg_bus virtio6: creating channel ti.ipc4.ping-pong addr 0xe
[    8.629369] virtio_rpmsg_bus virtio1: creating channel rpmsg_chrdev addr 0x15
[    8.636813] virtio_rpmsg_bus virtio1: creating channel ti.ipc4.ping-pong addr 0xe
[    8.644700] virtio_rpmsg_bus virtio3: creating channel rpmsg_chrdev addr 0x15
[    8.652210] virtio_rpmsg_bus virtio3: creating channel ti.ipc4.ping-pong addr 0xe
[    8.659999] virtio_rpmsg_bus virtio5: creating channel rpmsg_chrdev addr 0x15
[    8.660172] virtio_rpmsg_bus virtio5: creating channel ti.ipc4.ping-pong addr 0xe
[    8.660349] virtio_rpmsg_bus virtio7: creating channel rpmsg_chrdev addr 0x15
[    8.660514] virtio_rpmsg_bus virtio7: creating channel ti.ipc4.ping-pong addr 0xe
[    8.660669] virtio_rpmsg_bus virtio8: creating channel rpmsg_chrdev addr 0x15
[    8.660826] virtio_rpmsg_bus virtio8: creating channel ti.ipc4.ping-pong addr 0xe
[    8.687668] usbcore: registered new interface driver usbfs
[    8.687848] usbcore: registered new interface driver hub
[    8.687946] usbcore: registered new device driver usb
[    8.767527] cdns-mhdp8546 a000000.dp-bridge: no PHY configured
[    8.772035] cdns-mhdp8546 a000000.dp-bridge: no PHY configured
[    8.805575] cdns-mhdp8546 a000000.dp-bridge: no PHY configured
[    8.875749] random: crng init done
[    8.879160] random: 112 urandom warning(s) missed due to ratelimiting
[  OK  ] Started Load/Save Random Seed.
[  OK  ] Created slice system-systemd\x2dfsck.slice.
[  OK  ] Found device /dev/mmcblk1p1.
[  OK  ] Started udev Wait for Complete Device Initialization.
[  OK  ] Started Hardware RNG Entropy Gatherer Daemon.
[  OK  ] Reached target System Initialization.
[  OK  ] Started Daily rotation of log files.
[  OK  ] Started Daily Cleanup of Temporary Directories.
[  OK  ] Reached target Timers.
[  OK  ] Listening on Avahi mDNS/DNS-SD Stack Activation Socket.
[  OK  ] Listening on D-Bus System Message Bus Socket.
         Starting Docker Socket for the API.
[  OK  ] Listening on dropbear.socket.
         Starting Reboot and dump vmcore via kexec...
         Starting File System Check on /dev/mmcblk1p1...
[  OK  ] Listening on Docker Socket for the API.
[  OK  ] Started Reboot and dump vmcore via kexec.
[  OK  ] Reached target Sockets.
[  OK  ] Reached target Basic System.
[  OK  ] Started Job spooling tools.
[  OK  ] Started Periodic Command Scheduler.
[  OK  ] Started D-Bus System Message Bus.
         Starting Print notice about GPLv3 packages...
         Starting IPv6 Packet Filtering Framework...
         Starting IPv4 Packet Filtering Framework...
[  OK  ] Started irqbalance daemon.
         Starting Telephony service...
         Starting rc.pvr.service...
         Starting Login Service...
[  OK  ] Started TEE Supplicant.
[  OK  ] Started File System Check on /dev/mmcblk1p1.
[  OK  ] Started IPv6 Packet Filtering Framework.
[  OK  ] Started IPv4 Packet Filtering Framework.
[  OK  ] Started rc.pvr.service.
[  OK  ] Started Telephony service.
[  OK  ] Reached target Network (Pre).
         Mounting /run/media/mmcblk1p1...
         Starting Network Service...
         Starting weston.service...
[  OK  ] Listening on Load/Save RF …itch Status /dev/rfkill Watch.
[   10.149296] Bluetooth: Core ver 2.22
[   10.153085] NET: Registered protocol family 31
[   10.157662] Bluetooth: HCI device and connection manager initialized
[   10.164087] Bluetooth: HCI socket layer initialized
[   10.169120] Bluetooth: L2CAP socket layer initialized
[   10.174250] Bluetooth: SCO socket layer initialized
[  OK  ] Started Login Service.
[  OK  ] Mounted /run/media/mmcblk1p1.
[  OK  ] Started Network Service.
         Starting Wait for Network to be Configured...
         Starting Network Name Resolution...
[   10.351662] TI DP83867 46000f00.mdio:00: attached PHY driver [TI DP83867] (mii_bus:phy_addr=46000f00.mdio:00, irq=POLL)
[   10.366719] am65-cpsw-nuss 46000000.ethernet eth0: Link is Down
[  OK  ] Started Network Name Resolution.
[  OK  ] Reached target Network.
[  OK  ] Reached target Host and Network Name Lookups.
         Starting Avahi mDNS/DNS-SD Stack...
         Starting Enable and configure wl18xx bluetooth stack...
[  OK  ] Started NFS status monitor for NFSv2/3 locking..
         Starting Simple Network Ma…ent Protocol (SNMP) Daemon....
         Starting Permit User Sessions...
[  OK  ] Started Enable and configure wl18xx bluetooth stack.
[  OK  ] Started Permit User Sessions.
[  OK  ] Started Getty on tty1.
[  OK  ] Started Serial Getty on ttyS2.
[  OK  ] Reached target Login Prompts.
         Starting Synchronize System and HW clocks...
[  OK  ] Started Avahi mDNS/DNS-SD Stack.
[FAILED] Failed to start Synchronize System and HW clocks.
See 'systemctl status sync-clocks.service' for details.
[  OK  ] Started Simple Network Man…ement Protocol (SNMP) Daemon..
***************************************************************
***************************************************************
NOTICE: This file system contains the following GPLv3 packages:
	autoconf
	bash-dev
	bash
	bc
	binutils
	cifs-utils
	coreutils-stdbuf
	coreutils
	cpio
	cpp-symlinks
	cpp
	dosfstools
	elfutils
	g++-symlinks
	g++
	gawk
	gcc-symlinks
	gcc
	gdb
	gdbserver
	gettext
	glmark2
	gstreamer1.0-libav-dev
	gstreamer1.0-libav
	gzip
	less
	libasm1
	libbfd
	libdw1
	libelf1
	libgdbm-compat4
	libgdbm-dev
	libgdbm6
	libgettextlib
	libgettextsrc
	libgmp-dev
	libgmp10
	libgmpxx4
	libidn2-0
	libidn2-dev
	libmpc3
	libmpfr6
	libreadline-dev
	libreadline8
	libunistring-dev
	libunistring2
	m4-dev
	m4
	make
	nettle-dev
	nettle
	parted
	python3-rfc3987
	python3-strict-rfc3339
	tar
	which
	zeromq

If you do not wish to distribute GPLv3 components please remove
the above packages prior to distribution.  This can be done using
the opkg remove command.  i.e.:
    opkg remove <package>
Where <package> is the name printed in the list above

NOTE: If the package is a dependency of another package you
      will be notified of the dependent packages.  You should
      use the --force-removal-of-dependent-packages option to
      also remove the dependent packages as well
***************************************************************
***************************************************************
[  OK  ] Started weston.service.
[  OK  ] Started Print notice about GPLv3 packages.
         Starting telnetd.service...
[   13.474654] PVR_K:  1041: RGX Firmware image 'rgx.fw.36.53.104.796' loaded
[  OK  ] Started telnetd.service.
[   13.498516] PVR_K:  1041: Shader binary image 'rgx.sh.36.53.104.796' loaded
[   14.848356] PVR_K:(Error):   137: RGXSafetyEventHandler: Safety Watchdog Trigger ! [358]

 _____                    _____           _         _   
|  _  |___ ___ ___ ___   |  _  |___ ___  |_|___ ___| |_ 
|     |  _| .'| . | . |  |   __|  _| . | | | -_|  _|  _|
|__|__|_| |__,|_  |___|  |__|  |_| |___|_| |___|___|_|  
              |___|                    |___|            

Arago Project http://arago-project.org j784s4-evm ttyS2

Arago 2021.09 j784s4-evm ttyS2

j784s4-evm login: root
root@j784s4-evm:~# cd /opt/vision_apps/
root@j784s4-evm:/opt/vision_apps# source ./vision_apps_init.sh 
root@j784s4-evm:/opt/vision_apps# [MCU2_0]      4.285709 s: CIO: Init ... Done !!!
[MCU2_0]      4.285758 s: ### CPU Frequency = 1000000000 Hz
[MCU2_0]      4.285790 s: APP: Init ... !!!
[MCU2_0]      4.285810 s: SCICLIENT: Init ... !!!
[MCU2_0]      4.285955 s: SCICLIENT: DMSC FW version [8.4.2--j7ahp-presil-0.9 (Jolly ]
[MCU2_0]      4.285988 s: SCICLIENT: DMSC FW revision 0x8  
[MCU2_0]      4.286015 s: SCICLIENT: DMSC FW ABI revision 3.1
[MCU2_0]      4.286046 s: SCICLIENT: Init ... Done !!!
[MCU2_0]      4.286069 s: UDMA: Init ... !!!
[MCU2_0]      4.287046 s: UDMA: Init ... Done !!!
[MCU2_0]      4.287082 s: UDMA: Init ... !!!
[MCU2_0]      4.287581 s: UDMA: Init for CSITX/CSIRX ... Done !!!
[MCU2_0]      4.287618 s: MEM: Init ... !!!
[MCU2_0]      4.287649 s: MEM: Created heap (DDR_LOCAL_MEM, id=0, flags=0x00000004) @ e2000000 of size 16777216 bytes !!!
[MCU2_0]      4.287707 s: MEM: Init ... Done !!!
[MCU2_0]      4.287728 s: IPC: Init ... !!!
[MCU2_0]      4.287774 s: IPC: 11 CPUs participating in IPC !!!
[MCU2_0]      4.287813 s: IPC: Waiting for HLOS to be ready ... !!!
[MCU2_0]     18.440222 s: IPC: HLOS is ready !!!
[MCU2_0]     18.463888 s: IPC: Init ... Done !!!
[MCU2_0]     18.463945 s: APP: Syncing with 10 CPUs ... !!!
[MCU2_0]     19.288697 s: APP: Syncing with 10 CPUs ... Done !!!
[MCU2_0]     19.288739 s: REMOTE_SERVICE: Init ... !!!
[MCU2_0]     19.290520 s: REMOTE_SERVICE: Init ... Done !!!
[MCU2_0]     19.290567 s: FVID2: Init ... !!!
[MCU2_0]     19.290630 s: FVID2: Init ... Done !!!
[MCU2_0]     19.290658 s: SCICLIENT: Sciclient_pmSetModuleState module=275 state=2
[MCU2_0]     19.290940 s: SCICLIENT: Sciclient_pmSetModuleState success
[MCU2_0]     19.290989 s: DSS: Init ... !!!
[MCU2_0]     19.291014 s: DSS: Display type is eDP !!!
[MCU2_0]     19.291038 s: DSS: SoC init ... !!!
[MCU2_0]     19.291061 s: SCICLIENT: Sciclient_pmSetModuleState module=218 state=0
[MCU2_0]     19.291420 s: SCICLIENT: Sciclient_pmSetModuleState success
[MCU2_0]     19.291453 s: SCICLIENT: Sciclient_pmSetModuleState module=404 state=2
[MCU2_0]     19.291814 s: SCICLIENT: Sciclient_pmSetModuleState success
[MCU2_0]     19.291844 s: SCICLIENT: Sciclient_pmSetModuleState module=217 state=2
[MCU2_0]     19.292023 s: SCICLIENT: Sciclient_pmSetModuleState success
[MCU2_0]     19.292058 s: SCICLIENT: Sciclient_pmSetModuleState module=404 state=2
[MCU2_0]     19.292256 s: SCICLIENT: Sciclient_pmSetModuleState success
[MCU2_0]     19.292286 s: SCICLIENT: Sciclient_pmSetModuleState module=217 state=2
[MCU2_0]     19.292441 s: SCICLIENT: Sciclient_pmSetModuleState success
[MCU2_0]     19.292470 s: SCICLIENT: Sciclient_pmSetModuleState module=218 state=0
[MCU2_0]     19.292557 s: SCICLIENT: Sciclient_pmSetModuleState success
[MCU2_0]     19.292588 s: SCICLIENT: Sciclient_pmSetModuleClkFreq module=218 clk=3 freq=148500000
[MCU2_0]     19.293636 s: SCICLIENT: Sciclient_pmSetModuleClkFreq success
[MCU2_0]     19.293669 s: SCICLIENT: Sciclient_pmModuleClkRequest module=218 clk=3 state=2 flag=2
[MCU2_0]     19.293832 s: SCICLIENT: Sciclient_pmModuleClkRequest success
[MCU2_0]     19.293862 s: SCICLIENT: Sciclient_pmSetModuleState module=218 state=2
[MCU2_0]     19.294034 s: SCICLIENT: Sciclient_pmSetModuleState success
[MCU2_0]     19.294062 s: DSS: SoC init ... Done !!!
[MCU2_0]     19.294086 s: DSS: Board init ... !!!
[MCU2_0]     19.294108 s: DSS: Board init ... Done !!!
[MCU2_0]     19.312968 s: DSS: Display is not connected
[MCU2_0]     19.313022 s: DSS: Init ... Done !!!
[MCU2_0]     19.313047 s: VHWA: VPAC Init ... !!!
[MCU2_0]     19.313070 s: SCICLIENT: Sciclient_pmSetModuleState module=399 state=2
[MCU2_0]     19.313229 s: SCICLIENT: Sciclient_pmSetModuleState success
[MCU2_0]     19.313261 s: VHWA: LDC Init ... !!!
[MCU2_0]     19.316185 s: VHWA: LDC Init ... Done !!!
[MCU2_0]     19.316225 s: VHWA: MSC Init ... !!!
[MCU2_0]     19.323896 s: VHWA: MSC Init ... Done !!!
[MCU2_0]     19.323936 s: VHWA: NF Init ... !!!
[MCU2_0]     19.324933 s: VHWA: NF Init ... Done !!!
[MCU2_0]     19.324970 s: VHWA: VISS Init ... !!!
[MCU2_0]     19.332710 s: VHWA: VISS Init ... Done !!!
[MCU2_0]     19.332761 s: VHWA: VPAC Init ... Done !!!
[MCU2_0]     19.332801 s:  VX_ZONE_INIT:Enabled
[MCU2_0]     19.332827 s:  VX_ZONE_ERROR:Enabled
[MCU2_0]     19.332851 s:  VX_ZONE_WARNING:Enabled
[MCU2_0]     19.333832 s:  VX_ZONE_INIT:[tivxPlatformCreateTargetId:64] Added target MCU2-0 
[MCU2_0]     19.334044 s:  VX_ZONE_INIT:[tivxPlatformCreateTargetId:64] Added target VPAC_NF 
[MCU2_0]     19.334234 s:  VX_ZONE_INIT:[tivxPlatformCreateTargetId:64] Added target VPAC_LDC1 
[MCU2_0]     19.334432 s:  VX_ZONE_INIT:[tivxPlatformCreateTargetId:64] Added target VPAC_MSC1 
[MCU2_0]     19.334620 s:  VX_ZONE_INIT:[tivxPlatformCreateTargetId:64] Added target VPAC_MSC2 
[MCU2_0]     19.334872 s:  VX_ZONE_INIT:[tivxPlatformCreateTargetId:64] Added target VPAC_VISS1 
[MCU2_0]     19.335102 s:  VX_ZONE_INIT:[tivxPlatformCreateTargetId:64] Added target CAPTURE1 
[MCU2_0]     19.335332 s:  VX_ZONE_INIT:[tivxPlatformCreateTargetId:64] Added target CAPTURE2 
[MCU2_0]     19.335543 s:  VX_ZONE_INIT:[tivxPlatformCreateTargetId:64] Added target DISPLAY1 
[MCU2_0]     19.335749 s:  VX_ZONE_INIT:[tivxPlatformCreateTargetId:64] Added target DISPLAY2 
[MCU2_0]     19.335948 s:  VX_ZONE_INIT:[tivxPlatformCreateTargetId:64] Added target CSITX 
[MCU2_0]     19.336162 s:  VX_ZONE_INIT:[tivxPlatformCreateTargetId:64] Added target CAPTURE3 
[MCU2_0]     19.336384 s:  VX_ZONE_INIT:[tivxPlatformCreateTargetId:64] Added target CAPTURE4 
[MCU2_0]     19.336594 s:  VX_ZONE_INIT:[tivxPlatformCreateTargetId:64] Added target CAPTURE5 
[MCU2_0]     19.336811 s:  VX_ZONE_INIT:[tivxPlatformCreateTargetId:64] Added target CAPTURE6 
[MCU2_0]     19.337018 s:  VX_ZONE_INIT:[tivxPlatformCreateTargetId:64] Added target CAPTURE7 
[MCU2_0]     19.337242 s:  VX_ZONE_INIT:[tivxPlatformCreateTargetId:64] Added target CAPTURE8 
[MCU2_0]     19.337458 s:  VX_ZONE_INIT:[tivxPlatformCreateTargetId:64] Added target DSS_M2M1 
[MCU2_0]     19.337663 s:  VX_ZONE_INIT:[tivxPlatformCreateTargetId:64] Added target DSS_M2M2 
[MCU2_0]     19.337874 s:  VX_ZONE_INIT:[tivxPlatformCreateTargetId:64] Added target DSS_M2M3 
[MCU2_0]     19.338093 s:  VX_ZONE_INIT:[tivxPlatformCreateTargetId:64] Added target DSS_M2M4 
[MCU2_0]     19.338360 s:  VX_ZONE_INIT:[tivxPlatformCreateTargetId:64] Added target CAPTURE9 
[MCU2_0]     19.338588 s:  VX_ZONE_INIT:[tivxPlatformCreateTargetId:64] Added target CAPTURE10 
[MCU2_0]     19.338817 s:  VX_ZONE_INIT:[tivxPlatformCreateTargetId:64] Added target CAPTURE11 
[MCU2_0]     19.339044 s:  VX_ZONE_INIT:[tivxPlatformCreateTargetId:64] Added target CAPTURE12 
[MCU2_0]     19.339090 s:  VX_ZONE_INIT:[tivxInitLocal:130] Initialization Done !!!
[MCU2_0]     19.339122 s: APP: OpenVX Target kernel init ... !!!
[MCU2_0]     19.365138 s: APP: OpenVX Target kernel init ... Done !!!
[MCU2_0]     19.365180 s: CSI2RX: Init ... !!!
[MCU2_0]     19.365203 s: SCICLIENT: Sciclient_pmSetModuleState module=189 state=2
[MCU2_0]     19.365308 s: SCICLIENT: Sciclient_pmSetModuleState success
[MCU2_0]     19.365340 s: SCICLIENT: Sciclient_pmSetModuleState module=72 state=2
[MCU2_0]     19.365456 s: SCICLIENT: Sciclient_pmSetModuleState success
[MCU2_0]     19.365484 s: SCICLIENT: Sciclient_pmSetModuleState module=73 state=2
[MCU2_0]     19.365581 s: SCICLIENT: Sciclient_pmSetModuleState success
[MCU2_0]     19.365608 s: SCICLIENT: Sciclient_pmSetModuleState module=212 state=2
[MCU2_0]     19.365683 s: SCICLIENT: Sciclient_pmSetModuleState success
[MCU2_0]     19.365710 s: SCICLIENT: Sciclient_pmSetModuleState module=213 state=2
[MCU2_0]     19.365782 s: SCICLIENT: Sciclient_pmSetModuleState success
[MCU2_0]     19.366383 s: CSI2RX: Init ... Done !!!
[MCU2_0]     19.366422 s: CSI2TX: Init ... !!!
[MCU2_0]     19.366445 s: SCICLIENT: Sciclient_pmSetModuleState module=189 state=2
[MCU2_0]     19.366515 s: SCICLIENT: Sciclient_pmSetModuleState success
[MCU2_0]     19.366544 s: SCICLIENT: Sciclient_pmSetModuleState module=75 state=2
[MCU2_0]     19.366632 s: SCICLIENT: Sciclient_pmSetModuleState success
[MCU2_0]     19.366659 s: SCICLIENT: Sciclient_pmSetModuleState module=76 state=2
[MCU2_0]     19.366744 s: SCICLIENT: Sciclient_pmSetModuleState success
[MCU2_0]     19.366770 s: SCICLIENT: Sciclient_pmSetModuleState module=402 state=2
[MCU2_0]     19.366838 s: SCICLIENT: Sciclient_pmSetModuleState success
[MCU2_0]     19.367224 s: CSI2TX: Init ... Done !!!
[MCU2_0]     19.367259 s: ISS: Init ... !!!
[MCU2_0]     19.367299 s: IssSensor_Init ... Done !!!
[MCU2_0]     19.367352 s: IttRemoteServer_Init ... Done !!!
[MCU2_0]     19.367382 s: VISS REMOTE SERVICE: Init ... !!!
[MCU2_0]     19.367435 s: VISS REMOTE SERVICE: Init ... Done !!!
[MCU2_0]     19.367463 s: UDMA Copy: Init ... !!!
[MCU2_0]     19.368465 s: UDMA Copy: Init ... Done !!!
[MCU2_0]     19.368533 s: APP: Init ... Done !!!
[MCU2_0]     19.368562 s: APP: Run ... !!!
[MCU2_0]     19.368584 s: IPC: Starting echo test ...
[MCU2_0]     19.373118 s: APP: Run ... Done !!!
[MCU2_0]     19.374882 s: IPC: Echo status: mpu1_0[x] mcu2_0[s] mcu2_1[P] mcu3_0[.] mcu3_1[.] mcu4_0[.] mcu4_1[.] c7x_1[.] c7x_2[.] c7x_3[.] c7x_4[.] 
[MCU2_0]     19.375009 s: IPC: Echo status: mpu1_0[x] mcu2_0[s] mcu2_1[P] mcu3_0[P] mcu3_1[.] mcu4_0[.] mcu4_1[.] c7x_1[.] c7x_2[.] c7x_3[.] c7x_4[.] 
[MCU2_0]     19.375121 s: IPC: Echo status: mpu1_0[x] mcu2_0[s] mcu2_1[P] mcu3_0[P] mcu3_1[P] mcu4_0[.] mcu4_1[.] c7x_1[.] c7x_2[.] c7x_3[.] c7x_4[.] 
[MCU2_0]     19.375234 s: IPC: Echo status: mpu1_0[x] mcu2_0[s] mcu2_1[P] mcu3_0[P] mcu3_1[P] mcu4_0[P] mcu4_1[.] c7x_1[.] c7x_2[.] c7x_3[.] c7x_4[.] 
[MCU2_0]     19.375353 s: IPC: Echo status: mpu1_0[x] mcu2_0[s] mcu2_1[P] mcu3_0[P] mcu3_1[P] mcu4_0[P] mcu4_1[P] c7x_1[.] c7x_2[.] c7x_3[.] c7x_4[.] 
[MCU2_0]     19.375468 s: IPC: Echo status: mpu1_0[x] mcu2_0[s] mcu2_1[P] mcu3_0[P] mcu3_1[P] mcu4_0[P] mcu4_1[P] c7x_1[.] c7x_2[P] c7x_3[.] c7x_4[.] 
[MCU2_0]     19.375583 s: IPC: Echo status: mpu1_0[x] mcu2_0[s] mcu2_1[P] mcu3_0[P] mcu3_1[P] mcu4_0[P] mcu4_1[P] c7x_1[P] c7x_2[P] c7x_3[.] c7x_4[.] 
[MCU2_0]     19.375695 s: IPC: Echo status: mpu1_0[x] mcu2_0[s] mcu2_1[P] mcu3_0[P] mcu3_1[P] mcu4_0[P] mcu4_1[P] c7x_1[P] c7x_2[P] c7x_3[P] c7x_4[.] 
[MCU2_0]     19.375808 s: IPC: Echo status: mpu1_0[x] mcu2_0[s] mcu2_1[P] mcu3_0[P] mcu3_1[P] mcu4_0[P] mcu4_1[P] c7x_1[P] c7x_2[P] c7x_3[P] c7x_4[P] 
[MCU2_1]      4.318700 s: CIO: Init ... Done !!!
[MCU2_1]      4.318753 s: ### CPU Frequency = 1000000000 Hz
[MCU2_1]      4.318783 s: APP: Init ... !!!
[MCU2_1]      4.318803 s: SCICLIENT: Init ... !!!
[MCU2_1]      4.318940 s: SCICLIENT: DMSC FW version [8.4.2--j7ahp-presil-0.9 (Jolly ]
[MCU2_1]      4.318974 s: SCICLIENT: DMSC FW revision 0x8  
[MCU2_1]      4.319001 s: SCICLIENT: DMSC FW ABI revision 3.1
[MCU2_1]      4.319032 s: SCICLIENT: Init ... Done !!!
[MCU2_1]      4.319055 s: UDMA: Init ... !!!
[MCU2_1]      4.320076 s: UDMA: Init ... Done !!!
[MCU2_1]      4.320113 s: MEM: Init ... !!!
[MCU2_1]      4.320145 s: MEM: Created heap (DDR_LOCAL_MEM, id=0, flags=0x00000004) @ e3000000 of size 16777216 bytes !!!
[MCU2_1]      4.320203 s: MEM: Init ... Done !!!
[MCU2_1]      4.320224 s: IPC: Init ... !!!
[MCU2_1]      4.320270 s: IPC: 11 CPUs participating in IPC !!!
[MCU2_1]      4.320316 s: IPC: Waiting for HLOS to be ready ... !!!
[MCU2_1]     18.691329 s: IPC: HLOS is ready !!!
[MCU2_1]     18.714324 s: IPC: Init ... Done !!!
[MCU2_1]     18.714381 s: APP: Syncing with 10 CPUs ... !!!
[MCU2_1]     19.288695 s: APP: Syncing with 10 CPUs ... Done !!!
[MCU2_1]     19.288732 s: REMOTE_SERVICE: Init ... !!!
[MCU2_1]     19.290398 s: REMOTE_SERVICE: Init ... Done !!!
[MCU2_1]     19.290436 s: FVID2: Init ... !!!
[MCU2_1]     19.290497 s: FVID2: Init ... Done !!!
[MCU2_1]     19.290523 s: VHWA: VPAC Init ... !!!
[MCU2_1]     19.290548 s: SCICLIENT: Sciclient_pmSetModuleState module=400 state=2
[MCU2_1]     19.290820 s: SCICLIENT: Sciclient_pmSetModuleState success
[MCU2_1]     19.290851 s: VHWA: LDC Init ... !!!
[MCU2_1]     19.294904 s: VHWA: LDC Init ... Done !!!
[MCU2_1]     19.294944 s: VHWA: MSC Init ... !!!
[MCU2_1]     19.302396 s: VHWA: MSC Init ... Done !!!
[MCU2_1]     19.302435 s: VHWA: NF Init ... !!!
[MCU2_1]     19.303433 s: VHWA: NF Init ... Done !!!
[MCU2_1]     19.303467 s: VHWA: VISS Init ... !!!
[MCU2_1]     19.310878 s: VHWA: VISS Init ... Done !!!
[MCU2_1]     19.310922 s: VHWA: VPAC Init ... Done !!!
[MCU2_1]     19.310946 s: VHWA: DMPAC: Init ... !!!
[MCU2_1]     19.310969 s: SCICLIENT: Sciclient_pmSetModuleState module=92 state=2
[MCU2_1]     19.311120 s: SCICLIENT: Sciclient_pmSetModuleState success
[MCU2_1]     19.311148 s: SCICLIENT: Sciclient_pmSetModuleState module=96 state=2
[MCU2_1]     19.311243 s: SCICLIENT: Sciclient_pmSetModuleState success
[MCU2_1]     19.311270 s: VHWA: DOF Init ... !!!
[MCU2_1]     19.316010 s: VHWA: DOF Init ... Done !!!
[MCU2_1]     19.316048 s: VHWA: SDE Init ... !!!
[MCU2_1]     19.317607 s: VHWA: SDE Init ... Done !!!
[MCU2_1]     19.317641 s: VHWA: DMPAC: Init ... Done !!!
[MCU2_1]     19.317677 s:  VX_ZONE_INIT:Enabled
[MCU2_1]     19.317700 s:  VX_ZONE_ERROR:Enabled
[MCU2_1]     19.317722 s:  VX_ZONE_WARNING:Enabled
[MCU2_1]     19.318689 s:  VX_ZONE_INIT:[tivxPlatformCreateTargetId:64] Added target DMPAC_SDE 
[MCU2_1]     19.318879 s:  VX_ZONE_INIT:[tivxPlatformCreateTargetId:64] Added target DMPAC_DOF 
[MCU2_1]     19.319063 s:  VX_ZONE_INIT:[tivxPlatformCreateTargetId:64] Added target MCU2-1 
[MCU2_1]     19.319227 s:  VX_ZONE_INIT:[tivxPlatformCreateTargetId:64] Added target VPAC2_NF 
[MCU2_1]     19.319400 s:  VX_ZONE_INIT:[tivxPlatformCreateTargetId:64] Added target VPAC2_LDC1 
[MCU2_1]     19.319581 s:  VX_ZONE_INIT:[tivxPlatformCreateTargetId:64] Added target VPAC2_MSC1 
[MCU2_1]     19.319763 s:  VX_ZONE_INIT:[tivxPlatformCreateTargetId:64] Added target VPAC2_MSC2 
[MCU2_1]     19.320011 s:  VX_ZONE_INIT:[tivxPlatformCreateTargetId:64] Added target VPAC2_VISS1 
[MCU2_1]     19.320059 s:  VX_ZONE_INIT:[tivxInitLocal:130] Initialization Done !!!
[MCU2_1]     19.320089 s: APP: OpenVX Target kernel init ... !!!
[MCU2_1]     19.342431 s: APP: OpenVX Target kernel init ... Done !!!
[MCU2_1]     19.342469 s: VISS REMOTE SERVICE: Init ... !!!
[MCU2_1]     19.342525 s: VISS REMOTE SERVICE: Init ... Done !!!
[MCU2_1]     19.342555 s: APP: Init ... Done !!!
[MCU2_1]     19.342578 s: APP: Run ... !!!
[MCU2_1]     19.342599 s: IPC: Starting echo test ...
[MCU2_1]     19.347094 s: APP: Run ... Done !!!
[MCU2_1]     19.348552 s: IPC: Echo status: mpu1_0[x] mcu2_0[x] mcu2_1[s] mcu3_0[P] mcu3_1[.] mcu4_0[.] mcu4_1[.] c7x_1[.] c7x_2[.] c7x_3[.] c7x_4[.] 
[MCU2_1]     19.348672 s: IPC: Echo status: mpu1_0[x] mcu2_0[x] mcu2_1[s] mcu3_0[P] mcu3_1[P] mcu4_0[.] mcu4_1[.] c7x_1[.] c7x_2[.] c7x_3[.] c7x_4[.] 
[MCU2_1]     19.348777 s: IPC: Echo status: mpu1_0[x] mcu2_0[x] mcu2_1[s] mcu3_0[P] mcu3_1[P] mcu4_0[P] mcu4_1[.] c7x_1[.] c7x_2[.] c7x_3[.] c7x_4[.] 
[MCU2_1]     19.348880 s: IPC: Echo status: mpu1_0[x] mcu2_0[x] mcu2_1[s] mcu3_0[P] mcu3_1[P] mcu4_0[P] mcu4_1[P] c7x_1[.] c7x_2[.] c7x_3[.] c7x_4[.] 
[MCU2_1]     19.348984 s: IPC: Echo status: mpu1_0[x] mcu2_0[x] mcu2_1[s] mcu3_0[P] mcu3_1[P] mcu4_0[P] mcu4_1[P] c7x_1[P] c7x_2[.] c7x_3[.] c7x_4[.] 
[MCU2_1]     19.349088 s: IPC: Echo status: mpu1_0[x] mcu2_0[x] mcu2_1[s] mcu3_0[P] mcu3_1[P] mcu4_0[P] mcu4_1[P] c7x_1[P] c7x_2[P] c7x_3[.] c7x_4[.] 
[MCU2_1]     19.349193 s: IPC: Echo status: mpu1_0[x] mcu2_0[x] mcu2_1[s] mcu3_0[P] mcu3_1[P] mcu4_0[P] mcu4_1[P] c7x_1[P] c7x_2[P] c7x_3[P] c7x_4[.] 
[MCU2_1]     19.349298 s: IPC: Echo status: mpu1_0[x] mcu2_0[x] mcu2_1[s] mcu3_0[P] mcu3_1[P] mcu4_0[P] mcu4_1[P] c7x_1[P] c7x_2[P] c7x_3[P] c7x_4[P] 
[MCU2_1]     19.373909 s: IPC: Echo status: mpu1_0[x] mcu2_0[P] mcu2_1[s] mcu3_0[P] mcu3_1[P] mcu4_0[P] mcu4_1[P] c7x_1[P] c7x_2[P] c7x_3[P] c7x_4[P] 
[MCU3_0]      4.318105 s: CIO: Init ... Done !!!
[MCU3_0]      4.318155 s: ### CPU Frequency = 1000000000 Hz
[MCU3_0]      4.318185 s: APP: Init ... !!!
[MCU3_0]      4.318205 s: SCICLIENT: Init ... !!!
[MCU3_0]      4.318337 s: SCICLIENT: DMSC FW version [8.4.2--j7ahp-presil-0.9 (Jolly ]
[MCU3_0]      4.318370 s: SCICLIENT: DMSC FW revision 0x8  
[MCU3_0]      4.318397 s: SCICLIENT: DMSC FW ABI revision 3.1
[MCU3_0]      4.318428 s: SCICLIENT: Init ... Done !!!
[MCU3_0]      4.318451 s: MEM: Init ... !!!
[MCU3_0]      4.318482 s: MEM: Created heap (DDR_LOCAL_MEM, id=0, flags=0x00000004) @ e4000000 of size 8388608 bytes !!!
[MCU3_0]      4.318537 s: MEM: Init ... Done !!!
[MCU3_0]      4.318559 s: IPC: Init ... !!!
[MCU3_0]      4.318603 s: IPC: 11 CPUs participating in IPC !!!
[MCU3_0]      4.318640 s: IPC: Waiting for HLOS to be ready ... !!!
[MCU3_0]     18.899164 s: IPC: HLOS is ready !!!
[MCU3_0]     18.921337 s: IPC: Init ... Done !!!
[MCU3_0]     18.921380 s: APP: Syncing with 10 CPUs ... !!!
[MCU3_0]     19.288695 s: APP: Syncing with 10 CPUs ... Done !!!
[MCU3_0]     19.288735 s: REMOTE_SERVICE: Init ... !!!
[MCU3_0]     19.290440 s: REMOTE_SERVICE: Init ... Done !!!
[MCU3_0]     19.290498 s:  VX_ZONE_INIT:Enabled
[MCU3_0]     19.290527 s:  VX_ZONE_ERROR:Enabled
[MCU3_0]     19.290551 s:  VX_ZONE_WARNING:Enabled
[MCU3_0]     19.291503 s:  VX_ZONE_INIT:[tivxPlatformCreateTargetId:64] Added target MCU3-0 
[MCU3_0]     19.291557 s:  VX_ZONE_INIT:[tivxInitLocal:130] Initialization Done !!!
[MCU3_0]     19.291588 s: APP: OpenVX Target kernel init ... !!!
[MCU3_0]     19.291613 s: APP: OpenVX Target kernel init ... Done !!!
[MCU3_0]     19.291639 s: APP: Init ... Done !!!
[MCU3_0]     19.291662 s: APP: Run ... !!!
[MCU3_0]     19.291683 s: IPC: Starting echo test ...
[MCU3_0]     19.296358 s: APP: Run ... Done !!!
[MCU3_0]     19.297774 s: IPC: Echo status: mpu1_0[x] mcu2_0[x] mcu2_1[x] mcu3_0[s] mcu3_1[.] mcu4_0[.] mcu4_1[.] c7x_1[.] c7x_2[P] c7x_3[.] c7x_4[.] 
[MCU3_0]     19.297938 s: IPC: Echo status: mpu1_0[x] mcu2_0[x] mcu2_1[x] mcu3_0[s] mcu3_1[.] mcu4_0[.] mcu4_1[.] c7x_1[.] c7x_2[P] c7x_3[P] c7x_4[.] 
[MCU3_0]     19.298070 s: IPC: Echo status: mpu1_0[x] mcu2_0[x] mcu2_1[x] mcu3_0[s] mcu3_1[.] mcu4_0[.] mcu4_1[.] c7x_1[.] c7x_2[P] c7x_3[P] c7x_4[P] 
[MCU3_0]     19.298173 s: IPC: Echo status: mpu1_0[x] mcu2_0[x] mcu2_1[x] mcu3_0[s] mcu3_1[.] mcu4_0[.] mcu4_1[.] c7x_1[P] c7x_2[P] c7x_3[P] c7x_4[P] 
[MCU3_0]     19.298276 s: IPC: Echo status: mpu1_0[x] mcu2_0[x] mcu2_1[x] mcu3_0[s] mcu3_1[P] mcu4_0[.] mcu4_1[.] c7x_1[P] c7x_2[P] c7x_3[P] c7x_4[P] 
[MCU3_0]     19.298501 s: IPC: Echo status: mpu1_0[x] mcu2_0[x] mcu2_1[x] mcu3_0[s] mcu3_1[P] mcu4_0[P] mcu4_1[.] c7x_1[P] c7x_2[P] c7x_3[P] c7x_4[P] 
[MCU3_0]     19.298606 s: IPC: Echo status: mpu1_0[x] mcu2_0[x] mcu2_1[x] mcu3_0[s] mcu3_1[P] mcu4_0[P] mcu4_1[P] c7x_1[P] c7x_2[P] c7x_3[P] c7x_4[P] 
[MCU3_0]     19.347768 s: IPC: Echo status: mpu1_0[x] mcu2_0[x] mcu2_1[P] mcu3_0[s] mcu3_1[P] mcu4_0[P] mcu4_1[P] c7x_1[P] c7x_2[P] c7x_3[P] c7x_4[P] 
[MCU3_0]     19.373861 s: IPC: Echo status: mpu1_0[x] mcu2_0[P] mcu2_1[P] mcu3_0[s] mcu3_1[P] mcu4_0[P] mcu4_1[P] c7x_1[P] c7x_2[P] c7x_3[P] c7x_4[P] 
[MCU3_1]      4.348962 s: CIO: Init ... Done !!!
[MCU3_1]      4.349014 s: ### CPU Frequency = 1000000000 Hz
[MCU3_1]      4.349046 s: APP: Init ... !!!
[MCU3_1]      4.349067 s: SCICLIENT: Init ... !!!
[MCU3_1]      4.349207 s: SCICLIENT: DMSC FW version [8.4.2--j7ahp-presil-0.9 (Jolly ]
[MCU3_1]      4.349240 s: SCICLIENT: DMSC FW revision 0x8  
[MCU3_1]      4.349268 s: SCICLIENT: DMSC FW ABI revision 3.1
[MCU3_1]      4.349299 s: SCICLIENT: Init ... Done !!!
[MCU3_1]      4.349322 s: MEM: Init ... !!!
[MCU3_1]      4.349354 s: MEM: Created heap (DDR_LOCAL_MEM, id=0, flags=0x00000004) @ e4800000 of size 8388608 bytes !!!
[MCU3_1]      4.349414 s: MEM: Init ... Done !!!
[MCU3_1]      4.349435 s: IPC: Init ... !!!
[MCU3_1]      4.349479 s: IPC: 11 CPUs participating in IPC !!!
[MCU3_1]      4.349517 s: IPC: Waiting for HLOS to be ready ... !!!
[MCU3_1]     19.061370 s: IPC: HLOS is ready !!!
[MCU3_1]     19.084121 s: IPC: Init ... Done !!!
[MCU3_1]     19.084168 s: APP: Syncing with 10 CPUs ... !!!
[MCU3_1]     19.288696 s: APP: Syncing with 10 CPUs ... Done !!!
[MCU3_1]     19.288731 s: REMOTE_SERVICE: Init ... !!!
[MCU3_1]     19.290460 s: REMOTE_SERVICE: Init ... Done !!!
[MCU3_1]     19.290520 s:  VX_ZONE_INIT:Enabled
[MCU3_1]     19.290547 s:  VX_ZONE_ERROR:Enabled
[MCU3_1]     19.290571 s:  VX_ZONE_WARNING:Enabled
[MCU3_1]     19.291531 s:  VX_ZONE_INIT:[tivxPlatformCreateTargetId:64] Added target MCU3-1 
[MCU3_1]     19.291594 s:  VX_ZONE_INIT:[tivxInitLocal:130] Initialization Done !!!
[MCU3_1]     19.291625 s: APP: OpenVX Target kernel init ... !!!
[MCU3_1]     19.291650 s: APP: OpenVX Target kernel init ... Done !!!
[MCU3_1]     19.291677 s: APP: Init ... Done !!!
[MCU3_1]     19.291700 s: APP: Run ... !!!
[MCU3_1]     19.291722 s: IPC: Starting echo test ...
[MCU3_1]     19.296384 s: APP: Run ... Done !!!
[MCU3_1]     19.297635 s: IPC: Echo status: mpu1_0[x] mcu2_0[x] mcu2_1[x] mcu3_0[.] mcu3_1[s] mcu4_0[x] mcu4_1[x] c7x_1[P] c7x_2[.] c7x_3[.] c7x_4[.] 
[MCU3_1]     19.297765 s: IPC: Echo status: mpu1_0[x] mcu2_0[x] mcu2_1[x] mcu3_0[.] mcu3_1[s] mcu4_0[x] mcu4_1[x] c7x_1[P] c7x_2[P] c7x_3[.] c7x_4[.] 
[MCU3_1]     19.298008 s: IPC: Echo status: mpu1_0[x] mcu2_0[x] mcu2_1[x] mcu3_0[.] mcu3_1[s] mcu4_0[.] mcu4_1[x] c7x_1[P] c7x_2[P] c7x_3[P] c7x_4[.] 
[MCU3_1]     19.298129 s: IPC: Echo status: mpu1_0[x] mcu2_0[x] mcu2_1[x] mcu3_0[.] mcu3_1[s] mcu4_0[.] mcu4_1[x] c7x_1[P] c7x_2[P] c7x_3[P] c7x_4[P] 
[MCU3_1]     19.298256 s: IPC: Echo status: mpu1_0[x] mcu2_0[x] mcu2_1[x] mcu3_0[P] mcu3_1[s] mcu4_0[.] mcu4_1[x] c7x_1[P] c7x_2[P] c7x_3[P] c7x_4[P] 
[MCU3_1]     19.298503 s: IPC: Echo status: mpu1_0[x] mcu2_0[x] mcu2_1[x] mcu3_0[P] mcu3_1[s] mcu4_0[P] mcu4_1[.] c7x_1[P] c7x_2[P] c7x_3[P] c7x_4[P] 
[MCU3_1]     19.298770 s: IPC: Echo status: mpu1_0[x] mcu2_0[x] mcu2_1[x] mcu3_0[P] mcu3_1[s] mcu4_0[P] mcu4_1[P] c7x_1[P] c7x_2[P] c7x_3[P] c7x_4[P] 
[MCU3_1]     19.347783 s: IPC: Echo status: mpu1_0[x] mcu2_0[x] mcu2_1[P] mcu3_0[P] mcu3_1[s] mcu4_0[P] mcu4_1[P] c7x_1[P] c7x_2[P] c7x_3[P] c7x_4[P] 
[MCU3_1]     19.373878 s: IPC: Echo status: mpu1_0[x] mcu2_0[P] mcu2_1[P] mcu3_0[P] mcu3_1[s] mcu4_0[P] mcu4_1[P] c7x_1[P] c7x_2[P] c7x_3[P] c7x_4[P] 
[MCU4_0]      4.379801 s: CIO: Init ... Done !!!
[MCU4_0]      4.379856 s: ### CPU Frequency = 1000000000 Hz
[MCU4_0]      4.379886 s: APP: Init ... !!!
[MCU4_0]      4.379906 s: SCICLIENT: Init ... !!!
[MCU4_0]      4.380049 s: SCICLIENT: DMSC FW version [8.4.2--j7ahp-presil-0.9 (Jolly ]
[MCU4_0]      4.380083 s: SCICLIENT: DMSC FW revision 0x8  
[MCU4_0]      4.380111 s: SCICLIENT: DMSC FW ABI revision 3.1
[MCU4_0]      4.380141 s: SCICLIENT: Init ... Done !!!
[MCU4_0]      4.380165 s: MEM: Init ... !!!
[MCU4_0]      4.380197 s: MEM: Created heap (DDR_LOCAL_MEM, id=0, flags=0x00000004) @ e5000000 of size 8388608 bytes !!!
[MCU4_0]      4.380253 s: MEM: Init ... Done !!!
[MCU4_0]      4.380275 s: IPC: Init ... !!!
[MCU4_0]      4.380317 s: IPC: 11 CPUs participating in IPC !!!
[MCU4_0]      4.380357 s: IPC: Waiting for HLOS to be ready ... !!!
[MCU4_0]     19.158947 s: IPC: HLOS is ready !!!
[MCU4_0]     19.181285 s: IPC: Init ... Done !!!
[MCU4_0]     19.181332 s: APP: Syncing with 10 CPUs ... !!!
[MCU4_0]     19.288697 s: APP: Syncing with 10 CPUs ... Done !!!
[MCU4_0]     19.288735 s: REMOTE_SERVICE: Init ... !!!
[MCU4_0]     19.290506 s: REMOTE_SERVICE: Init ... Done !!!
[MCU4_0]     19.290569 s:  VX_ZONE_INIT:Enabled
[MCU4_0]     19.290596 s:  VX_ZONE_ERROR:Enabled
[MCU4_0]     19.290619 s:  VX_ZONE_WARNING:Enabled
[MCU4_0]     19.291568 s:  VX_ZONE_INIT:[tivxPlatformCreateTargetId:64] Added target MCU4-0 
[MCU4_0]     19.291617 s:  VX_ZONE_INIT:[tivxInitLocal:130] Initialization Done !!!
[MCU4_0]     19.291647 s: APP: OpenVX Target kernel init ... !!!
[MCU4_0]     19.291673 s: APP: OpenVX Target kernel init ... Done !!!
[MCU4_0]     19.291699 s: APP: Init ... Done !!!
[MCU4_0]     19.291722 s: APP: Run ... !!!
[MCU4_0]     19.291744 s: IPC: Starting echo test ...
[MCU4_0]     19.296405 s: APP: Run ... Done !!!
[MCU4_0]     19.297396 s: IPC: Echo status: mpu1_0[x] mcu2_0[x] mcu2_1[x] mcu3_0[.] mcu3_1[.] mcu4_0[s] mcu4_1[x] c7x_1[P] c7x_2[.] c7x_3[.] c7x_4[.] 
[MCU4_0]     19.297542 s: IPC: Echo status: mpu1_0[x] mcu2_0[x] mcu2_1[x] mcu3_0[.] mcu3_1[.] mcu4_0[s] mcu4_1[x] c7x_1[P] c7x_2[P] c7x_3[.] c7x_4[.] 
[MCU4_0]     19.297660 s: IPC: Echo status: mpu1_0[x] mcu2_0[x] mcu2_1[x] mcu3_0[.] mcu3_1[.] mcu4_0[s] mcu4_1[x] c7x_1[P] c7x_2[P] c7x_3[.] c7x_4[P] 
[MCU4_0]     19.297763 s: IPC: Echo status: mpu1_0[x] mcu2_0[x] mcu2_1[x] mcu3_0[.] mcu3_1[.] mcu4_0[s] mcu4_1[x] c7x_1[P] c7x_2[P] c7x_3[P] c7x_4[P] 
[MCU4_0]     19.298245 s: IPC: Echo status: mpu1_0[x] mcu2_0[x] mcu2_1[x] mcu3_0[P] mcu3_1[.] mcu4_0[s] mcu4_1[x] c7x_1[P] c7x_2[P] c7x_3[P] c7x_4[P] 
[MCU4_0]     19.298515 s: IPC: Echo status: mpu1_0[x] mcu2_0[x] mcu2_1[x] mcu3_0[P] mcu3_1[P] mcu4_0[s] mcu4_1[.] c7x_1[P] c7x_2[P] c7x_3[P] c7x_4[P] 
[MCU4_0]     19.298787 s: IPC: Echo status: mpu1_0[x] mcu2_0[x] mcu2_1[x] mcu3_0[P] mcu3_1[P] mcu4_0[s] mcu4_1[P] c7x_1[P] c7x_2[P] c7x_3[P] c7x_4[P] 
[MCU4_0]     19.347796 s: IPC: Echo status: mpu1_0[x] mcu2_0[x] mcu2_1[P] mcu3_0[P] mcu3_1[P] mcu4_0[s] mcu4_1[P] c7x_1[P] c7x_2[P] c7x_3[P] c7x_4[P] 
[MCU4_0]     19.373894 s: IPC: Echo status: mpu1_0[x] mcu2_0[P] mcu2_1[P] mcu3_0[P] mcu3_1[P] mcu4_0[s] mcu4_1[P] c7x_1[P] c7x_2[P] c7x_3[P] c7x_4[P] 
[MCU4_1]      4.410238 s: CIO: Init ... Done !!!
[MCU4_1]      4.410293 s: ### CPU Frequency = 1000000000 Hz
[MCU4_1]      4.410324 s: APP: Init ... !!!
[MCU4_1]      4.410344 s: SCICLIENT: Init ... !!!
[MCU4_1]      4.410482 s: SCICLIENT: DMSC FW version [8.4.2--j7ahp-presil-0.9 (Jolly ]
[MCU4_1]      4.410515 s: SCICLIENT: DMSC FW revision 0x8  
[MCU4_1]      4.410542 s: SCICLIENT: DMSC FW ABI revision 3.1
[MCU4_1]      4.410572 s: SCICLIENT: Init ... Done !!!
[MCU4_1]      4.410596 s: MEM: Init ... !!!
[MCU4_1]      4.410627 s: MEM: Created heap (DDR_LOCAL_MEM, id=0, flags=0x00000004) @ e5800000 of size 8388608 bytes !!!
[MCU4_1]      4.410682 s: MEM: Init ... Done !!!
[MCU4_1]      4.410704 s: IPC: Init ... !!!
[MCU4_1]      4.410747 s: IPC: 11 CPUs participating in IPC !!!
[MCU4_1]      4.410785 s: IPC: Waiting for HLOS to be ready ... !!!
[MCU4_1]     19.266321 s: IPC: HLOS is ready !!!
[MCU4_1]     19.288611 s: IPC: Init ... Done !!!
[MCU4_1]     19.288657 s: APP: Syncing with 10 CPUs ... !!!
[MCU4_1]     19.288696 s: APP: Syncing with 10 CPUs ... Done !!!
[MCU4_1]     19.288727 s: REMOTE_SERVICE: Init ... !!!
[MCU4_1]     19.290540 s: REMOTE_SERVICE: Init ... Done !!!
[MCU4_1]     19.290605 s:  VX_ZONE_INIT:Enabled
[MCU4_1]     19.290630 s:  VX_ZONE_ERROR:Enabled
[MCU4_1]     19.290655 s:  VX_ZONE_WARNING:Enabled
[MCU4_1]     19.291603 s:  VX_ZONE_INIT:[tivxPlatformCreateTargetId:64] Added target MCU4-1 
[MCU4_1]     19.291649 s:  VX_ZONE_INIT:[tivxInitLocal:130] Initialization Done !!!
[MCU4_1]     19.291681 s: APP: OpenVX Target kernel init ... !!!
[MCU4_1]     19.291707 s: APP: OpenVX Target kernel init ... Done !!!
[MCU4_1]     19.291735 s: APP: Init ... Done !!!
[MCU4_1]     19.291759 s: APP: Run ... !!!
[MCU4_1]     19.291780 s: IPC: Starting echo test ...
[MCU4_1]     19.296438 s: APP: Run ... Done !!!
[MCU4_1]     19.297339 s: IPC: Echo status: mpu1_0[x] mcu2_0[x] mcu2_1[x] mcu3_0[.] mcu3_1[.] mcu4_0[x] mcu4_1[s] c7x_1[P] c7x_2[.] c7x_3[.] c7x_4[.] 
[MCU4_1]     19.297456 s: IPC: Echo status: mpu1_0[x] mcu2_0[x] mcu2_1[x] mcu3_0[.] mcu3_1[.] mcu4_0[x] mcu4_1[s] c7x_1[P] c7x_2[P] c7x_3[.] c7x_4[.] 
[MCU4_1]     19.297598 s: IPC: Echo status: mpu1_0[x] mcu2_0[x] mcu2_1[x] mcu3_0[.] mcu3_1[.] mcu4_0[x] mcu4_1[s] c7x_1[P] c7x_2[P] c7x_3[P] c7x_4[.] 
[MCU4_1]     19.297705 s: IPC: Echo status: mpu1_0[x] mcu2_0[x] mcu2_1[x] mcu3_0[.] mcu3_1[.] mcu4_0[x] mcu4_1[s] c7x_1[P] c7x_2[P] c7x_3[P] c7x_4[P] 
[MCU4_1]     19.298205 s: IPC: Echo status: mpu1_0[x] mcu2_0[x] mcu2_1[x] mcu3_0[P] mcu3_1[.] mcu4_0[.] mcu4_1[s] c7x_1[P] c7x_2[P] c7x_3[P] c7x_4[P] 
[MCU4_1]     19.298521 s: IPC: Echo status: mpu1_0[x] mcu2_0[x] mcu2_1[x] mcu3_0[P] mcu3_1[P] mcu4_0[.] mcu4_1[s] c7x_1[P] c7x_2[P] c7x_3[P] c7x_4[P] 
[MCU4_1]     19.298630 s: IPC: Echo status: mpu1_0[x] mcu2_0[x] mcu2_1[x] mcu3_0[P] mcu3_1[P] mcu4_0[P] mcu4_1[s] c7x_1[P] c7x_2[P] c7x_3[P] c7x_4[P] 
[MCU4_1]     19.347812 s: IPC: Echo status: mpu1_0[x] mcu2_0[x] mcu2_1[P] mcu3_0[P] mcu3_1[P] mcu4_0[P] mcu4_1[s] c7x_1[P] c7x_2[P] c7x_3[P] c7x_4[P] 
[MCU4_1]     19.373927 s: IPC: Echo status: mpu1_0[x] mcu2_0[P] mcu2_1[P] mcu3_0[P] mcu3_1[P] mcu4_0[P] mcu4_1[s] c7x_1[P] c7x_2[P] c7x_3[P] c7x_4[P] 
[C7x_1 ]      4.537135 s: CIO: Init ... Done !!!
[C7x_1 ]      4.537149 s: ### CPU Frequency = 1000000000 Hz
[C7x_1 ]      4.537160 s: APP: Init ... !!!
[C7x_1 ]      4.537167 s: SCICLIENT: Init ... !!!
[C7x_1 ]      4.537295 s: SCICLIENT: DMSC FW version [8.4.2--j7ahp-presil-0.9 (Jolly ]
[C7x_1 ]      4.537308 s: SCICLIENT: DMSC FW revision 0x8  
[C7x_1 ]      4.537319 s: SCICLIENT: DMSC FW ABI revision 3.1
[C7x_1 ]      4.537330 s: SCICLIENT: Init ... Done !!!
[C7x_1 ]      4.537339 s: UDMA: Init ... !!!
[C7x_1 ]      4.538263 s: UDMA: Init ... Done !!!
[C7x_1 ]      4.538275 s: MEM: Init ... !!!
[C7x_1 ]      4.538286 s: MEM: Created heap (DDR_LOCAL_MEM, id=0, flags=0x00000004) @ e6000000 of size 134217728 bytes !!!
[C7x_1 ]      4.538306 s: MEM: Created heap (L3_MEM, id=1, flags=0x00000001) @ 68000000 of size 3145728 bytes !!!
[C7x_1 ]      4.538324 s: MEM: Created heap (L2_MEM, id=2, flags=0x00000001) @ 64800000 of size 458752 bytes !!!
[C7x_1 ]      4.538341 s: MEM: Created heap (L1_MEM, id=3, flags=0x00000001) @ 64e00000 of size 16384 bytes !!!
[C7x_1 ]      4.538359 s: MEM: Created heap (DDR_SCRATCH_MEM, id=4, flags=0x00000001) @ ee000000 of size 134217728 bytes !!!
[C7x_1 ]      4.538377 s: MEM: Init ... Done !!!
[C7x_1 ]      4.538386 s: IPC: Init ... !!!
[C7x_1 ]      4.538401 s: IPC: 11 CPUs participating in IPC !!!
[C7x_1 ]      4.538416 s: IPC: Waiting for HLOS to be ready ... !!!
[C7x_1 ]     18.340903 s: IPC: HLOS is ready !!!
[C7x_1 ]     18.345667 s: IPC: Init ... Done !!!
[C7x_1 ]     18.345685 s: APP: Syncing with 10 CPUs ... !!!
[C7x_1 ]     19.288698 s: APP: Syncing with 10 CPUs ... Done !!!
[C7x_1 ]     19.288716 s: REMOTE_SERVICE: Init ... !!!
[C7x_1 ]     19.288958 s: REMOTE_SERVICE: Init ... Done !!!
[C7x_1 ]     19.288986 s:  VX_ZONE_INIT:Enabled
[C7x_1 ]     19.288999 s:  VX_ZONE_ERROR:Enabled
[C7x_1 ]     19.289009 s:  VX_ZONE_WARNING:Enabled
[C7x_1 ]     19.289446 s:  VX_ZONE_INIT:[tivxPlatformCreateTargetId:59] Added target DSP_C7-1 
[C7x_1 ]     19.289559 s:  VX_ZONE_INIT:[tivxPlatformCreateTargetId:59] Added target DSP_C7-1_PRI_2 
[C7x_1 ]     19.289636 s:  VX_ZONE_INIT:[tivxPlatformCreateTargetId:59] Added target DSP_C7-1_PRI_3 
[C7x_1 ]     19.289705 s:  VX_ZONE_INIT:[tivxPlatformCreateTargetId:59] Added target DSP_C7-1_PRI_4 
[C7x_1 ]     19.289779 s:  VX_ZONE_INIT:[tivxPlatformCreateTargetId:59] Added target DSP_C7-1_PRI_5 
[C7x_1 ]     19.289853 s:  VX_ZONE_INIT:[tivxPlatformCreateTargetId:59] Added target DSP_C7-1_PRI_6 
[C7x_1 ]     19.289925 s:  VX_ZONE_INIT:[tivxPlatformCreateTargetId:59] Added target DSP_C7-1_PRI_7 
[C7x_1 ]     19.289998 s:  VX_ZONE_INIT:[tivxPlatformCreateTargetId:59] Added target DSP_C7-1_PRI_8 
[C7x_1 ]     19.290036 s:  VX_ZONE_INIT:[tivxInitLocal:130] Initialization Done !!!
[C7x_1 ]     19.290050 s: APP: OpenVX Target kernel init ... !!!
[C7x_1 ]     19.290360 s: APP: OpenVX Target kernel init ... Done !!!
[C7x_1 ]     19.290374 s: APP: Init ... Done !!!
[C7x_1 ]     19.290385 s: APP: Run ... !!!
[C7x_1 ]     19.290395 s: IPC: Starting echo test ...
[C7x_1 ]     19.290657 s: APP: Run ... Done !!!
[C7x_1 ]     19.292375 s: IPC: Echo status: mpu1_0[x] mcu2_0[x] mcu2_1[x] mcu3_0[x] mcu3_1[x] mcu4_0[x] mcu4_1[x] c7x_1[s] c7x_2[x] c7x_3[.] c7x_4[P] 
[C7x_1 ]     19.292533 s: IPC: Echo status: mpu1_0[x] mcu2_0[x] mcu2_1[x] mcu3_0[x] mcu3_1[x] mcu4_0[x] mcu4_1[x] c7x_1[s] c7x_2[x] c7x_3[P] c7x_4[P] 
[C7x_1 ]     19.293178 s: IPC: Echo status: mpu1_0[x] mcu2_0[x] mcu2_1[x] mcu3_0[x] mcu3_1[x] mcu4_0[x] mcu4_1[x] c7x_1[s] c7x_2[P] c7x_3[P] c7x_4[P] 
[C7x_1 ]     19.296933 s: IPC: Echo status: mpu1_0[x] mcu2_0[x] mcu2_1[x] mcu3_0[P] mcu3_1[x] mcu4_0[x] mcu4_1[x] c7x_1[s] c7x_2[P] c7x_3[P] c7x_4[P] 
[C7x_1 ]     19.297577 s: IPC: Echo status: mpu1_0[x] mcu2_0[x] mcu2_1[x] mcu3_0[P] mcu3_1[P] mcu4_0[.] mcu4_1[x] c7x_1[s] c7x_2[P] c7x_3[P] c7x_4[P] 
[C7x_1 ]     19.298099 s: IPC: Echo status: mpu1_0[x] mcu2_0[x] mcu2_1[x] mcu3_0[P] mcu3_1[P] mcu4_0[P] mcu4_1[.] c7x_1[s] c7x_2[P] c7x_3[P] c7x_4[P] 
[C7x_1 ]     19.298153 s: IPC: Echo status: mpu1_0[x] mcu2_0[x] mcu2_1[x] mcu3_0[P] mcu3_1[P] mcu4_0[P] mcu4_1[P] c7x_1[s] c7x_2[P] c7x_3[P] c7x_4[P] 
[C7x_1 ]     19.347800 s: IPC: Echo status: mpu1_0[x] mcu2_0[x] mcu2_1[P] mcu3_0[P] mcu3_1[P] mcu4_0[P] mcu4_1[P] c7x_1[s] c7x_2[P] c7x_3[P] c7x_4[P] 
[C7x_1 ]     19.373915 s: IPC: Echo status: mpu1_0[x] mcu2_0[P] mcu2_1[P] mcu3_0[P] mcu3_1[P] mcu4_0[P] mcu4_1[P] c7x_1[s] c7x_2[P] c7x_3[P] c7x_4[P] 
[C7x_2 ]      4.707876 s: CIO: Init ... Done !!!
[C7x_2 ]      4.707891 s: ### CPU Frequency = 1000000000 Hz
[C7x_2 ]      4.707903 s: APP: Init ... !!!
[C7x_2 ]      4.707911 s: SCICLIENT: Init ... !!!
[C7x_2 ]      4.708037 s: SCICLIENT: DMSC FW version [8.4.2--j7ahp-presil-0.9 (Jolly ]
[C7x_2 ]      4.708051 s: SCICLIENT: DMSC FW revision 0x8  
[C7x_2 ]      4.708061 s: SCICLIENT: DMSC FW ABI revision 3.1
[C7x_2 ]      4.708071 s: SCICLIENT: Init ... Done !!!
[C7x_2 ]      4.708081 s: UDMA: Init ... !!!
[C7x_2 ]      4.709021 s: UDMA: Init ... Done !!!
[C7x_2 ]      4.709034 s: MEM: Init ... !!!
[C7x_2 ]      4.709045 s: MEM: Created heap (DDR_LOCAL_MEM, id=0, flags=0x00000004) @ 100000000 of size 134217728 bytes !!!
[C7x_2 ]      4.709066 s: MEM: Created heap (L3_MEM, id=1, flags=0x00000001) @ af4fd000 of size 3145728 bytes !!!

[C7x_2 ]      4.709084 s: MEM: Created heap (L2_MEM, id=2, flags=0x00000001) @ 65800000 of size 458752 bytes !!!
[C7x_2 ]      4.709101 s: MEM: Created heap (L1_MEM, id=3, flags=0x00000001) @ 65e00000 of size 16384 bytes !!!
[C7x_2 ]      4.709119 s: MEM: Created heap (DDR_SCRATCH_MEM, id=4, flags=0x00000001) @ 108000000 of size 134217728 bytes !!!
[C7x_2 ]      4.709138 s: MEM: Init ... Done !!!
[C7x_2 ]      4.709146 s: IPC: Init ... !!!
[C7x_2 ]      4.709159 s: IPC: 11 CPUs participating in IPC !!!
[C7x_2 ]      4.709174 s: IPC: Waiting for HLOS to be ready ... !!!
[C7x_2 ]     18.495479 s: IPC: HLOS is ready !!!
[C7x_2 ]     18.500133 s: IPC: Init ... Done !!!
[C7x_2 ]     18.500151 s: APP: Syncing with 10 CPUs ... !!!
[C7x_2 ]     19.288699 s: APP: Syncing with 10 CPUs ... Done !!!
[C7x_2 ]     19.288717 s: REMOTE_SERVICE: Init ... !!!
[C7x_2 ]     19.288955 s: REMOTE_SERVICE: Init ... Done !!!
[C7x_2 ]     19.288984 s:  VX_ZONE_INIT:Enabled
[C7x_2 ]     19.288996 s:  VX_ZONE_ERROR:Enabled
[C7x_2 ]     19.289007 s:  VX_ZONE_WARNING:Enabled
[C7x_2 ]     19.289838 s:  VX_ZONE_INIT:[tivxPlatformCreateTargetId:59] Added target DSP_C7-2 
[C7x_2 ]     19.289926 s:  VX_ZONE_INIT:[tivxPlatformCreateTargetId:59] Added target DSP_C7-2_PRI_2 
[C7x_2 ]     19.290014 s:  VX_ZONE_INIT:[tivxPlatformCreateTargetId:59] Added target DSP_C7-2_PRI_3 
[C7x_2 ]     19.290093 s:  VX_ZONE_INIT:[tivxPlatformCreateTargetId:59] Added target DSP_C7-2_PRI_4 
[C7x_2 ]     19.290170 s:  VX_ZONE_INIT:[tivxPlatformCreateTargetId:59] Added target DSP_C7-2_PRI_5 
[C7x_2 ]     19.290242 s:  VX_ZONE_INIT:[tivxPlatformCreateTargetId:59] Added target DSP_C7-2_PRI_6 
[C7x_2 ]     19.290313 s:  VX_ZONE_INIT:[tivxPlatformCreateTargetId:59] Added target DSP_C7-2_PRI_7 
[C7x_2 ]     19.290390 s:  VX_ZONE_INIT:[tivxPlatformCreateTargetId:59] Added target DSP_C7-2_PRI_8 
[C7x_2 ]     19.290416 s:  VX_ZONE_INIT:[tivxInitLocal:130] Initialization Done !!!
[C7x_2 ]     19.290430 s: APP: OpenVX Target kernel init ... !!!
[C7x_2 ]     19.290905 s: APP: OpenVX Target kernel init ... Done !!!
[C7x_2 ]     19.290923 s: UDMA Copy: Init ... !!!
[C7x_2 ]     19.292428 s: UDMA Copy: Init ... Done !!!
[C7x_2 ]     19.292447 s: APP: Init ... Done !!!
[C7x_2 ]     19.292458 s: APP: Run ... !!!
[C7x_2 ]     19.292467 s: IPC: Starting echo test ...
[C7x_2 ]     19.292724 s: APP: Run ... Done !!!
[C7x_2 ]     19.293296 s: IPC: Echo status: mpu1_0[x] mcu2_0[x] mcu2_1[x] mcu3_0[x] mcu3_1[x] mcu4_0[x] mcu4_1[x] c7x_1[P] c7x_2[s] c7x_3[.] c7x_4[.] 
[C7x_2 ]     19.293349 s: IPC: Echo status: mpu1_0[x] mcu2_0[x] mcu2_1[x] mcu3_0[x] mcu3_1[x] mcu4_0[x] mcu4_1[x] c7x_1[P] c7x_2[s] c7x_3[P] c7x_4[.] 
[C7x_2 ]     19.293393 s: IPC: Echo status: mpu1_0[x] mcu2_0[x] mcu2_1[x] mcu3_0[x] mcu3_1[x] mcu4_0[x] mcu4_1[x] c7x_1[P] c7x_2[s] c7x_3[P] c7x_4[P] 
[C7x_2 ]     19.296947 s: IPC: Echo status: mpu1_0[x] mcu2_0[x] mcu2_1[x] mcu3_0[P] mcu3_1[x] mcu4_0[x] mcu4_1[x] c7x_1[P] c7x_2[s] c7x_3[P] c7x_4[P] 
[C7x_2 ]     19.297535 s: IPC: Echo status: mpu1_0[x] mcu2_0[x] mcu2_1[x] mcu3_0[P] mcu3_1[P] mcu4_0[.] mcu4_1[x] c7x_1[P] c7x_2[s] c7x_3[P] c7x_4[P] 
[C7x_2 ]     19.298104 s: IPC: Echo status: mpu1_0[x] mcu2_0[x] mcu2_1[x] mcu3_0[P] mcu3_1[P] mcu4_0[P] mcu4_1[.] c7x_1[P] c7x_2[s] c7x_3[P] c7x_4[P] 
[C7x_2 ]     19.298156 s: IPC: Echo status: mpu1_0[x] mcu2_0[x] mcu2_1[x] mcu3_0[P] mcu3_1[P] mcu4_0[P] mcu4_1[P] c7x_1[P] c7x_2[s] c7x_3[P] c7x_4[P] 
[C7x_2 ]     19.347808 s: IPC: Echo status: mpu1_0[x] mcu2_0[x] mcu2_1[P] mcu3_0[P] mcu3_1[P] mcu4_0[P] mcu4_1[P] c7x_1[P] c7x_2[s] c7x_3[P] c7x_4[P] 
[C7x_2 ]     19.373943 s: IPC: Echo status: mpu1_0[x] mcu2_0[P] mcu2_1[P] mcu3_0[P] mcu3_1[P] mcu4_0[P] mcu4_1[P] c7x_1[P] c7x_2[s] c7x_3[P] c7x_4[P] 
[C7x_3 ]      4.868146 s: CIO: Init ... Done !!!
[C7x_3 ]      4.868161 s: ### CPU Frequency = 1000000000 Hz
[C7x_3 ]      4.868172 s: APP: Init ... !!!
[C7x_3 ]      4.868180 s: SCICLIENT: Init ... !!!
[C7x_3 ]      4.868309 s: SCICLIENT: DMSC FW version [8.4.2--j7ahp-presil-0.9 (Jolly ]
[C7x_3 ]      4.868323 s: SCICLIENT: DMSC FW revision 0x8  
[C7x_3 ]      4.868333 s: SCICLIENT: DMSC FW ABI revision 3.1
[C7x_3 ]      4.868344 s: SCICLIENT: Init ... Done !!!
[C7x_3 ]      4.868353 s: UDMA: Init ... !!!
[C7x_3 ]      4.869309 s: UDMA: Init ... Done !!!
[C7x_3 ]      4.869322 s: MEM: Init ... !!!
[C7x_3 ]      4.869333 s: MEM: Created heap (DDR_LOCAL_MEM, id=0, flags=0x00000004) @ 110000000 of size 134217728 bytes !!!
[C7x_3 ]      4.869354 s: MEM: Created heap (L3_MEM, id=1, flags=0x00000001) @ b28fd000 of size 3145728 bytes !!!
[C7x_3 ]      4.869371 s: MEM: Created heap (L2_MEM, id=2, flags=0x00000001) @ 66800000 of size 458752 bytes !!!
[C7x_3 ]      4.869389 s: MEM: Created heap (L1_MEM, id=3, flags=0x00000001) @ 66e00000 of size 16384 bytes !!!
[C7x_3 ]      4.869406 s: MEM: Created heap (DDR_SCRATCH_MEM, id=4, flags=0x00000001) @ 118000000 of size 134217728 bytes !!!
[C7x_3 ]      4.869425 s: MEM: Init ... Done !!!
[C7x_3 ]      4.869433 s: IPC: Init ... !!!
[C7x_3 ]      4.869446 s: IPC: 11 CPUs participating in IPC !!!
[C7x_3 ]      4.869461 s: IPC: Waiting for HLOS to be ready ... !!!
[C7x_3 ]     18.759037 s: IPC: HLOS is ready !!!
[C7x_3 ]     18.762964 s: IPC: Init ... Done !!!
[C7x_3 ]     18.762981 s: APP: Syncing with 10 CPUs ... !!!
[C7x_3 ]     19.288699 s: APP: Syncing with 10 CPUs ... Done !!!
[C7x_3 ]     19.288717 s: REMOTE_SERVICE: Init ... !!!
[C7x_3 ]     19.288961 s: REMOTE_SERVICE: Init ... Done !!!
[C7x_3 ]     19.288989 s:  VX_ZONE_INIT:Enabled
[C7x_3 ]     19.289002 s:  VX_ZONE_ERROR:Enabled
[C7x_3 ]     19.289013 s:  VX_ZONE_WARNING:Enabled
[C7x_3 ]     19.289457 s:  VX_ZONE_INIT:[tivxPlatformCreateTargetId:59] Added target DSP_C7-3 
[C7x_3 ]     19.289571 s:  VX_ZONE_INIT:[tivxPlatformCreateTargetId:59] Added target DSP_C7-3_PRI_2 
[C7x_3 ]     19.289649 s:  VX_ZONE_INIT:[tivxPlatformCreateTargetId:59] Added target DSP_C7-3_PRI_3 
[C7x_3 ]     19.289725 s:  VX_ZONE_INIT:[tivxPlatformCreateTargetId:59] Added target DSP_C7-3_PRI_4 
[C7x_3 ]     19.289799 s:  VX_ZONE_INIT:[tivxPlatformCreateTargetId:59] Added target DSP_C7-3_PRI_5 
[C7x_3 ]     19.289876 s:  VX_ZONE_INIT:[tivxPlatformCreateTargetId:59] Added target DSP_C7-3_PRI_6 
[C7x_3 ]     19.289956 s:  VX_ZONE_INIT:[tivxPlatformCreateTargetId:59] Added target DSP_C7-3_PRI_7 
[C7x_3 ]     19.290043 s:  VX_ZONE_INIT:[tivxPlatformCreateTargetId:59] Added target DSP_C7-3_PRI_8 
[C7x_3 ]     19.290070 s:  VX_ZONE_INIT:[tivxInitLocal:130] Initialization Done !!!
[C7x_3 ]     19.290082 s: APP: OpenVX Target kernel init ... !!!
[C7x_3 ]     19.290097 s: APP: OpenVX Target kernel init ... Done !!!
[C7x_3 ]     19.290109 s: UDMA Copy: Init ... !!!
[C7x_3 ]     19.291701 s: UDMA Copy: Init ... Done !!!
[C7x_3 ]     19.291720 s: APP: Init ... Done !!!
[C7x_3 ]     19.291731 s: APP: Run ... !!!
[C7x_3 ]     19.291740 s: IPC: Starting echo test ...
[C7x_3 ]     19.292048 s: APP: Run ... Done !!!
